> 
> load "nonsurj7.txt";
Loading "nonsurj7.txt"
> load "allcharsoutput.txt";
Loading "allcharsoutput.txt"
> assert {#curves,#conds,#condgens_prunedchars,#\
vals_prunedchars,#allpossiblesubsetsofchars} eq \
{381};
> assert {#condgens,#vals,#Allpossiblesubsetsofc\
hars} eq {381};
> 
> goodat7inds := [i : i in [1..#conds] | conds[i\
] mod 7 ne 0]; #goodat7inds;
109
> goodat7inds;
[ 1, 2, 3, 5, 7, 8, 9, 11, 12, 14, 16, 17, 18, 20, 21, 22, 23, 27, 28, 29, 32, 34, 36, 40, 42, 47, 49, 50, 51, 53, 55, 56, 61, 63, 65, 66, 68, 72, 73, 77, 79, 80, 81, 84, 85, 91, 93, 95, 96, 98, 108, 110, 112, 114, 118, 124, 130, 131, 133, 136, 139, 143, 146, 149, 150, 159, 161, 166, 170, 172, 173, 176, 178, 188, 190, 192, 198, 201, 203, 205, 211, 212, 213, 216, 224, 229, 235, 237, 247, 249, 254, 265, 268, 275, 284, 286, 300, 302, 304, 308, 322, 342, 347, 348, 354, 355, 358, 376, 378 ]
> 
> 
> AttachSpec("spec");
> L := allpossiblesubsetsofchars;
> {* #L[i] : i in goodat7inds *};
{* 1^^109 *}
> {* {* <#y[1],y[2]> : y in L[i][1] *} : i in go\
odat7inds *};
{*
{* <2, 1>, <4, 0> *}^^109
*}
> 
> 
> ell := 7;
> F<zeta3> := CyclotomicField(3);
> OF := RingOfIntegers(F);
> errorinds := [];
> dat := [];
> for i in goodat7inds do
for>     try
for|try>         charconds := condgens_prunedcha\
rs[i];
for|try>         goodcharpossibilities := [&join\
[ {*x^^block[2] : x in block[1]*} : block in opt\
ion] : option in L[i]];
for|try>         goodcharcondpossibilities := [{\
* ((F!charconds[ii])*OF)^^Multiplicity(x,ii) : i\
i in Set(x) *} : x in goodcharpossibilities];
for|try>         Append(~dat,goodcharcondpossibi\
lities);
for|try>         printf "%o:%o\n", i, &cat[s : s\
 in Split(Sprint(goodcharcondpossibilities),"\n"\
)];
for|try>     catch e;
for|try>         // print e;
for|try>         // break;
for|try>         // print i;
for|try>         Append(~errorinds,i);
for|try>     end try;
for> end for;
1:[{*Principal Ideal of OFGenerator:[60, -120],Principal Ideal of OFGenerator:[-60, -180]*}]
2:[{*Principal Ideal of OFGenerator:[20, -80],Principal Ideal of OFGenerator:[80, -20]*}]
3:[{*Principal Ideal of OFGenerator:[60, -120],Principal Ideal of OFGenerator:[-60, -180]*}]
5:[{*Principal Ideal of OFGenerator:[-360, -540],Principal Ideal of OFGenerator:[-540, -360]*}]
7:[{*Principal Ideal of OFGenerator:[-90, -135],Principal Ideal of OFGenerator:[-135, -90]*}]
8:[{*Principal Ideal of OFGenerator:[-36, -54],Principal Ideal of OFGenerator:[-54, -36]*}]
9:[{*Principal Ideal of OFGenerator:[60, -120],Principal Ideal of OFGenerator:[-60, -180]*}]
11:[{*Principal Ideal of OFGenerator:[-36, -54],Principal Ideal of OFGenerator:[-54, -36]*}]
12:[{*Principal Ideal of OFGenerator:[-360, -540],Principal Ideal of OFGenerator:[-540, -360]*}]
14:[{*Principal Ideal of OFGenerator:[-18, -27],Principal Ideal of OFGenerator:[-27, -18]*}]
16:[{*Principal Ideal of OFGenerator:[-180, -270],Principal Ideal of OFGenerator:[-270, -180]*}]
17:[{*Principal Ideal of OFGenerator:[-36, -54],Principal Ideal of OFGenerator:[-54, -36]*}]
18:[{*Principal Ideal of OFGenerator:[-360, -540],Principal Ideal of OFGenerator:[-540, -360]*}]
20:[{*Principal Ideal of OFGenerator:[-36, -54],Principal Ideal of OFGenerator:[-54, -36]*}]
21:[{*Principal Ideal of OFGenerator:[-360, -540],Principal Ideal of OFGenerator:[-540, -360]*}]
22:[{*Principal Ideal of OFGenerator:[-180, -270],Principal Ideal of OFGenerator:[-270, -180]*}]
23:[{*Principal Ideal of OFGenerator:[20, -80],Principal Ideal of OFGenerator:[80, -20]*}]
27:[{*Principal Ideal of OFGenerator:[60, -120],Principal Ideal of OFGenerator:[-60, -180]*}]
28:[{*Principal Ideal of OFGenerator:[-18, -27],Principal Ideal of OFGenerator:[-27, -18]*}]
29:[{*Principal Ideal of OFGenerator:[-90, -135],Principal Ideal of OFGenerator:[-135, -90]*}]
32:[{*Principal Ideal of OFGenerator:[-18, -27],Principal Ideal of OFGenerator:[-27, -18]*}]
34:[{*Principal Ideal of OFGenerator:[-36, -54],Principal Ideal of OFGenerator:[-54, -36]*}]
36:[{*Principal Ideal of OFGenerator:[20, -80],Principal Ideal of OFGenerator:[80, -20]*}]
40:[{*Principal Ideal of OFGenerator:[-36, -54],Principal Ideal of OFGenerator:[-54, -36]*}]
42:[{*Principal Ideal of OFGenerator:[-360, -540],Principal Ideal of OFGenerator:[-540, -360]*}]
47:[{*Principal Ideal of OFGenerator:[2, -8],Principal Ideal of OFGenerator:[8, -2]*}]
49:[{*Principal Ideal of OFGenerator:[-90, -135],Principal Ideal of OFGenerator:[-135, -90]*}]
50:[{*Principal Ideal of OFGenerator:[-360, -540],Principal Ideal of OFGenerator:[-540, -360]*}]
51:[{*Principal Ideal of OFGenerator:[-18, -27],Principal Ideal of OFGenerator:[-27, -18]*}]
53:[{*Principal Ideal of OFGenerator:[60, -120],Principal Ideal of OFGenerator:[-60, -180]*}]
55:[{*Principal Ideal of OFGenerator:[-36, -54],Principal Ideal of OFGenerator:[-54, -36]*}]
56:[{*Principal Ideal of OFGenerator:[-36, -54],Principal Ideal of OFGenerator:[-54, -36]*}]
61:[{*Principal Ideal of OFGenerator:[-180, -270],Principal Ideal of OFGenerator:[-270, -180]*}]
63:[{*Principal Ideal of OFGenerator:[-360, -540],Principal Ideal of OFGenerator:[-540, -360]*}]
65:[{*Principal Ideal of OFGenerator:[-180, -270],Principal Ideal of OFGenerator:[-270, -180]*}]
66:[{*Principal Ideal of OFGenerator:[60, -120],Principal Ideal of OFGenerator:[-60, -180]*}]
68:[{*Principal Ideal of OFGenerator:[6, -12],Principal Ideal of OFGenerator:[-6, -18]*}]
72:[{*Principal Ideal of OFGenerator:[-180, -270],Principal Ideal of OFGenerator:[-270, -180]*}]
73:[{*Principal Ideal of OFGenerator:[-36, -54],Principal Ideal of OFGenerator:[-54, -36]*}]
77:[{*Principal Ideal of OFGenerator:[-360, -540],Principal Ideal of OFGenerator:[-540, -360]*}]
79:[{*Principal Ideal of OFGenerator:[-180, -270],Principal Ideal of OFGenerator:[-270, -180]*}]
80:[{*Principal Ideal of OFGenerator:[-360, -540],Principal Ideal of OFGenerator:[-540, -360]*}]
81:[{*Principal Ideal of OFGenerator:[3, -6],Principal Ideal of OFGenerator:[-3, -9]*}]
84:[{*Principal Ideal of OFGenerator:[-90, -135],Principal Ideal of OFGenerator:[-135, -90]*}]
85:[{*Principal Ideal of OFGenerator:[15, -30],Principal Ideal of OFGenerator:[-15, -45]*}]
91:[{*Principal Ideal of OFGenerator:[3, -6],Principal Ideal of OFGenerator:[-3, -9]*}]
93:[{*Principal Ideal of OFGenerator:[-90, -135],Principal Ideal of OFGenerator:[-135, -90]*}]
95:[{*Principal Ideal of OFGenerator:[-180, -270],Principal Ideal of OFGenerator:[-270, -180]*}]
96:[{*Principal Ideal of OFGenerator:[-36, -54],Principal Ideal of OFGenerator:[-54, -36]*}]
98:[{*Principal Ideal of OFGenerator:[-180, -270],Principal Ideal of OFGenerator:[-270, -180]*}]
108:[{*Principal Ideal of OFGenerator:[2, -8],Principal Ideal of OFGenerator:[8, -2]*}]
110:[{*Principal Ideal of OFGenerator:[-180, -270],Principal Ideal of OFGenerator:[-270, -180]*}]
112:[{*Principal Ideal of OFGenerator:[-180, -270],Principal Ideal of OFGenerator:[-270, -180]*}]
114:[{*Principal Ideal of OFGenerator:[-360, -540],Principal Ideal of OFGenerator:[-540, -360]*}]
118:[{*Principal Ideal of OFGenerator:[-180, -270],Principal Ideal of OFGenerator:[-270, -180]*}]
124:[{*Principal Ideal of OFGenerator:[-90, -135],Principal Ideal of OFGenerator:[-135, -90]*}]
130:[{*Principal Ideal of OFGenerator:[-18, -27],Principal Ideal of OFGenerator:[-27, -18]*}]
131:[{*Principal Ideal of OFGenerator:[-90, -135],Principal Ideal of OFGenerator:[-135, -90]*}]
133:[{*Principal Ideal of OFGenerator:[3, -6],Principal Ideal of OFGenerator:[-3, -9]*}]
136:[{*Principal Ideal of OFGenerator:[-360, -540],Principal Ideal of OFGenerator:[-540, -360]*}]
139:[{*Principal Ideal of OFGenerator:[-90, -135],Principal Ideal of OFGenerator:[-135, -90]*}]
143:[{*Principal Ideal of OFGenerator:[6, -12],Principal Ideal of OFGenerator:[-6, -18]*}]
146:[{*Principal Ideal of OFGenerator:[-90, -135],Principal Ideal of OFGenerator:[-135, -90]*}]
149:[{*Principal Ideal of OFGenerator:[-180, -270],Principal Ideal of OFGenerator:[-270, -180]*}]
150:[{*Principal Ideal of OFGenerator:[-36, -54],Principal Ideal of OFGenerator:[-54, -36]*}]
159:[{*Principal Ideal of OFGenerator:[-180, -270],Principal Ideal of OFGenerator:[-270, -180]*}]
161:[{*Principal Ideal of OFGenerator:[-180, -270],Principal Ideal of OFGenerator:[-270, -180]*}]
166:[{*Principal Ideal of OFGenerator:[30, -60],Principal Ideal of OFGenerator:[-30, -90]*}]
170:[{*Principal Ideal of OFGenerator:[-360, -540],Principal Ideal of OFGenerator:[-540, -360]*}]
172:[{*Principal Ideal of OFGenerator:[-18, -27],Principal Ideal of OFGenerator:[-27, -18]*}]
173:[{*Principal Ideal of OFGenerator:[30, -60],Principal Ideal of OFGenerator:[-30, -90]*}]
176:[{*Principal Ideal of OFGenerator:[10, -40],Principal Ideal of OFGenerator:[40, -10]*}]
178:[{*Principal Ideal of OFGenerator:[-360, -540],Principal Ideal of OFGenerator:[-540, -360]*}]
188:[{*Principal Ideal of OFGenerator:[-180, -270],Principal Ideal of OFGenerator:[-270, -180]*}]
190:[{*Principal Ideal of OFGenerator:[-180, -270],Principal Ideal of OFGenerator:[-270, -180]*}]
192:[{*Principal Ideal of OFGenerator:[-180, -270],Principal Ideal of OFGenerator:[-270, -180]*}]
198:[{*Principal Ideal of OFGenerator:[5, -20],Principal Ideal of OFGenerator:[20, -5]*}]
201:[{*Principal Ideal of OFGenerator:[6, -12],Principal Ideal of OFGenerator:[-6, -18]*}]
203:[{*Principal Ideal of OFGenerator:[-360, -540],Principal Ideal of OFGenerator:[-540, -360]*}]
205:[{*Principal Ideal of OFGenerator:[-360, -540],Principal Ideal of OFGenerator:[-540, -360]*}]
211:[{*Principal Ideal of OFGenerator:[-180, -270],Principal Ideal of OFGenerator:[-270, -180]*}]
212:[{*Principal Ideal of OFGenerator:[-180, -270],Principal Ideal of OFGenerator:[-270, -180]*}]
213:[{*Principal Ideal of OFGenerator:[-180, -270],Principal Ideal of OFGenerator:[-270, -180]*}]
216:[{*Principal Ideal of OFGenerator:[30, -60],Principal Ideal of OFGenerator:[-30, -90]*}]
224:[{*Principal Ideal of OFGenerator:[-180, -270],Principal Ideal of OFGenerator:[-270, -180]*}]
229:[{*Principal Ideal of OFGenerator:[-180, -270],Principal Ideal of OFGenerator:[-270, -180]*}]
235:[{*Principal Ideal of OFGenerator:[5, -20],Principal Ideal of OFGenerator:[20, -5]*}]
237:[{*Principal Ideal of OFGenerator:[-90, -135],Principal Ideal of OFGenerator:[-135, -90]*}]
247:[{*Principal Ideal of OFGenerator:[-36, -54],Principal Ideal of OFGenerator:[-54, -36]*}]
249:[{*Principal Ideal of OFGenerator:[5, -20],Principal Ideal of OFGenerator:[20, -5]*}]
254:[{*Principal Ideal of OFGenerator:[-90, -135],Principal Ideal of OFGenerator:[-135, -90]*}]
265:[{*Principal Ideal of OFGenerator:[-180, -270],Principal Ideal of OFGenerator:[-270, -180]*}]
268:[{*Principal Ideal of OFGenerator:[-180, -270],Principal Ideal of OFGenerator:[-270, -180]*}]
275:[{*Principal Ideal of OFGenerator:[-90, -135],Principal Ideal of OFGenerator:[-135, -90]*}]
284:[{*Principal Ideal of OFGenerator:[30, -60],Principal Ideal of OFGenerator:[-30, -90]*}]
286:[{*Principal Ideal of OFGenerator:[-360, -540],Principal Ideal of OFGenerator:[-540, -360]*}]
300:[{*Principal Ideal of OFGenerator:[30, -60],Principal Ideal of OFGenerator:[-30, -90]*}]
302:[{*Principal Ideal of OFGenerator:[30, -60],Principal Ideal of OFGenerator:[-30, -90]*}]
304:[{*Principal Ideal of OFGenerator:[15, -30],Principal Ideal of OFGenerator:[-15, -45]*}]
308:[{*Principal Ideal of OFGenerator:[30, -60],Principal Ideal of OFGenerator:[-30, -90]*}]
322:[{*Principal Ideal of OFGenerator:[-90, -135],Principal Ideal of OFGenerator:[-135, -90]*}]
342:[{*Principal Ideal of OFGenerator:[-180, -270],Principal Ideal of OFGenerator:[-270, -180]*}]
347:[{*Principal Ideal of OFGenerator:[-180, -270],Principal Ideal of OFGenerator:[-270, -180]*}]
348:[{*Principal Ideal of OFGenerator:[-180, -270],Principal Ideal of OFGenerator:[-270, -180]*}]
354:[{*Principal Ideal of OFGenerator:[-180, -270],Principal Ideal of OFGenerator:[-270, -180]*}]
355:[{*Principal Ideal of OFGenerator:[-90, -135],Principal Ideal of OFGenerator:[-135, -90]*}]
358:[{*Principal Ideal of OFGenerator:[-360, -540],Principal Ideal of OFGenerator:[-540, -360]*}]
376:[{*Principal Ideal of OFGenerator:[15, -30],Principal Ideal of OFGenerator:[-15, -45]*}]
378:[{*Principal Ideal of OFGenerator:[-180, -270],Principal Ideal of OFGenerator:[-270, -180]*}]
> assert #errorinds eq 0;
> 
> {*{*#y : y in x*} : x in dat*};
{*
{* 2 *}^^109
*}
> 
> AutF, auts, tau := AutomorphismGroup(F);
> assert Order(AutF.1) eq 2; sigma := tau(AutF.1\
);
> condpairs_decomp := [];
> for i := 1 to #dat do
for>     condpair_decomp := [];
for>     for j := 1 to #dat[i] do
for|for>         condpair := Setseq(Set(dat[i][j\
]));
for|for>         assert #condpair eq 2;
for|for>         assert sigma(condpair[1]) eq co\
ndpair[2];
for|for>         g := &+(condpair);
for|for>         condpair_rempart := [x/g : x in\
 condpair];
for|for>         assert &and[nxg eq ell^Valuatio\
n(nxg,ell) where nxg is Norm(xibyg) : xibyg in c\
ondpair_rempart]; // remaining part is ell part
for|for>         x1byg, x2byg := Explode(condpai\
r_rempart);
for|for>         Append(~condpair_decomp,<g,x1by\
g,x2byg>);
for|for>     end for;
for>     Append(~condpairs_decomp,condpair_decom\
p);
for> end for;
> #condpairs_decomp;
109
> 
> ZZ := Integers();
> combinedcondofcharpairs := [[y[1]^2 : y in x] \
: x in condpairs_decomp]; // must remove the ell\
-part
> assert &and[&and[y eq Minimum(y)*OF : y in x] \
: x in combinedcondofcharpairs];
> combinedcondofcharpairs := [[ZZ!Minimum(y) : y\
 in x] : x in combinedcondofcharpairs];
> notreduciblecurves := [];
> Sengunbound := [];
> allextrafactors := [];
> for i := 1 to #dat do
for>     ii := goodat7inds[i];
for>     temp1 := [];
for>     temp2 := [];
for>     for x in combinedcondofcharpairs[i] do
for|for>         if conds[ii] mod x ne 0 then co\
ntinue x; end if;
for|for>         condquotient := ZZ!(conds[ii]/x\
);
for|for>         extrafac, sqfac := Squarefree(c\
ondquotient);
for|for>         assert extrafac*sqfac^2 eq cond\
quotient;
for|for>         Append(~temp1,sqfac*ell);
for|for>         Append(~temp2,extrafac);
for|for>     end for;
for>     if #temp1 eq 0 then Append(~notreducibl\
ecurves,i); continue; end if;
for>     Append(~Sengunbound,<ii,temp1,temp2>);
for> end for;
> #notreduciblecurves;
0
> 
> smallestlevel := Minimum([Minimum(x[2]) : x in\
 Sengunbound]);
> 
> Factorisation(smallestlevel);
[ <2, 4>, <3, 2>, <7, 1> ]
> 
> Sengunbound := Sort(Sengunbound, func<x,y|x[2]\
[1]-y[2][1]>);
> Sengunbound;
[
<2, [ 1008 ], [ 3 ]>,
<85, [ 2835 ], [ 3 ]>,
<1, [ 3024 ], [ 3 ]>,
<3, [ 3024 ], [ 3 ]>,
<7, [ 8505 ], [ 3 ]>,
<29, [ 8505 ], [ 3 ]>,
<284, [ 11340 ], [ 3 ]>,
<176, [ 11340 ], [ 3 ]>,
<304, [ 14175 ], [ 3 ]>,
<23, [ 25200 ], [ 3 ]>,
<36, [ 25200 ], [ 3 ]>,
<21, [ 27216 ], [ 3 ]>,
<12, [ 27216 ], [ 3 ]>,
<5, [ 27216 ], [ 3 ]>,
<50, [ 27216 ], [ 3 ]>,
<18, [ 27216 ], [ 3 ]>,
<63, [ 27216 ], [ 3 ]>,
<16, [ 34020 ], [ 3 ]>,
<112, [ 34020 ], [ 3 ]>,
<22, [ 34020 ], [ 3 ]>,
<61, [ 34020 ], [ 3 ]>,
<143, [ 36288 ], [ 3 ]>,
<11, [ 36288 ], [ 3 ]>,
<20, [ 36288 ], [ 3 ]>,
<81, [ 36288 ], [ 3 ]>,
<32, [ 36288 ], [ 3 ]>,
<49, [ 42525 ], [ 3 ]>,
<275, [ 42525 ], [ 3 ]>,
<131, [ 42525 ], [ 3 ]>,
<27, [ 75600 ], [ 3 ]>,
<66, [ 75600 ], [ 3 ]>,
<9, [ 75600 ], [ 3 ]>,
<53, [ 75600 ], [ 3 ]>,
<28, [ 108864 ], [ 3 ]>,
<34, [ 108864 ], [ 3 ]>,
<17, [ 108864 ], [ 3 ]>,
<14, [ 108864 ], [ 3 ]>,
<47, [ 108864 ], [ 3 ]>,
<55, [ 108864 ], [ 3 ]>,
<68, [ 108864 ], [ 3 ]>,
<56, [ 108864 ], [ 3 ]>,
<73, [ 108864 ], [ 3 ]>,
<8, [ 108864 ], [ 3 ]>,
<91, [ 108864 ], [ 3 ]>,
<130, [ 108864 ], [ 3 ]>,
<347, [ 170100 ], [ 3 ]>,
<342, [ 170100 ], [ 3 ]>,
<265, [ 170100 ], [ 3 ]>,
<95, [ 170100 ], [ 3 ]>,
<213, [ 170100 ], [ 3 ]>,
<72, [ 226800 ], [ 3 ]>,
<51, [ 226800 ], [ 3 ]>,
<188, [ 226800 ], [ 3 ]>,
<40, [ 226800 ], [ 3 ]>,
<237, [ 226800 ], [ 3 ]>,
<93, [ 226800 ], [ 3 ]>,
<96, [ 226800 ], [ 3 ]>,
<354, [ 226800 ], [ 3 ]>,
<159, [ 226800 ], [ 3 ]>,
<114, [ 680400 ], [ 3 ]>,
<150, [ 680400 ], [ 3 ]>,
<308, [ 680400 ], [ 3 ]>,
<42, [ 680400 ], [ 3 ]>,
<108, [ 680400 ], [ 3 ]>,
<201, [ 680400 ], [ 3 ]>,
<205, [ 680400 ], [ 3 ]>,
<80, [ 680400 ], [ 3 ]>,
<166, [ 680400 ], [ 3 ]>,
<170, [ 680400 ], [ 3 ]>,
<172, [ 680400 ], [ 3 ]>,
<247, [ 680400 ], [ 3 ]>,
<133, [ 680400 ], [ 3 ]>,
<136, [ 680400 ], [ 3 ]>,
<212, [ 680400 ], [ 3 ]>,
<300, [ 680400 ], [ 3 ]>,
<322, [ 680400 ], [ 3 ]>,
<198, [ 680400 ], [ 3 ]>,
<178, [ 680400 ], [ 3 ]>,
<286, [ 680400 ], [ 3 ]>,
<77, [ 680400 ], [ 3 ]>,
<358, [ 680400 ], [ 3 ]>,
<376, [ 680400 ], [ 3 ]>,
<378, [ 680400 ], [ 3 ]>,
<203, [ 680400 ], [ 3 ]>,
<139, [ 907200 ], [ 3 ]>,
<110, [ 907200 ], [ 3 ]>,
<79, [ 907200 ], [ 3 ]>,
<268, [ 907200 ], [ 3 ]>,
<302, [ 907200 ], [ 3 ]>,
<235, [ 907200 ], [ 3 ]>,
<355, [ 907200 ], [ 3 ]>,
<229, [ 907200 ], [ 3 ]>,
<149, [ 2721600 ], [ 3 ]>,
<98, [ 2721600 ], [ 3 ]>,
<118, [ 2721600 ], [ 3 ]>,
<173, [ 2721600 ], [ 3 ]>,
<146, [ 2721600 ], [ 3 ]>,
<224, [ 2721600 ], [ 3 ]>,
<254, [ 2721600 ], [ 3 ]>,
<65, [ 2721600 ], [ 3 ]>,
<216, [ 2721600 ], [ 3 ]>,
<192, [ 2721600 ], [ 3 ]>,
<249, [ 2721600 ], [ 3 ]>,
<348, [ 2721600 ], [ 3 ]>,
<190, [ 2721600 ], [ 3 ]>,
<161, [ 2721600 ], [ 3 ]>,
<211, [ 2721600 ], [ 3 ]>,
<124, [ 2721600 ], [ 3 ]>,
<84, [ 2721600 ], [ 3 ]>
]
> 
> [[Factorisation(y) : y in x[2]] : x in Sengunb\
ound];
[
[
[ <2, 4>, <3, 2>, <7, 1> ]
],
[
[ <3, 4>, <5, 1>, <7, 1> ]
],
[
[ <2, 4>, <3, 3>, <7, 1> ]
],
[
[ <2, 4>, <3, 3>, <7, 1> ]
],
[
[ <3, 5>, <5, 1>, <7, 1> ]
],
[
[ <3, 5>, <5, 1>, <7, 1> ]
],
[
[ <2, 2>, <3, 4>, <5, 1>, <7, 1> ]
],
[
[ <2, 2>, <3, 4>, <5, 1>, <7, 1> ]
],
[
[ <3, 4>, <5, 2>, <7, 1> ]
],
[
[ <2, 4>, <3, 2>, <5, 2>, <7, 1> ]
],
[
[ <2, 4>, <3, 2>, <5, 2>, <7, 1> ]
],
[
[ <2, 4>, <3, 5>, <7, 1> ]
],
[
[ <2, 4>, <3, 5>, <7, 1> ]
],
[
[ <2, 4>, <3, 5>, <7, 1> ]
],
[
[ <2, 4>, <3, 5>, <7, 1> ]
],
[
[ <2, 4>, <3, 5>, <7, 1> ]
],
[
[ <2, 4>, <3, 5>, <7, 1> ]
],
[
[ <2, 2>, <3, 5>, <5, 1>, <7, 1> ]
],
[
[ <2, 2>, <3, 5>, <5, 1>, <7, 1> ]
],
[
[ <2, 2>, <3, 5>, <5, 1>, <7, 1> ]
],
[
[ <2, 2>, <3, 5>, <5, 1>, <7, 1> ]
],
[
[ <2, 6>, <3, 4>, <7, 1> ]
],
[
[ <2, 6>, <3, 4>, <7, 1> ]
],
[
[ <2, 6>, <3, 4>, <7, 1> ]
],
[
[ <2, 6>, <3, 4>, <7, 1> ]
],
[
[ <2, 6>, <3, 4>, <7, 1> ]
],
[
[ <3, 5>, <5, 2>, <7, 1> ]
],
[
[ <3, 5>, <5, 2>, <7, 1> ]
],
[
[ <3, 5>, <5, 2>, <7, 1> ]
],
[
[ <2, 4>, <3, 3>, <5, 2>, <7, 1> ]
],
[
[ <2, 4>, <3, 3>, <5, 2>, <7, 1> ]
],
[
[ <2, 4>, <3, 3>, <5, 2>, <7, 1> ]
],
[
[ <2, 4>, <3, 3>, <5, 2>, <7, 1> ]
],
[
[ <2, 6>, <3, 5>, <7, 1> ]
],
[
[ <2, 6>, <3, 5>, <7, 1> ]
],
[
[ <2, 6>, <3, 5>, <7, 1> ]
],
[
[ <2, 6>, <3, 5>, <7, 1> ]
],
[
[ <2, 6>, <3, 5>, <7, 1> ]
],
[
[ <2, 6>, <3, 5>, <7, 1> ]
],
[
[ <2, 6>, <3, 5>, <7, 1> ]
],
[
[ <2, 6>, <3, 5>, <7, 1> ]
],
[
[ <2, 6>, <3, 5>, <7, 1> ]
],
[
[ <2, 6>, <3, 5>, <7, 1> ]
],
[
[ <2, 6>, <3, 5>, <7, 1> ]
],
[
[ <2, 6>, <3, 5>, <7, 1> ]
],
[
[ <2, 2>, <3, 5>, <5, 2>, <7, 1> ]
],
[
[ <2, 2>, <3, 5>, <5, 2>, <7, 1> ]
],
[
[ <2, 2>, <3, 5>, <5, 2>, <7, 1> ]
],
[
[ <2, 2>, <3, 5>, <5, 2>, <7, 1> ]
],
[
[ <2, 2>, <3, 5>, <5, 2>, <7, 1> ]
],
[
[ <2, 4>, <3, 4>, <5, 2>, <7, 1> ]
],
[
[ <2, 4>, <3, 4>, <5, 2>, <7, 1> ]
],
[
[ <2, 4>, <3, 4>, <5, 2>, <7, 1> ]
],
[
[ <2, 4>, <3, 4>, <5, 2>, <7, 1> ]
],
[
[ <2, 4>, <3, 4>, <5, 2>, <7, 1> ]
],
[
[ <2, 4>, <3, 4>, <5, 2>, <7, 1> ]
],
[
[ <2, 4>, <3, 4>, <5, 2>, <7, 1> ]
],
[
[ <2, 4>, <3, 4>, <5, 2>, <7, 1> ]
],
[
[ <2, 4>, <3, 4>, <5, 2>, <7, 1> ]
],
[
[ <2, 4>, <3, 5>, <5, 2>, <7, 1> ]
],
[
[ <2, 4>, <3, 5>, <5, 2>, <7, 1> ]
],
[
[ <2, 4>, <3, 5>, <5, 2>, <7, 1> ]
],
[
[ <2, 4>, <3, 5>, <5, 2>, <7, 1> ]
],
[
[ <2, 4>, <3, 5>, <5, 2>, <7, 1> ]
],
[
[ <2, 4>, <3, 5>, <5, 2>, <7, 1> ]
],
[
[ <2, 4>, <3, 5>, <5, 2>, <7, 1> ]
],
[
[ <2, 4>, <3, 5>, <5, 2>, <7, 1> ]
],
[
[ <2, 4>, <3, 5>, <5, 2>, <7, 1> ]
],
[
[ <2, 4>, <3, 5>, <5, 2>, <7, 1> ]
],
[
[ <2, 4>, <3, 5>, <5, 2>, <7, 1> ]
],
[
[ <2, 4>, <3, 5>, <5, 2>, <7, 1> ]
],
[
[ <2, 4>, <3, 5>, <5, 2>, <7, 1> ]
],
[
[ <2, 4>, <3, 5>, <5, 2>, <7, 1> ]
],
[
[ <2, 4>, <3, 5>, <5, 2>, <7, 1> ]
],
[
[ <2, 4>, <3, 5>, <5, 2>, <7, 1> ]
],
[
[ <2, 4>, <3, 5>, <5, 2>, <7, 1> ]
],
[
[ <2, 4>, <3, 5>, <5, 2>, <7, 1> ]
],
[
[ <2, 4>, <3, 5>, <5, 2>, <7, 1> ]
],
[
[ <2, 4>, <3, 5>, <5, 2>, <7, 1> ]
],
[
[ <2, 4>, <3, 5>, <5, 2>, <7, 1> ]
],
[
[ <2, 4>, <3, 5>, <5, 2>, <7, 1> ]
],
[
[ <2, 4>, <3, 5>, <5, 2>, <7, 1> ]
],
[
[ <2, 4>, <3, 5>, <5, 2>, <7, 1> ]
],
[
[ <2, 4>, <3, 5>, <5, 2>, <7, 1> ]
],
[
[ <2, 6>, <3, 4>, <5, 2>, <7, 1> ]
],
[
[ <2, 6>, <3, 4>, <5, 2>, <7, 1> ]
],
[
[ <2, 6>, <3, 4>, <5, 2>, <7, 1> ]
],
[
[ <2, 6>, <3, 4>, <5, 2>, <7, 1> ]
],
[
[ <2, 6>, <3, 4>, <5, 2>, <7, 1> ]
],
[
[ <2, 6>, <3, 4>, <5, 2>, <7, 1> ]
],
[
[ <2, 6>, <3, 4>, <5, 2>, <7, 1> ]
],
[
[ <2, 6>, <3, 4>, <5, 2>, <7, 1> ]
],
[
[ <2, 6>, <3, 5>, <5, 2>, <7, 1> ]
],
[
[ <2, 6>, <3, 5>, <5, 2>, <7, 1> ]
],
[
[ <2, 6>, <3, 5>, <5, 2>, <7, 1> ]
],
[
[ <2, 6>, <3, 5>, <5, 2>, <7, 1> ]
],
[
[ <2, 6>, <3, 5>, <5, 2>, <7, 1> ]
],
[
[ <2, 6>, <3, 5>, <5, 2>, <7, 1> ]
],
[
[ <2, 6>, <3, 5>, <5, 2>, <7, 1> ]
],
[
[ <2, 6>, <3, 5>, <5, 2>, <7, 1> ]
],
[
[ <2, 6>, <3, 5>, <5, 2>, <7, 1> ]
],
[
[ <2, 6>, <3, 5>, <5, 2>, <7, 1> ]
],
[
[ <2, 6>, <3, 5>, <5, 2>, <7, 1> ]
],
[
[ <2, 6>, <3, 5>, <5, 2>, <7, 1> ]
],
[
[ <2, 6>, <3, 5>, <5, 2>, <7, 1> ]
],
[
[ <2, 6>, <3, 5>, <5, 2>, <7, 1> ]
],
[
[ <2, 6>, <3, 5>, <5, 2>, <7, 1> ]
],
[
[ <2, 6>, <3, 5>, <5, 2>, <7, 1> ]
],
[
[ <2, 6>, <3, 5>, <5, 2>, <7, 1> ]
]
]

Total time: 13.070 seconds, Total memory usage: 525.09MB
> // Now with all characters, i.e., without the \
Raynaud condition
> L := Allpossiblesubsetsofchars;
> 
> {* #L[i] : i in goodat7inds *};
{* 1^^109 *}
> {* {* <#y[1],y[2]> : y in L[i][1] *} : i in go\
odat7inds *};
{*
{* <2, 1>, <4, 0> *}^^109
*}
> 
> // Output is the same without the Raynaud cond\
ition

Total time: 5.450 seconds, Total memory usage: 525.09MB
