> 
> load "nonsurj7.txt";
Loading "nonsurj7.txt"
> load "allcharsoutput.txt";
Loading "allcharsoutput.txt"
> assert #condgens eq 381 and #vals eq 381;
> {* #x : x in vals *};
{* 4^^4, 6^^376, 8 *}
> AttachSpec("spec");
> 
> F<zeta3> := CyclotomicField(3);
> OF := RingOfIntegers(F);
> ell := 7;
> ellaboveF := PrimeIdealsOverPrime(F,ell);
> lam1 := ellaboveF[1]; lam2 := ellaboveF[2];
> K<zeta6> := CyclotomicField(ell-1);
> ellaboveK := PrimeIdealsOverPrime(K,ell)[1];
> chi_ell := ModEllCyclotomicCharacter(F,ell : K := K, lambda := ellaboveK);
> P<x> := PolynomialRing(Rationals());
> 
> Allpossiblesubsetsofchars := [];
> errorinds := [];
> time for i := 1 to #curves do
time|for>     try
time|for|try>         chars := [*HeckeCharacter((F!condgens[i][j])*OF,[*<F!x[1],K!x[2]> : x in vals[i][j]*]) : j in [1..#vals[i]] *];
time|for|try>         assert #chars in {4,6,8};
time|for|try>         ans := CompatibleSubsetsOfChars(P!curves[i],ell,chars,allGalpairinds[i],allpairinds[i]);
time|for|try>         printf "%o:%o\n", i, &cat[s : s in Split(Sprint(ans),"\n")];
time|for|try>         Append(~Allpossiblesubsetsofchars,ans);
time|for|try>     catch e;
time|for|try>         print i, e;
time|for|try>         Append(~errorinds,i);
time|for|try>     end try;
time|for> end for;
1:[ [*<{* 4, 6 *}, 1>,<{* 1, 2, 3, 5 *}, 0>*] ]
2:[ [*<{* 1, 2 *}, 1>,<{* 3, 4, 5, 6 *}, 0>*] ]
3:[ [*<{* 2, 6 *}, 1>,<{* 1, 3, 4, 5 *}, 0>*] ]
4:[ [*<{* 4, 6 *}, 1>,<{* 1, 2, 3, 5 *}, 0>*] ]
5:[ [*<{* 2, 4 *}, 1>,<{* 1, 3, 5, 6 *}, 0>*] ]
6:[ [*<{* 1^^2, 3^^2 *}, 0>,<{* 2, 4 *}, 1>*] ]
7:[ [*<{* 3, 6 *}, 1>,<{* 1, 2, 4, 5 *}, 0>*] ]
8:[ [*<{* 2, 4 *}, 1>,<{* 1, 3, 5, 6 *}, 0>*] ]
9:[ [*<{* 2, 5 *}, 1>,<{* 1, 3, 4, 6 *}, 0>*] ]
10:[ [*<{* 5, 6 *}, 1>,<{* 1, 2, 3, 4 *}, 0>*] ]
11:[ [*<{* 1^^2, 3^^2 *}, 0>,<{* 2, 4 *}, 1>*] ]
12:[ [*<{* 4, 5 *}, 1>,<{* 1, 2, 3, 6 *}, 0>*] ]
13:[ [*<{* 2, 6 *}, 1>,<{* 1, 3, 4, 5 *}, 0>*] ]
14:[ [*<{* 2, 6 *}, 1>,<{* 1, 3, 4, 5 *}, 0>*] ]
15:[ [*<{* 1, 4 *}, 1>,<{* 2, 3, 5, 6 *}, 0>*] ]
16:[ [*<{* 2, 4 *}, 1>,<{* 1, 3, 5, 6 *}, 0>*] ]
17:[ [*<{* 3, 6 *}, 1>,<{* 1, 2, 4, 5 *}, 0>*] ]
18:[ [*<{* 2, 5 *}, 1>,<{* 1, 3, 4, 6 *}, 0>*] ]
19:[ [*<{* 2, 4 *}, 1>,<{* 1, 3, 5, 6 *}, 0>*] ]
20:[ [*<{* 3, 5 *}, 1>,<{* 1, 2, 4, 6 *}, 0>*] ]
21:[ [*<{* 4, 6 *}, 1>,<{* 1, 2, 3, 5 *}, 0>*] ]
22:[ [*<{* 2, 3 *}, 1>,<{* 1, 4, 5, 6 *}, 0>*] ]
23:[ [*<{* 2, 3 *}, 1>,<{* 1, 4, 5, 6 *}, 0>*] ]
24:[ [*<{* 2, 5 *}, 1>,<{* 1, 3, 4, 6 *}, 0>*] ]
25:[ [*<{* 5, 6 *}, 0>,<{* 1, 2, 3, 4 *}, 1>*], [*<{* 5, 6 *}, 1>,<{* 1, 2, 3, 4 *}, 0>*], [*<{* 5, 6 *}, 1>,<{* 1, 2, 3, 4 *}, 1>*] ]
26:[ [*<{* 3, 6 *}, 1>,<{* 1, 2, 4, 5 *}, 0>*] ]
27:[ [*<{* 1, 4 *}, 1>,<{* 2, 3, 5, 6 *}, 0>*] ]
28:[ [*<{* 1, 5 *}, 1>,<{* 2, 3, 4, 6 *}, 0>*] ]
29:[ [*<{* 1, 5 *}, 1>,<{* 2, 3, 4, 6 *}, 0>*] ]
30:[ [*<{* 1, 4 *}, 1>,<{* 2, 3, 5, 6 *}, 0>*] ]
31:[ [*<{* 1, 6 *}, 1>,<{* 2, 3, 4, 5 *}, 0>*] ]
32:[ [*<{* 1, 6 *}, 1>,<{* 2, 3, 4, 5 *}, 0>*] ]
33:[ [*<{* 2, 4 *}, 1>,<{* 1, 3, 5, 6 *}, 0>*] ]
34:[ [*<{* 3, 6 *}, 1>,<{* 1, 2, 4, 5 *}, 0>*] ]
35:[ [*<{* 1, 5 *}, 1>,<{* 2, 3, 4, 6 *}, 0>*] ]
36:[ [*<{* 1, 6 *}, 1>,<{* 2, 3, 4, 5 *}, 0>*] ]
37:[ [*<{* 4, 6 *}, 1>,<{* 1, 2, 3, 5 *}, 0>*] ]
38:[ [*<{* 4, 5 *}, 1>,<{* 1, 2, 3, 6 *}, 0>*] ]
39:[ [*<{* 2, 3 *}, 1>,<{* 1, 4, 5, 6 *}, 0>*] ]
40:[ [*<{* 3, 5 *}, 1>,<{* 1, 2, 4, 6 *}, 0>*] ]
41:[ [*<{* 3, 4 *}, 1>,<{* 1, 2, 5, 6 *}, 0>*] ]
42:[ [*<{* 1, 3 *}, 1>,<{* 2, 4, 5, 6 *}, 0>*] ]
43:[ [*<{* 1, 3 *}, 1>,<{* 2, 4, 5, 6 *}, 0>*] ]
44:[ [*<{* 1, 6 *}, 1>,<{* 2, 3, 4, 5 *}, 0>*] ]
45:[ [*<{* 2, 3 *}, 1>,<{* 1, 4, 5, 6 *}, 0>*] ]
46:[ [*<{* 4, 6 *}, 1>,<{* 1, 2, 3, 5 *}, 0>*] ]
47:[ [*<{* 1, 3 *}, 1>,<{* 2, 4, 5, 6 *}, 0>*] ]
48:[ [*<{* 4, 5 *}, 1>,<{* 1, 2, 3, 6 *}, 0>*] ]
49:[ [*<{* 3, 6 *}, 1>,<{* 1, 2, 4, 5 *}, 0>*] ]
50:[ [*<{* 3, 6 *}, 1>,<{* 1, 2, 4, 5 *}, 0>*] ]
51:[ [*<{* 1, 6 *}, 1>,<{* 2, 3, 4, 5 *}, 0>*] ]
52:[ [*<{* 1, 2 *}, 1>,<{* 3, 4, 5, 6 *}, 0>*] ]
53:[ [*<{* 4, 6 *}, 1>,<{* 1, 2, 3, 5 *}, 0>*] ]
54:[ [*<{* 3, 6 *}, 1>,<{* 1, 2, 4, 5 *}, 0>*] ]
55:[ [*<{* 4, 5 *}, 1>,<{* 1, 2, 3, 6 *}, 0>*] ]
56:[ [*<{* 2, 5 *}, 1>,<{* 1, 3, 4, 6 *}, 0>*] ]
57:[ [*<{* 1, 4 *}, 1>,<{* 2, 3, 5, 6 *}, 0>*] ]
58:[ [*<{* 2, 6 *}, 1>,<{* 1, 3, 4, 5 *}, 0>*] ]
59:[ [*<{* 2, 3 *}, 1>,<{* 1, 4, 5, 6 *}, 0>*] ]
60:[ [*<{* 1, 6 *}, 1>,<{* 2, 3, 4, 5 *}, 0>*] ]
61:[ [*<{* 2, 5 *}, 1>,<{* 1, 3, 4, 6 *}, 0>*] ]
62:[ [*<{* 1, 3 *}, 1>,<{* 2, 4, 5, 6 *}, 0>*] ]
63:[ [*<{* 1, 4 *}, 1>,<{* 2, 3, 5, 6 *}, 0>*] ]
64:[ [*<{* 2, 5 *}, 1>,<{* 1, 3, 4, 6 *}, 0>*] ]
65:[ [*<{* 1, 3 *}, 1>,<{* 2, 4, 5, 6 *}, 0>*] ]
66:[ [*<{* 4, 5 *}, 1>,<{* 1, 2, 3, 6 *}, 0>*] ]
67:[ [*<{* 1, 4 *}, 1>,<{* 2, 3, 5, 6 *}, 0>*] ]
68:[ [*<{* 2, 5 *}, 1>,<{* 1, 3, 4, 6 *}, 0>*] ]
69:[ [*<{* 1, 4 *}, 1>,<{* 2, 3, 5, 6 *}, 0>*] ]
70:[ [*<{* 3, 4 *}, 1>,<{* 1, 2, 5, 6 *}, 0>*] ]
71:[ [*<{* 3, 6 *}, 1>,<{* 1, 2, 4, 5 *}, 0>*] ]
72:[ [*<{* 1, 6 *}, 1>,<{* 2, 3, 4, 5 *}, 0>*] ]
73:[ [*<{* 1, 4 *}, 1>,<{* 2, 3, 5, 6 *}, 0>*] ]
74:[ [*<{* 1, 4 *}, 1>,<{* 2, 3, 5, 6 *}, 0>*] ]
75:[ [*<{* 4, 5 *}, 1>,<{* 1, 2, 3, 6 *}, 0>*] ]
76:[ [*<{* 1, 6 *}, 1>,<{* 2, 3, 4, 5 *}, 0>*] ]
77:[ [*<{* 1, 2 *}, 1>,<{* 3, 4, 5, 6 *}, 0>*] ]
78:[ [*<{* 4, 6 *}, 1>,<{* 1, 2, 3, 5 *}, 0>*] ]
79:[ [*<{* 2, 6 *}, 1>,<{* 1, 3, 4, 5 *}, 0>*] ]
80:[ [*<{* 2, 5 *}, 1>,<{* 1, 3, 4, 6 *}, 0>*] ]
81:[ [*<{* 3, 4 *}, 1>,<{* 1, 2, 5, 6 *}, 0>*] ]
82:[ [*<{* 1, 4 *}, 1>,<{* 2, 3, 5, 6 *}, 0>*] ]
83:[ [*<{* 2, 4 *}, 1>,<{* 1, 3, 5, 6 *}, 0>*] ]
84:[ [*<{* 2, 6 *}, 1>,<{* 1, 3, 4, 5 *}, 0>*] ]
85:[ [*<{* 2, 6 *}, 1>,<{* 1, 3, 4, 5 *}, 0>*] ]
86:[ [*<{* 1, 5 *}, 1>,<{* 2, 3, 4, 6 *}, 0>*] ]
87:[ [*<{* 1^^2, 2^^2 *}, 0>,<{* 3, 4 *}, 1>*], [*<{* 1^^2, 2^^2 *}, 1>,<{* 3, 4 *}, 0>*], [*<{* 1^^2, 2^^2 *}, 1>,<{* 3, 4 *}, 1>*] ]
88:[ [*<{* 3, 6 *}, 1>,<{* 1, 2, 4, 5 *}, 0>*] ]
89:[ [*<{* 1, 6 *}, 1>,<{* 2, 3, 4, 5 *}, 0>*] ]
90:[ [*<{* 1, 3 *}, 1>,<{* 2, 4, 5, 6 *}, 0>*] ]
91:[ [*<{* 2, 3 *}, 1>,<{* 1, 4, 5, 6 *}, 0>*] ]
92:[ [*<{* 5, 6 *}, 1>,<{* 1, 2, 3, 4 *}, 0>*] ]
93:[ [*<{* 4, 6 *}, 1>,<{* 1, 2, 3, 5 *}, 0>*] ]
94:[ [*<{* 2, 4 *}, 1>,<{* 1, 3, 5, 6 *}, 0>*] ]
95:[ [*<{* 2, 5 *}, 1>,<{* 1, 3, 4, 6 *}, 0>*] ]
96:[ [*<{* 4, 5 *}, 1>,<{* 1, 2, 3, 6 *}, 0>*] ]
97:[ [*<{* 1, 2 *}, 1>,<{* 3, 4, 5, 6 *}, 0>*] ]
98:[ [*<{* 1, 6 *}, 1>,<{* 2, 3, 4, 5 *}, 0>*] ]
99:[ [*<{* 3, 6 *}, 1>,<{* 1, 2, 4, 5 *}, 0>*] ]
100:[ [*<{* 3, 4 *}, 1>,<{* 1, 2, 5, 6 *}, 0>*] ]
101:[ [*<{* 4, 5 *}, 1>,<{* 1, 2, 3, 6 *}, 0>*] ]
102:[ [*<{* 1, 3 *}, 1>,<{* 2, 4, 5, 6 *}, 0>*] ]
103:[ [*<{* 3, 4 *}, 1>,<{* 1, 2, 5, 6 *}, 0>*] ]
104:[ [*<{* 1, 4 *}, 0>,<{* 2, 3, 5, 6 *}, 1>*], [*<{* 1, 4 *}, 1>,<{* 2, 3, 5, 6 *}, 0>*], [*<{* 1, 4 *}, 1>,<{* 2, 3, 5, 6 *}, 1>*] ]
105:[ [*<{* 3, 4 *}, 1>,<{* 1, 2, 5, 6 *}, 0>*] ]
106:[ [*<{* 3, 6 *}, 1>,<{* 1, 2, 4, 5 *}, 0>*] ]
107:[ [*<{* 5, 6 *}, 1>,<{* 1, 2, 3, 4 *}, 0>*] ]
108:[ [*<{* 1, 2 *}, 1>,<{* 3, 4, 5, 6 *}, 0>*] ]
109:[ [*<{* 2, 5 *}, 1>,<{* 1, 3, 4, 6 *}, 0>*] ]
110:[ [*<{* 1, 2 *}, 1>,<{* 3, 4, 5, 6 *}, 0>*] ]
111:[ [*<{* 3, 5 *}, 1>,<{* 1, 2, 4, 6 *}, 0>*] ]
112:[ [*<{* 3, 4 *}, 1>,<{* 1, 2, 5, 6 *}, 0>*] ]
113:[ [*<{* 3, 5 *}, 1>,<{* 1, 2, 4, 6 *}, 0>*] ]
114:[ [*<{* 3, 5 *}, 1>,<{* 1, 2, 4, 6 *}, 0>*] ]
115:[ [*<{* 4, 6 *}, 1>,<{* 1, 2, 3, 5 *}, 0>*] ]
116:[ [*<{* 3, 4 *}, 1>,<{* 1, 2, 5, 6 *}, 0>*] ]
117:[ [*<{* 1, 4 *}, 1>,<{* 2, 3, 5, 6 *}, 0>*] ]
118:[ [*<{* 1, 2 *}, 1>,<{* 3, 4, 5, 6 *}, 0>*] ]
119:[ [*<{* 2, 3 *}, 1>,<{* 1, 4, 5, 6 *}, 0>*] ]
120:[ [*<{* 2, 4 *}, 1>,<{* 1, 3, 5, 6 *}, 0>*] ]
121:[ [*<{* 1, 3 *}, 1>,<{* 2, 4, 5, 6 *}, 0>*] ]
122:[ [*<{* 2, 5 *}, 1>,<{* 1, 3, 4, 6 *}, 0>*] ]
123:[ [*<{* 1, 3 *}, 1>,<{* 2, 4, 5, 6 *}, 0>*] ]
124:[ [*<{* 5, 6 *}, 1>,<{* 1, 2, 3, 4 *}, 0>*] ]
125:[ [*<{* 3, 5 *}, 1>,<{* 1, 2, 4, 6 *}, 0>*] ]
126:[ [*<{* 2, 6 *}, 1>,<{* 1, 3, 4, 5 *}, 0>*] ]
127:[ [*<{* 4, 5 *}, 1>,<{* 1, 2, 3, 6 *}, 0>*] ]
128:[ [*<{* 2, 5 *}, 1>,<{* 1, 3, 4, 6 *}, 0>*] ]
129:[ [*<{* 4, 5 *}, 1>,<{* 1, 2, 3, 6 *}, 0>*] ]
130:[ [*<{* 2, 6 *}, 1>,<{* 1, 3, 4, 5 *}, 0>*] ]
131:[ [*<{* 2, 4 *}, 1>,<{* 1, 3, 5, 6 *}, 0>*] ]
132:[ [*<{* 5, 6 *}, 1>,<{* 1, 2, 3, 4 *}, 0>*] ]
133:[ [*<{* 1, 3 *}, 1>,<{* 2, 4, 5, 6 *}, 0>*] ]
134:[ [*<{* 2, 5 *}, 1>,<{* 1, 3, 4, 6 *}, 0>*] ]
135:[ [*<{* 2, 4 *}, 1>,<{* 1, 3, 5, 6 *}, 0>*] ]
136:[ [*<{* 1, 5 *}, 1>,<{* 2, 3, 4, 6 *}, 0>*] ]
137:[ [*<{* 2, 4 *}, 1>,<{* 1, 3, 5, 6 *}, 0>*] ]
138:[ [*<{* 3, 4 *}, 0>,<{* 1, 2, 5, 6 *}, 1>*], [*<{* 3, 4 *}, 1>,<{* 1, 2, 5, 6 *}, 0>*], [*<{* 3, 4 *}, 1>,<{* 1, 2, 5, 6 *}, 1>*] ]
139:[ [*<{* 3, 5 *}, 1>,<{* 1, 2, 4, 6 *}, 0>*] ]
140:[ [*<{* 2, 4 *}, 1>,<{* 1, 3, 5, 6 *}, 0>*] ]
141:[ [*<{* 2, 3 *}, 1>,<{* 1, 4, 5, 6 *}, 0>*] ]
142:[ [*<{* 3, 5 *}, 1>,<{* 1, 2, 4, 6 *}, 0>*] ]
143:[ [*<{* 4, 5 *}, 1>,<{* 1, 2, 3, 6 *}, 0>*] ]
144:[ [*<{* 4, 5 *}, 1>,<{* 1, 2, 3, 6 *}, 0>*] ]
145:[ [*<{* 2, 4 *}, 1>,<{* 1, 3, 5, 6 *}, 0>*] ]
146:[ [*<{* 1, 6 *}, 1>,<{* 2, 3, 4, 5 *}, 0>*] ]
147:[ [*<{* 2, 6 *}, 1>,<{* 1, 3, 4, 5 *}, 0>*] ]
148:[ [*<{* 4, 6 *}, 1>,<{* 1, 2, 3, 5 *}, 0>*] ]
149:[ [*<{* 4, 5 *}, 1>,<{* 1, 2, 3, 6 *}, 0>*] ]
150:[ [*<{* 2, 3 *}, 1>,<{* 1, 4, 5, 6 *}, 0>*] ]
151:[ [*<{* 1, 2 *}, 1>,<{* 3, 4, 5, 6 *}, 0>*] ]
152:[ [*<{* 2, 5 *}, 1>,<{* 1, 3, 4, 6 *}, 0>*] ]
153:[ [*<{* 3, 6 *}, 1>,<{* 1, 2, 4, 5 *}, 0>*] ]
154:[ [*<{* 2, 4 *}, 1>,<{* 1, 3, 5, 6 *}, 0>*] ]
155:[ [*<{* 1, 5 *}, 1>,<{* 2, 3, 4, 6 *}, 0>*] ]
156:[ [*<{* 1, 3 *}, 1>,<{* 2, 4, 5, 6 *}, 0>*] ]
157:[ [*<{* 1, 4 *}, 1>,<{* 2, 3, 5, 6 *}, 0>*] ]
158:[ [*<{* 5, 6 *}, 1>,<{* 1, 2, 3, 4 *}, 0>*] ]
159:[ [*<{* 2, 3 *}, 1>,<{* 1, 4, 5, 6 *}, 0>*] ]
160:[ [*<{* 1, 4 *}, 1>,<{* 2, 3, 5, 6 *}, 0>*] ]
161:[ [*<{* 5, 6 *}, 1>,<{* 1, 2, 3, 4 *}, 0>*] ]
162:[ [*<{* 3, 5 *}, 1>,<{* 1, 2, 4, 6 *}, 0>*] ]
163:[ [*<{* 5, 6 *}, 1>,<{* 1, 2, 3, 4 *}, 0>*] ]
164:[ [*<{* 2, 5 *}, 1>,<{* 1, 3, 4, 6 *}, 0>*] ]
165:[ [*<{* 2, 4 *}, 1>,<{* 1, 3, 5, 6 *}, 0>*] ]
166:[ [*<{* 4, 5 *}, 1>,<{* 1, 2, 3, 6 *}, 0>*] ]
167:[ [*<{* 2, 6 *}, 1>,<{* 1, 3, 4, 5 *}, 0>*] ]
168:[ [*<{* 3, 5 *}, 1>,<{* 1, 2, 4, 6 *}, 0>*] ]
169:[ [*<{* 1, 4 *}, 0>,<{* 2, 3, 5, 6 *}, 1>*], [*<{* 1, 4 *}, 1>,<{* 2, 3, 5, 6 *}, 0>*], [*<{* 1, 4 *}, 1>,<{* 2, 3, 5, 6 *}, 1>*] ]
170:[ [*<{* 4, 5 *}, 1>,<{* 1, 2, 3, 6 *}, 0>*] ]
171:[ [*<{* 2, 6 *}, 1>,<{* 1, 3, 4, 5 *}, 0>*] ]
172:[ [*<{* 4, 5 *}, 1>,<{* 1, 2, 3, 6 *}, 0>*] ]
173:[ [*<{* 5, 6 *}, 1>,<{* 1, 2, 3, 4 *}, 0>*] ]
174:[ [*<{* 1, 2 *}, 1>,<{* 3, 4, 5, 6 *}, 0>*] ]
175:[ [*<{* 4, 5 *}, 1>,<{* 1, 2, 3, 6 *}, 0>*] ]
176:[ [*<{* 1, 2 *}, 1>,<{* 3, 4, 5, 6 *}, 0>*] ]
177:[ [*<{* 4, 6 *}, 1>,<{* 1, 2, 3, 5 *}, 0>*] ]
178:[ [*<{* 1, 3 *}, 1>,<{* 2, 4, 5, 6 *}, 0>*] ]
179:[ [*<{* 2, 4 *}, 1>,<{* 1, 3, 5, 6 *}, 0>*] ]
180:[ [*<{* 3, 6 *}, 1>,<{* 1, 2, 4, 5 *}, 0>*] ]
181:[ [*<{* 4, 5 *}, 1>,<{* 1, 2, 3, 6 *}, 0>*] ]
182:[ [*<{* 1, 2 *}, 1>,<{* 3, 4, 5, 6 *}, 0>*] ]
183:[ [*<{* 4, 5 *}, 1>,<{* 1, 2, 3, 6 *}, 0>*] ]
184:[ [*<{* 2, 4 *}, 0>,<{* 1, 3, 5, 6 *}, 1>*], [*<{* 2, 4 *}, 1>,<{* 1, 3, 5, 6 *}, 0>*], [*<{* 2, 4 *}, 1>,<{* 1, 3, 5, 6 *}, 1>*] ]
185:[ [*<{* 2, 3 *}, 1>,<{* 1, 4, 5, 6 *}, 0>*] ]
186:[ [*<{* 1, 4 *}, 1>,<{* 2, 3, 5, 6 *}, 0>*] ]
187:[ [*<{* 3, 4 *}, 1>,<{* 1, 2, 5, 6 *}, 0>*] ]
188:[ [*<{* 1^^2, 4^^2 *}, 0>,<{* 2, 3 *}, 1>*] ]
189:[ [*<{* 1, 5 *}, 1>,<{* 2, 3, 4, 6 *}, 0>*] ]
190:[ [*<{* 2, 3 *}, 1>,<{* 1, 4, 5, 6 *}, 0>*] ]
191:[ [*<{* 2, 3 *}, 1>,<{* 1, 4, 5, 6 *}, 0>*] ]
192:[ [*<{* 2, 5 *}, 1>,<{* 1, 3, 4, 6 *}, 0>*] ]
193:[ [*<{* 5, 6 *}, 1>,<{* 1, 2, 3, 4 *}, 0>*] ]
194:[ [*<{* 2, 5 *}, 0>,<{* 1, 3, 4, 6 *}, 1>*], [*<{* 2, 5 *}, 1>,<{* 1, 3, 4, 6 *}, 0>*], [*<{* 2, 5 *}, 1>,<{* 1, 3, 4, 6 *}, 1>*] ]
195:[ [*<{* 1, 5 *}, 1>,<{* 2, 3, 4, 6 *}, 0>*] ]
196:[ [*<{* 1, 5 *}, 1>,<{* 2, 3, 4, 6 *}, 0>*] ]
197:[ [*<{* 1, 6 *}, 1>,<{* 2, 3, 4, 5 *}, 0>*] ]
198:[ [*<{* 2, 5 *}, 1>,<{* 1, 3, 4, 6 *}, 0>*] ]
199:[ [*<{* 4, 6 *}, 1>,<{* 1, 2, 3, 5 *}, 0>*] ]
200:[ [*<{* 4, 5 *}, 0>,<{* 1, 2, 3, 6 *}, 1>*], [*<{* 4, 5 *}, 1>,<{* 1, 2, 3, 6 *}, 0>*], [*<{* 4, 5 *}, 1>,<{* 1, 2, 3, 6 *}, 1>*] ]
201:[ [*<{* 3, 4 *}, 1>,<{* 1, 2, 5, 6 *}, 0>*] ]
202:[ [*<{* 3, 5 *}, 1>,<{* 1, 2, 4, 6 *}, 0>*] ]
203:[ [*<{* 1, 6 *}, 1>,<{* 2, 3, 4, 5 *}, 0>*] ]
204:[ [*<{* 3, 4 *}, 1>,<{* 1, 2, 5, 6 *}, 0>*] ]
205:[ [*<{* 2, 3 *}, 1>,<{* 1, 4, 5, 6 *}, 0>*] ]
206:[ [*<{* 4, 5 *}, 1>,<{* 1, 2, 3, 6 *}, 0>*] ]
207:[ [*<{* 1, 5 *}, 0>,<{* 2, 6 *}, 1>,<{* 3, 4, 7, 8 *}, 0>*], [*<{* 1, 5 *}, 1>,<{* 2, 6 *}, 0>,<{* 3, 4, 7, 8 *}, 0>*] ]
208:[ [*<{* 2, 3 *}, 1>,<{* 1, 4, 5, 6 *}, 0>*] ]
209:[ [*<{* 2, 5 *}, 0>,<{* 1, 3, 4, 6 *}, 1>*], [*<{* 2, 5 *}, 1>,<{* 1, 3, 4, 6 *}, 0>*], [*<{* 2, 5 *}, 1>,<{* 1, 3, 4, 6 *}, 1>*] ]
210:[ [*<{* 4, 5 *}, 1>,<{* 1, 2, 3, 6 *}, 0>*] ]
211:[ [*<{* 2, 3 *}, 1>,<{* 1, 4, 5, 6 *}, 0>*] ]
212:[ [*<{* 2, 3 *}, 1>,<{* 1, 4, 5, 6 *}, 0>*] ]
213:[ [*<{* 2, 3 *}, 1>,<{* 1, 4, 5, 6 *}, 0>*] ]
214:[ [*<{* 3, 5 *}, 1>,<{* 1, 2, 4, 6 *}, 0>*] ]
215:[ [*<{* 1, 3 *}, 1>,<{* 2, 4, 5, 6 *}, 0>*] ]
216:[ [*<{* 2, 5 *}, 1>,<{* 1, 3, 4, 6 *}, 0>*] ]
217:[ [*<{* 3, 4 *}, 0>,<{* 1, 2, 5, 6 *}, 1>*], [*<{* 3, 4 *}, 1>,<{* 1, 2, 5, 6 *}, 0>*], [*<{* 3, 4 *}, 1>,<{* 1, 2, 5, 6 *}, 1>*] ]
218:[ [*<{* 2, 3 *}, 1>,<{* 1, 4, 5, 6 *}, 0>*] ]
219:[ [*<{* 2, 4 *}, 1>,<{* 1, 3, 5, 6 *}, 0>*] ]
220:[ [*<{* 3, 4 *}, 1>,<{* 1, 2, 5, 6 *}, 0>*] ]
221:[ [*<{* 1, 5 *}, 1>,<{* 2, 3, 4, 6 *}, 0>*] ]
222:[ [*<{* 1, 3 *}, 1>,<{* 2, 4, 5, 6 *}, 0>*] ]
223:[ [*<{* 3, 4 *}, 1>,<{* 1, 2, 5, 6 *}, 0>*] ]
224:[ [*<{* 1, 3 *}, 1>,<{* 2, 4, 5, 6 *}, 0>*] ]
225:[ [*<{* 3, 6 *}, 1>,<{* 1, 2, 4, 5 *}, 0>*] ]
226:[ [*<{* 4, 6 *}, 1>,<{* 1, 2, 3, 5 *}, 0>*] ]
227:[ [*<{* 3, 6 *}, 1>,<{* 1, 2, 4, 5 *}, 0>*] ]
228:[ [*<{* 4, 5 *}, 1>,<{* 1, 2, 3, 6 *}, 0>*] ]
229:[ [*<{* 5, 6 *}, 1>,<{* 1, 2, 3, 4 *}, 0>*] ]
230:[ [*<{* 2, 3 *}, 1>,<{* 1, 4, 5, 6 *}, 0>*] ]
231:[ [*<{* 3, 4 *}, 1>,<{* 1, 2, 5, 6 *}, 0>*] ]
232:[ [*<{* 1, 3 *}, 1>,<{* 2, 4, 5, 6 *}, 0>*] ]
233:[ [*<{* 2, 3 *}, 1>,<{* 1, 4, 5, 6 *}, 0>*] ]
234:[ [*<{* 4, 6 *}, 1>,<{* 1, 2, 3, 5 *}, 0>*] ]
235:[ [*<{* 3, 5 *}, 1>,<{* 1, 2, 4, 6 *}, 0>*] ]
236:[ [*<{* 1, 2 *}, 1>,<{* 3, 4, 5, 6 *}, 0>*] ]
237:[ [*<{* 2, 4 *}, 1>,<{* 1, 3, 5, 6 *}, 0>*] ]
238:[ [*<{* 4, 6 *}, 0>,<{* 1, 2, 3, 5 *}, 1>*], [*<{* 4, 6 *}, 1>,<{* 1, 2, 3, 5 *}, 0>*], [*<{* 4, 6 *}, 1>,<{* 1, 2, 3, 5 *}, 1>*] ]
239:[ [*<{* 2, 5 *}, 1>,<{* 1, 3, 4, 6 *}, 0>*] ]
240:[ [*<{* 1, 2 *}, 1>,<{* 3, 4, 5, 6 *}, 0>*] ]
241:[ [*<{* 3, 5 *}, 1>,<{* 1, 2, 4, 6 *}, 0>*] ]
242:[ [*<{* 5, 6 *}, 0>,<{* 1, 2, 3, 4 *}, 1>*], [*<{* 5, 6 *}, 1>,<{* 1, 2, 3, 4 *}, 0>*], [*<{* 5, 6 *}, 1>,<{* 1, 2, 3, 4 *}, 1>*] ]
243:[ [*<{* 1, 2 *}, 1>,<{* 3, 4, 5, 6 *}, 0>*] ]
244:[ [*<{* 3, 6 *}, 1>,<{* 1, 2, 4, 5 *}, 0>*] ]
245:[ [*<{* 4, 5 *}, 1>,<{* 1, 2, 3, 6 *}, 0>*] ]
246:[ [*<{* 3, 4 *}, 1>,<{* 1, 2, 5, 6 *}, 0>*] ]
247:[ [*<{* 1, 4 *}, 1>,<{* 2, 3, 5, 6 *}, 0>*] ]
248:[ [*<{* 1, 2 *}, 0>,<{* 3, 4, 5, 6 *}, 1>*], [*<{* 1, 2 *}, 1>,<{* 3, 4, 5, 6 *}, 0>*], [*<{* 1, 2 *}, 1>,<{* 3, 4, 5, 6 *}, 1>*] ]
249:[ [*<{* 1, 3 *}, 1>,<{* 2, 4, 5, 6 *}, 0>*] ]
250:[ [*<{* 1, 4 *}, 1>,<{* 2, 3, 5, 6 *}, 0>*] ]
251:[ [*<{* 4, 5 *}, 1>,<{* 1, 2, 3, 6 *}, 0>*] ]
252:[ [*<{* 2, 6 *}, 1>,<{* 1, 3, 4, 5 *}, 0>*] ]
253:[ [*<{* 3, 5 *}, 1>,<{* 1, 2, 4, 6 *}, 0>*] ]
254:[ [*<{* 1, 2 *}, 1>,<{* 3, 4, 5, 6 *}, 0>*] ]
255:[ [*<{* 3, 6 *}, 1>,<{* 1, 2, 4, 5 *}, 0>*] ]
256:[ [*<{* 1, 4 *}, 1>,<{* 2, 3, 5, 6 *}, 0>*] ]
257:[ [*<{* 3, 6 *}, 1>,<{* 1, 2, 4, 5 *}, 0>*] ]
258:[ [*<{* 3, 5 *}, 1>,<{* 1, 2, 4, 6 *}, 0>*] ]
259:[ [*<{* 2, 6 *}, 1>,<{* 1, 3, 4, 5 *}, 0>*] ]
260:[ [*<{* 3, 4 *}, 1>,<{* 1, 2, 5, 6 *}, 0>*] ]
261:[ [*<{* 1, 2 *}, 1>,<{* 3, 4, 5, 6 *}, 0>*] ]
262:[ [*<{* 1, 6 *}, 0>,<{* 2, 3, 4, 5 *}, 1>*], [*<{* 1, 6 *}, 1>,<{* 2, 3, 4, 5 *}, 0>*], [*<{* 1, 6 *}, 1>,<{* 2, 3, 4, 5 *}, 1>*] ]
263:[ [*<{* 1, 2 *}, 1>,<{* 3, 4, 5, 6 *}, 0>*] ]
264:[ [*<{* 1, 6 *}, 1>,<{* 2, 3, 4, 5 *}, 0>*] ]
265:[ [*<{* 4, 6 *}, 1>,<{* 1, 2, 3, 5 *}, 0>*] ]
266:[ [*<{* 4, 6 *}, 1>,<{* 1, 2, 3, 5 *}, 0>*] ]
267:[ [*<{* 2, 3 *}, 1>,<{* 1, 4, 5, 6 *}, 0>*] ]
268:[ [*<{* 2, 3 *}, 1>,<{* 1, 4, 5, 6 *}, 0>*] ]
269:[ [*<{* 2, 5 *}, 1>,<{* 1, 3, 4, 6 *}, 0>*] ]
270:[ [*<{* 2, 6 *}, 1>,<{* 1, 3, 4, 5 *}, 0>*] ]
271:[ [*<{* 1, 2 *}, 1>,<{* 3, 4, 5, 6 *}, 0>*] ]
272:[ [*<{* 3, 5 *}, 1>,<{* 1, 2, 4, 6 *}, 0>*] ]
273:[ [*<{* 2, 4 *}, 0>,<{* 1, 3, 5, 6 *}, 1>*], [*<{* 2, 4 *}, 1>,<{* 1, 3, 5, 6 *}, 0>*], [*<{* 2, 4 *}, 1>,<{* 1, 3, 5, 6 *}, 1>*] ]
274:[ [*<{* 2, 5 *}, 1>,<{* 1, 3, 4, 6 *}, 0>*] ]
275:[ [*<{* 2, 4 *}, 1>,<{* 1, 3, 5, 6 *}, 0>*] ]
276:[ [*<{* 1, 2 *}, 1>,<{* 3, 4, 5, 6 *}, 0>*] ]
277:[ [*<{* 2, 4 *}, 1>,<{* 1, 3, 5, 6 *}, 0>*] ]
278:[ [*<{* 3, 5 *}, 0>,<{* 1, 2, 4, 6 *}, 1>*], [*<{* 3, 5 *}, 1>,<{* 1, 2, 4, 6 *}, 0>*], [*<{* 3, 5 *}, 1>,<{* 1, 2, 4, 6 *}, 1>*] ]
279:[ [*<{* 2, 3 *}, 0>,<{* 1, 4, 5, 6 *}, 1>*], [*<{* 2, 3 *}, 1>,<{* 1, 4, 5, 6 *}, 0>*], [*<{* 2, 3 *}, 1>,<{* 1, 4, 5, 6 *}, 1>*] ]
280:[ [*<{* 3, 4 *}, 1>,<{* 1, 2, 5, 6 *}, 0>*] ]
281:[ [*<{* 1, 2 *}, 1>,<{* 3, 4, 5, 6 *}, 0>*] ]
282:[ [*<{* 5, 6 *}, 1>,<{* 1, 2, 3, 4 *}, 0>*] ]
283:[ [*<{* 2, 6 *}, 1>,<{* 1, 3, 4, 5 *}, 0>*] ]
284:[ [*<{* 1, 3 *}, 1>,<{* 2, 4, 5, 6 *}, 0>*] ]
285:[ [*<{* 1, 3 *}, 1>,<{* 2, 4, 5, 6 *}, 0>*] ]
286:[ [*<{* 1, 3 *}, 1>,<{* 2, 4, 5, 6 *}, 0>*] ]
287:[ [*<{* 2, 5 *}, 1>,<{* 1, 3, 4, 6 *}, 0>*] ]
288:[ [*<{* 2, 5 *}, 1>,<{* 1, 3, 4, 6 *}, 0>*] ]
289:[ [*<{* 4, 5 *}, 1>,<{* 1, 2, 3, 6 *}, 0>*] ]
290:[ [*<{* 3, 4 *}, 1>,<{* 1, 2, 5, 6 *}, 0>*] ]
291:[ [*<{* 1, 5 *}, 1>,<{* 2, 3, 4, 6 *}, 0>*] ]
292:[ [*<{* 1, 4 *}, 1>,<{* 2, 3, 5, 6 *}, 0>*] ]
293:[ [*<{* 2, 4 *}, 1>,<{* 1, 3, 5, 6 *}, 0>*] ]
294:[ [*<{* 2, 4 *}, 1>,<{* 1, 3, 5, 6 *}, 0>*] ]
295:[ [*<{* 5, 6 *}, 1>,<{* 1, 2, 3, 4 *}, 0>*] ]
296:[ [*<{* 3, 5 *}, 1>,<{* 1, 2, 4, 6 *}, 0>*] ]
297:[ [*<{* 2, 4 *}, 1>,<{* 1, 3, 5, 6 *}, 0>*] ]
298:[ [*<{* 2, 5 *}, 1>,<{* 1, 3, 4, 6 *}, 0>*] ]
299:[ [*<{* 1, 3 *}, 1>,<{* 2, 4, 5, 6 *}, 0>*] ]
300:[ [*<{* 2, 5 *}, 1>,<{* 1, 3, 4, 6 *}, 0>*] ]
301:[ [*<{* 1, 4 *}, 1>,<{* 2, 3, 5, 6 *}, 0>*] ]
302:[ [*<{* 2, 6 *}, 1>,<{* 1, 3, 4, 5 *}, 0>*] ]
303:[ [*<{* 4, 5 *}, 1>,<{* 1, 2, 3, 6 *}, 0>*] ]
304:[ [*<{* 2, 4 *}, 1>,<{* 1, 3, 5, 6 *}, 0>*] ]
305:[ [*<{* 2, 4 *}, 1>,<{* 1, 3, 5, 6 *}, 0>*] ]
306:[ [*<{* 3, 5 *}, 1>,<{* 1, 2, 4, 6 *}, 0>*] ]
307:[ [*<{* 2, 5 *}, 1>,<{* 1, 3, 4, 6 *}, 0>*] ]
308:[ [*<{* 3, 6 *}, 1>,<{* 1, 2, 4, 5 *}, 0>*] ]
309:[ [*<{* 2, 4 *}, 1>,<{* 1, 3, 5, 6 *}, 0>*] ]
310:[ [*<{* 2, 4 *}, 1>,<{* 1, 3, 5, 6 *}, 0>*] ]
311:[ [*<{* 1, 4 *}, 1>,<{* 2, 3, 5, 6 *}, 0>*] ]
312:[ [*<{* 2, 5 *}, 1>,<{* 1, 3, 4, 6 *}, 0>*] ]
313:[ [*<{* 1, 4 *}, 1>,<{* 2, 3, 5, 6 *}, 0>*] ]
314:[ [*<{* 4, 6 *}, 1>,<{* 1, 2, 3, 5 *}, 0>*] ]
315:[ [*<{* 3, 6 *}, 1>,<{* 1, 2, 4, 5 *}, 0>*] ]
316:[ [*<{* 3, 6 *}, 1>,<{* 1, 2, 4, 5 *}, 0>*] ]
317:[ [*<{* 3, 4 *}, 1>,<{* 1, 2, 5, 6 *}, 0>*] ]
318:[ [*<{* 2, 5 *}, 0>,<{* 1, 3, 4, 6 *}, 1>*], [*<{* 2, 5 *}, 1>,<{* 1, 3, 4, 6 *}, 0>*], [*<{* 2, 5 *}, 1>,<{* 1, 3, 4, 6 *}, 1>*] ]
319:[ [*<{* 1, 3 *}, 1>,<{* 2, 4, 5, 6 *}, 0>*] ]
320:[ [*<{* 4, 6 *}, 1>,<{* 1, 2, 3, 5 *}, 0>*] ]
321:[ [*<{* 5, 6 *}, 1>,<{* 1, 2, 3, 4 *}, 0>*] ]
322:[ [*<{* 3, 6 *}, 1>,<{* 1, 2, 4, 5 *}, 0>*] ]
323:[ [*<{* 1, 6 *}, 1>,<{* 2, 3, 4, 5 *}, 0>*] ]
324:[ [*<{* 2, 6 *}, 1>,<{* 1, 3, 4, 5 *}, 0>*] ]
325:[ [*<{* 4, 5 *}, 1>,<{* 1, 2, 3, 6 *}, 0>*] ]
326:[ [*<{* 5, 6 *}, 1>,<{* 1, 2, 3, 4 *}, 0>*] ]
327:[ [*<{* 4, 6 *}, 1>,<{* 1, 2, 3, 5 *}, 0>*] ]
328:[ [*<{* 2, 3 *}, 1>,<{* 1, 4, 5, 6 *}, 0>*] ]
329:[ [*<{* 2, 6 *}, 0>,<{* 1, 3, 4, 5 *}, 1>*], [*<{* 2, 6 *}, 1>,<{* 1, 3, 4, 5 *}, 0>*], [*<{* 2, 6 *}, 1>,<{* 1, 3, 4, 5 *}, 1>*] ]
330:[ [*<{* 2, 3 *}, 1>,<{* 1, 4, 5, 6 *}, 0>*] ]
331:[ [*<{* 4, 5 *}, 0>,<{* 1, 2, 3, 6 *}, 1>*], [*<{* 4, 5 *}, 1>,<{* 1, 2, 3, 6 *}, 0>*], [*<{* 4, 5 *}, 1>,<{* 1, 2, 3, 6 *}, 1>*] ]
332:[ [*<{* 1, 3 *}, 1>,<{* 2, 4, 5, 6 *}, 0>*] ]
333:[ [*<{* 4, 5 *}, 0>,<{* 1, 2, 3, 6 *}, 1>*], [*<{* 4, 5 *}, 1>,<{* 1, 2, 3, 6 *}, 0>*], [*<{* 4, 5 *}, 1>,<{* 1, 2, 3, 6 *}, 1>*] ]
334:[ [*<{* 2, 6 *}, 1>,<{* 1, 3, 4, 5 *}, 0>*] ]
335:[ [*<{* 2, 5 *}, 1>,<{* 1, 3, 4, 6 *}, 0>*] ]
336:[ [*<{* 2, 3 *}, 0>,<{* 1, 4, 5, 6 *}, 1>*], [*<{* 2, 3 *}, 1>,<{* 1, 4, 5, 6 *}, 0>*], [*<{* 2, 3 *}, 1>,<{* 1, 4, 5, 6 *}, 1>*] ]
337:[ [*<{* 2, 6 *}, 1>,<{* 1, 3, 4, 5 *}, 0>*] ]
338:[ [*<{* 1, 6 *}, 1>,<{* 2, 3, 4, 5 *}, 0>*] ]
339:[ [*<{* 1, 2 *}, 1>,<{* 3, 4, 5, 6 *}, 0>*] ]
340:[ [*<{* 3, 6 *}, 1>,<{* 1, 2, 4, 5 *}, 0>*] ]
341:[ [*<{* 4, 6 *}, 1>,<{* 1, 2, 3, 5 *}, 0>*] ]
342:[ [*<{* 1, 6 *}, 1>,<{* 2, 3, 4, 5 *}, 0>*] ]
343:[ [*<{* 4, 5 *}, 1>,<{* 1, 2, 3, 6 *}, 0>*] ]
344:[ [*<{* 1, 4 *}, 1>,<{* 2, 3, 5, 6 *}, 0>*] ]
345:[ [*<{* 1, 5 *}, 1>,<{* 2, 3, 4, 6 *}, 0>*] ]
346:[ [*<{* 4, 6 *}, 1>,<{* 1, 2, 3, 5 *}, 0>*] ]
347:[ [*<{* 2, 4 *}, 1>,<{* 1, 3, 5, 6 *}, 0>*] ]
348:[ [*<{* 3, 4 *}, 1>,<{* 1, 2, 5, 6 *}, 0>*] ]
349:[ [*<{* 4, 5 *}, 0>,<{* 1, 2, 3, 6 *}, 1>*], [*<{* 4, 5 *}, 1>,<{* 1, 2, 3, 6 *}, 0>*], [*<{* 4, 5 *}, 1>,<{* 1, 2, 3, 6 *}, 1>*] ]
350:[ [*<{* 1, 4 *}, 0>,<{* 2, 3, 5, 6 *}, 1>*], [*<{* 1, 4 *}, 1>,<{* 2, 3, 5, 6 *}, 0>*], [*<{* 1, 4 *}, 1>,<{* 2, 3, 5, 6 *}, 1>*] ]
351:[ [*<{* 2, 6 *}, 0>,<{* 1, 3, 4, 5 *}, 1>*], [*<{* 2, 6 *}, 1>,<{* 1, 3, 4, 5 *}, 0>*], [*<{* 2, 6 *}, 1>,<{* 1, 3, 4, 5 *}, 1>*] ]
352:[ [*<{* 1, 6 *}, 1>,<{* 2, 3, 4, 5 *}, 0>*] ]
353:[ [*<{* 2, 6 *}, 1>,<{* 1, 3, 4, 5 *}, 0>*] ]
354:[ [*<{* 3, 5 *}, 1>,<{* 1, 2, 4, 6 *}, 0>*] ]
355:[ [*<{* 1, 2 *}, 1>,<{* 3, 4, 5, 6 *}, 0>*] ]
356:[ [*<{* 1, 5 *}, 1>,<{* 2, 3, 4, 6 *}, 0>*] ]
357:[ [*<{* 2, 3 *}, 0>,<{* 1, 4, 5, 6 *}, 1>*], [*<{* 2, 3 *}, 1>,<{* 1, 4, 5, 6 *}, 0>*], [*<{* 2, 3 *}, 1>,<{* 1, 4, 5, 6 *}, 1>*] ]
358:[ [*<{* 2, 6 *}, 1>,<{* 1, 3, 4, 5 *}, 0>*] ]
359:[ [*<{* 2, 4 *}, 1>,<{* 1, 3, 5, 6 *}, 0>*] ]
360:[ [*<{* 3, 4 *}, 0>,<{* 1, 2, 5, 6 *}, 1>*], [*<{* 3, 4 *}, 1>,<{* 1, 2, 5, 6 *}, 0>*], [*<{* 3, 4 *}, 1>,<{* 1, 2, 5, 6 *}, 1>*] ]
361:[ [*<{* 2, 5 *}, 1>,<{* 1, 3, 4, 6 *}, 0>*] ]
362:[ [*<{* 2, 6 *}, 1>,<{* 1, 3, 4, 5 *}, 0>*] ]
363:[ [*<{* 1, 4 *}, 1>,<{* 2, 3, 5, 6 *}, 0>*] ]
364:[ [*<{* 2, 5 *}, 1>,<{* 1, 3, 4, 6 *}, 0>*] ]
365:[ [*<{* 3, 5 *}, 1>,<{* 1, 2, 4, 6 *}, 0>*] ]
366:[ [*<{* 1, 3 *}, 1>,<{* 2, 4, 5, 6 *}, 0>*] ]
367:[ [*<{* 2, 3 *}, 1>,<{* 1, 4, 5, 6 *}, 0>*] ]
368:[ [*<{* 1, 2 *}, 1>,<{* 3, 4, 5, 6 *}, 0>*] ]
369:[ [*<{* 4, 5 *}, 1>,<{* 1, 2, 3, 6 *}, 0>*] ]
370:[ [*<{* 1, 5 *}, 0>,<{* 2, 3, 4, 6 *}, 1>*], [*<{* 1, 5 *}, 1>,<{* 2, 3, 4, 6 *}, 0>*], [*<{* 1, 5 *}, 1>,<{* 2, 3, 4, 6 *}, 1>*] ]
371:[ [*<{* 3, 6 *}, 1>,<{* 1, 2, 4, 5 *}, 0>*] ]
372:[ [*<{* 2, 4 *}, 1>,<{* 1, 3, 5, 6 *}, 0>*] ]
373:[ [*<{* 2, 3 *}, 1>,<{* 1, 4, 5, 6 *}, 0>*] ]
374:[ [*<{* 5, 6 *}, 1>,<{* 1, 2, 3, 4 *}, 0>*] ]
375:[ [*<{* 2, 3 *}, 1>,<{* 1, 4, 5, 6 *}, 0>*] ]
376:[ [*<{* 1, 3 *}, 1>,<{* 2, 4, 5, 6 *}, 0>*] ]
377:[ [*<{* 2, 3 *}, 1>,<{* 1, 4, 5, 6 *}, 0>*] ]
378:[ [*<{* 1, 3 *}, 1>,<{* 2, 4, 5, 6 *}, 0>*] ]
379:[ [*<{* 2, 3 *}, 1>,<{* 1, 4, 5, 6 *}, 0>*] ]
380:[ [*<{* 1, 3 *}, 1>,<{* 2, 4, 5, 6 *}, 0>*] ]
381:[ [*<{* 3, 5 *}, 1>,<{* 1, 2, 4, 6 *}, 0>*] ]
Time: 5257.490
> errorinds;
[]
> L := Allpossiblesubsetsofchars;
> {*#x : x in L*};
{* 1^^352, 2, 3^^28 *}
> fil1 := "allcharsoutput1.txt";
> fil := "allcharsoutput.txt";
> PrintFile(fil1, "Allpossiblesubsetsofchars := ");
> PrintFile(fil1, L);
> PrintFile(fil1, ";");
> PrintFile(fil, "Allpossiblesubsetsofchars := ");
> PrintFile(fil, L);
> PrintFile(fil, ";");
> 
> {* {* {*<#z[1],z[2]> : z in y*} : y in x*} : x in L | #x eq 1 *};
{*
{*
{* <2, 1>, <4, 0> *}
*}^^352
*}
> inds2 := [i : i in [1..#L] | #L[i] eq 2]; inds2;
[ 207 ]
> {* {* {*<#z[1],z[2]> : z in y*} : y in x*} : x in L | #x eq 2 *};
{*
{*
{* <2, 0>, <2, 1>, <4, 0> *}^^2
*}
*}
> inds3 := [i : i in [1..#L] | #L[i] eq 3]; inds3;
[ 25, 87, 104, 138, 169, 184, 194, 200, 209, 217, 238, 242, 248, 262, 273, 278, 279, 318, 329, 331, 333, 336, 349, 350, 351, 357, 360, 370 ]
> {* {* {*<#z[1],z[2]> : z in y*} : y in x*} : x in L | #x eq 3 *};
{*
{*
{* <2, 0>, <4, 1> *},
{* <2, 1>, <4, 0> *},
{* <2, 1>, <4, 1> *}
*}^^28
*}

Total time: 5276.340 seconds, Total memory usage: 1318.12MB
