> // load "nonsurj7.txt";
> AttachSpec("spec");
> 
> load "allcharsoutput.txt";
Loading "allcharsoutput.txt"
> assert #condgens eq 381 and #vals eq 381;
> 
> F<zeta3> := CyclotomicField(3);
> OF := RingOfIntegers(F);
> ell := 7;
> ellaboveF := PrimeIdealsOverPrime(F,ell);
> lam1 := ellaboveF[1]; lam2 := ellaboveF[2];
> K<zeta6> := CyclotomicField(ell-1);
> ellaboveK := PrimeIdealsOverPrime(K,ell)[1];
> chi_ell := ModEllCyclotomicCharacter(F,ell : K := K, lambda := ellaboveK);
> 
> time allchars := [[*HeckeCharacter((F!condgens[i][j])*OF,[*<F!x[1],K!x[2]> : x in vals[i][j]*]) : j in [\
1..#vals[i]] *] : i in [1..#vals]];

Time: 2995.990
> // takes a while (~1h) to rebuild all the characters from the stored values.
> 
> allpairinds := [];
> for i := 1 to #allchars do
for>     pairedchars, inds := pairup(allchars[i],ell : chi_ell := chi_ell);
for>     Append(~allpairinds, inds);
for> end for;
> allpairinds;
[
[ <1, 3>, <2, 5>, <4, 6> ],
[ <1, 2>, <3, 5>, <4, 6> ],
[ <1, 3>, <2, 6>, <4, 5> ],
[ <1, 2>, <3, 5>, <4, 6> ],
[ <1, 3>, <2, 4>, <5, 6> ],
[ <1, 3>, <2, 4> ],
[ <1, 4>, <2, 5>, <3, 6> ],
[ <1, 5>, <2, 4>, <3, 6> ],
[ <1, 3>, <2, 5>, <4, 6> ],
[ <1, 3>, <2, 4>, <5, 6> ],
[ <1, 3>, <2, 4> ],
[ <1, 2>, <3, 6>, <4, 5> ],
[ <1, 4>, <2, 6>, <3, 5> ],
[ <1, 3>, <2, 6>, <4, 5> ],
[ <1, 4>, <2, 5>, <3, 6> ],
[ <1, 5>, <2, 4>, <3, 6> ],
[ <1, 2>, <3, 6>, <4, 5> ],
[ <1, 4>, <2, 5>, <3, 6> ],
[ <1, 5>, <2, 4>, <3, 6> ],
[ <1, 2>, <3, 5>, <4, 6> ],
[ <1, 2>, <3, 5>, <4, 6> ],
[ <1, 5>, <2, 3>, <4, 6> ],
[ <1, 4>, <2, 3>, <5, 6> ],
[ <1, 4>, <2, 5>, <3, 6> ],
[ <1, 3>, <2, 4>, <5, 6> ],
[ <1, 4>, <2, 5>, <3, 6> ],
[ <1, 4>, <2, 5>, <3, 6> ],
[ <1, 5>, <2, 3>, <4, 6> ],
[ <1, 5>, <2, 6>, <3, 4> ],
[ <1, 4>, <2, 6>, <3, 5> ],
[ <1, 6>, <2, 4>, <3, 5> ],
[ <1, 6>, <2, 3>, <4, 5> ],
[ <1, 5>, <2, 4>, <3, 6> ],
[ <1, 2>, <3, 6>, <4, 5> ],
[ <1, 5>, <2, 3>, <4, 6> ],
[ <1, 6>, <2, 3>, <4, 5> ],
[ <1, 3>, <2, 5>, <4, 6> ],
[ <1, 2>, <3, 6>, <4, 5> ],
[ <1, 6>, <2, 3>, <4, 5> ],
[ <1, 2>, <3, 5>, <4, 6> ],
[ <1, 5>, <2, 6>, <3, 4> ],
[ <1, 3>, <2, 5>, <4, 6> ],
[ <1, 3>, <2, 6>, <4, 5> ],
[ <1, 6>, <2, 3>, <4, 5> ],
[ <1, 5>, <2, 3>, <4, 6> ],
[ <1, 5>, <2, 3>, <4, 6> ],
[ <1, 3>, <2, 6>, <4, 5> ],
[ <1, 6>, <2, 3>, <4, 5> ],
[ <1, 2>, <3, 6>, <4, 5> ],
[ <1, 2>, <3, 6>, <4, 5> ],
[ <1, 6>, <2, 3>, <4, 5> ],
[ <1, 2>, <3, 4>, <5, 6> ],
[ <1, 3>, <2, 5>, <4, 6> ],
[ <1, 2>, <3, 6>, <4, 5> ],
[ <1, 3>, <2, 6>, <4, 5> ],
[ <1, 4>, <2, 5>, <3, 6> ],
[ <1, 4>, <2, 3>, <5, 6> ],
[ <1, 3>, <2, 6>, <4, 5> ],
[ <1, 5>, <2, 3>, <4, 6> ],
[ <1, 6>, <2, 3>, <4, 5> ],
[ <1, 4>, <2, 5>, <3, 6> ],
[ <1, 3>, <2, 4>, <5, 6> ],
[ <1, 4>, <2, 5>, <3, 6> ],
[ <1, 3>, <2, 5>, <4, 6> ],
[ <1, 3>, <2, 5>, <4, 6> ],
[ <1, 6>, <2, 3>, <4, 5> ],
[ <1, 4>, <2, 5>, <3, 6> ],
[ <1, 3>, <2, 5>, <4, 6> ],
[ <1, 4>, <2, 5>, <3, 6> ],
[ <1, 5>, <2, 6>, <3, 4> ],
[ <1, 5>, <2, 4>, <3, 6> ],
[ <1, 6>, <2, 3>, <4, 5> ],
[ <1, 4>, <2, 6>, <3, 5> ],
[ <1, 4>, <2, 5>, <3, 6> ],
[ <1, 3>, <2, 6>, <4, 5> ],
[ <1, 6>, <2, 5>, <3, 4> ],
[ <1, 2>, <3, 5>, <4, 6> ],
[ <1, 3>, <2, 5>, <4, 6> ],
[ <1, 4>, <2, 6>, <3, 5> ],
[ <1, 4>, <2, 5>, <3, 6> ],
[ <1, 5>, <2, 6>, <3, 4> ],
[ <1, 4>, <2, 6>, <3, 5> ],
[ <1, 6>, <2, 4>, <3, 5> ],
[ <1, 4>, <2, 6>, <3, 5> ],
[ <1, 4>, <2, 6>, <3, 5> ],
[ <1, 5>, <2, 6>, <3, 4> ],
[ <1, 2>, <3, 4> ],
[ <1, 4>, <2, 5>, <3, 6> ],
[ <1, 6>, <2, 4>, <3, 5> ],
[ <1, 3>, <2, 5>, <4, 6> ],
[ <1, 5>, <2, 3>, <4, 6> ],
[ <1, 2>, <3, 4>, <5, 6> ],
[ <1, 3>, <2, 5>, <4, 6> ],
[ <1, 3>, <2, 4>, <5, 6> ],
[ <1, 3>, <2, 5>, <4, 6> ],
[ <1, 3>, <2, 6>, <4, 5> ],
[ <1, 2>, <3, 5>, <4, 6> ],
[ <1, 6>, <2, 3>, <4, 5> ],
[ <1, 4>, <2, 5>, <3, 6> ],
[ <1, 6>, <2, 5>, <3, 4> ],
[ <1, 3>, <2, 6>, <4, 5> ],
[ <1, 3>, <2, 6>, <4, 5> ],
[ <1, 2>, <3, 4>, <5, 6> ],
[ <1, 4>, <2, 5>, <3, 6> ],
[ <1, 2>, <3, 4>, <5, 6> ],
[ <1, 4>, <2, 5>, <3, 6> ],
[ <1, 4>, <2, 3>, <5, 6> ],
[ <1, 2>, <3, 6>, <4, 5> ],
[ <1, 4>, <2, 5>, <3, 6> ],
[ <1, 2>, <3, 4>, <5, 6> ],
[ <1, 4>, <2, 6>, <3, 5> ],
[ <1, 5>, <2, 6>, <3, 4> ],
[ <1, 6>, <2, 4>, <3, 5> ],
[ <1, 2>, <3, 5>, <4, 6> ],
[ <1, 3>, <2, 5>, <4, 6> ],
[ <1, 2>, <3, 4>, <5, 6> ],
[ <1, 4>, <2, 5>, <3, 6> ],
[ <1, 2>, <3, 6>, <4, 5> ],
[ <1, 4>, <2, 3>, <5, 6> ],
[ <1, 5>, <2, 4>, <3, 6> ],
[ <1, 3>, <2, 5>, <4, 6> ],
[ <1, 4>, <2, 5>, <3, 6> ],
[ <1, 3>, <2, 6>, <4, 5> ],
[ <1, 3>, <2, 4>, <5, 6> ],
[ <1, 6>, <2, 4>, <3, 5> ],
[ <1, 4>, <2, 6>, <3, 5> ],
[ <1, 2>, <3, 6>, <4, 5> ],
[ <1, 6>, <2, 5>, <3, 4> ],
[ <1, 3>, <2, 6>, <4, 5> ],
[ <1, 3>, <2, 6>, <4, 5> ],
[ <1, 5>, <2, 4>, <3, 6> ],
[ <1, 2>, <3, 4>, <5, 6> ],
[ <1, 3>, <2, 5>, <4, 6> ],
[ <1, 4>, <2, 5>, <3, 6> ],
[ <1, 3>, <2, 4>, <5, 6> ],
[ <1, 5>, <2, 4>, <3, 6> ],
[ <1, 6>, <2, 4>, <3, 5> ],
[ <1, 6>, <2, 5>, <3, 4> ],
[ <1, 6>, <2, 4>, <3, 5> ],
[ <1, 3>, <2, 4>, <5, 6> ],
[ <1, 4>, <2, 3>, <5, 6> ],
[ <1, 4>, <2, 6>, <3, 5> ],
[ <1, 3>, <2, 6>, <4, 5> ],
[ <1, 6>, <2, 3>, <4, 5> ],
[ <1, 6>, <2, 4>, <3, 5> ],
[ <1, 6>, <2, 3>, <4, 5> ],
[ <1, 5>, <2, 6>, <3, 4> ],
[ <1, 2>, <3, 5>, <4, 6> ],
[ <1, 3>, <2, 6>, <4, 5> ],
[ <1, 6>, <2, 3>, <4, 5> ],
[ <1, 2>, <3, 6>, <4, 5> ],
[ <1, 6>, <2, 5>, <3, 4> ],
[ <1, 2>, <3, 6>, <4, 5> ],
[ <1, 6>, <2, 4>, <3, 5> ],
[ <1, 5>, <2, 6>, <3, 4> ],
[ <1, 3>, <2, 5>, <4, 6> ],
[ <1, 4>, <2, 6>, <3, 5> ],
[ <1, 2>, <3, 4>, <5, 6> ],
[ <1, 4>, <2, 3>, <5, 6> ],
[ <1, 4>, <2, 3>, <5, 6> ],
[ <1, 2>, <3, 4>, <5, 6> ],
[ <1, 6>, <2, 4>, <3, 5> ],
[ <1, 4>, <2, 3>, <5, 6> ],
[ <1, 4>, <2, 5>, <3, 6> ],
[ <1, 5>, <2, 4>, <3, 6> ],
[ <1, 6>, <2, 3>, <4, 5> ],
[ <1, 3>, <2, 6>, <4, 5> ],
[ <1, 6>, <2, 4>, <3, 5> ],
[ <1, 4>, <2, 5>, <3, 6> ],
[ <1, 2>, <3, 6>, <4, 5> ],
[ <1, 5>, <2, 6>, <3, 4> ],
[ <1, 6>, <2, 3>, <4, 5> ],
[ <1, 3>, <2, 4>, <5, 6> ],
[ <1, 2>, <3, 5>, <4, 6> ],
[ <1, 2>, <3, 6>, <4, 5> ],
[ <1, 2>, <3, 4>, <5, 6> ],
[ <1, 5>, <2, 3>, <4, 6> ],
[ <1, 3>, <2, 6>, <4, 5> ],
[ <1, 5>, <2, 4>, <3, 6> ],
[ <1, 4>, <2, 5>, <3, 6> ],
[ <1, 3>, <2, 6>, <4, 5> ],
[ <1, 2>, <3, 6>, <4, 5> ],
[ <1, 3>, <2, 6>, <4, 5> ],
[ <1, 6>, <2, 4>, <3, 5> ],
[ <1, 5>, <2, 3>, <4, 6> ],
[ <1, 4>, <2, 5>, <3, 6> ],
[ <1, 5>, <2, 6>, <3, 4> ],
[ <1, 4>, <2, 3> ],
[ <1, 5>, <2, 3>, <4, 6> ],
[ <1, 5>, <2, 3>, <4, 6> ],
[ <1, 5>, <2, 3>, <4, 6> ],
[ <1, 3>, <2, 5>, <4, 6> ],
[ <1, 2>, <3, 4>, <5, 6> ],
[ <1, 4>, <2, 5>, <3, 6> ],
[ <1, 5>, <2, 4>, <3, 6> ],
[ <1, 5>, <2, 6>, <3, 4> ],
[ <1, 6>, <2, 4>, <3, 5> ],
[ <1, 6>, <2, 5>, <3, 4> ],
[ <1, 5>, <2, 3>, <4, 6> ],
[ <1, 6>, <2, 3>, <4, 5> ],
[ <1, 5>, <2, 6>, <3, 4> ],
[ <1, 6>, <2, 4>, <3, 5> ],
[ <1, 6>, <2, 3>, <4, 5> ],
[ <1, 2>, <3, 4>, <5, 6> ],
[ <1, 5>, <2, 3>, <4, 6> ],
[ <1, 6>, <2, 3>, <4, 5> ],
[ <1, 5>, <2, 6>, <3, 4>, <7, 8> ],
[ <1, 5>, <2, 3>, <4, 6> ],
[ <1, 3>, <2, 5>, <4, 6> ],
[ <1, 6>, <2, 3>, <4, 5> ],
[ <1, 4>, <2, 3>, <5, 6> ],
[ <1, 6>, <2, 3>, <4, 5> ],
[ <1, 6>, <2, 3>, <4, 5> ],
[ <1, 4>, <2, 6>, <3, 5> ],
[ <1, 3>, <2, 5>, <4, 6> ],
[ <1, 6>, <2, 5>, <3, 4> ],
[ <1, 6>, <2, 5>, <3, 4> ],
[ <1, 6>, <2, 3>, <4, 5> ],
[ <1, 6>, <2, 4>, <3, 5> ],
[ <1, 2>, <3, 4>, <5, 6> ],
[ <1, 5>, <2, 4>, <3, 6> ],
[ <1, 3>, <2, 4>, <5, 6> ],
[ <1, 2>, <3, 4>, <5, 6> ],
[ <1, 3>, <2, 4>, <5, 6> ],
[ <1, 4>, <2, 5>, <3, 6> ],
[ <1, 2>, <3, 5>, <4, 6> ],
[ <1, 4>, <2, 5>, <3, 6> ],
[ <1, 6>, <2, 3>, <4, 5> ],
[ <1, 3>, <2, 4>, <5, 6> ],
[ <1, 6>, <2, 3>, <4, 5> ],
[ <1, 5>, <2, 6>, <3, 4> ],
[ <1, 3>, <2, 5>, <4, 6> ],
[ <1, 6>, <2, 3>, <4, 5> ],
[ <1, 3>, <2, 5>, <4, 6> ],
[ <1, 2>, <3, 5>, <4, 6> ],
[ <1, 2>, <3, 4>, <5, 6> ],
[ <1, 6>, <2, 4>, <3, 5> ],
[ <1, 3>, <2, 5>, <4, 6> ],
[ <1, 4>, <2, 5>, <3, 6> ],
[ <1, 2>, <3, 5>, <4, 6> ],
[ <1, 4>, <2, 6>, <3, 5> ],
[ <1, 4>, <2, 3>, <5, 6> ],
[ <1, 2>, <3, 5>, <4, 6> ],
[ <1, 5>, <2, 4>, <3, 6> ],
[ <1, 2>, <3, 6>, <4, 5> ],
[ <1, 2>, <3, 4>, <5, 6> ],
[ <1, 4>, <2, 6>, <3, 5> ],
[ <1, 2>, <3, 5>, <4, 6> ],
[ <1, 3>, <2, 4>, <5, 6> ],
[ <1, 4>, <2, 6>, <3, 5> ],
[ <1, 6>, <2, 3>, <4, 5> ],
[ <1, 3>, <2, 6>, <4, 5> ],
[ <1, 4>, <2, 6>, <3, 5> ],
[ <1, 2>, <3, 4>, <5, 6> ],
[ <1, 4>, <2, 5>, <3, 6> ],
[ <1, 4>, <2, 5>, <3, 6> ],
[ <1, 4>, <2, 5>, <3, 6> ],
[ <1, 6>, <2, 4>, <3, 5> ],
[ <1, 3>, <2, 6>, <4, 5> ],
[ <1, 5>, <2, 6>, <3, 4> ],
[ <1, 2>, <3, 5>, <4, 6> ],
[ <1, 6>, <2, 3>, <4, 5> ],
[ <1, 2>, <3, 4>, <5, 6> ],
[ <1, 6>, <2, 3>, <4, 5> ],
[ <1, 3>, <2, 5>, <4, 6> ],
[ <1, 2>, <3, 5>, <4, 6> ],
[ <1, 4>, <2, 3>, <5, 6> ],
[ <1, 6>, <2, 3>, <4, 5> ],
[ <1, 6>, <2, 5>, <3, 4> ],
[ <1, 4>, <2, 6>, <3, 5> ],
[ <1, 2>, <3, 6>, <4, 5> ],
[ <1, 6>, <2, 4>, <3, 5> ],
[ <1, 6>, <2, 4>, <3, 5> ],
[ <1, 6>, <2, 5>, <3, 4> ],
[ <1, 6>, <2, 4>, <3, 5> ],
[ <1, 2>, <3, 6>, <4, 5> ],
[ <1, 6>, <2, 4>, <3, 5> ],
[ <1, 2>, <3, 5>, <4, 6> ],
[ <1, 5>, <2, 3>, <4, 6> ],
[ <1, 5>, <2, 6>, <3, 4> ],
[ <1, 2>, <3, 5>, <4, 6> ],
[ <1, 2>, <3, 4>, <5, 6> ],
[ <1, 5>, <2, 6>, <3, 4> ],
[ <1, 3>, <2, 6>, <4, 5> ],
[ <1, 3>, <2, 6>, <4, 5> ],
[ <1, 3>, <2, 5>, <4, 6> ],
[ <1, 3>, <2, 5>, <4, 6> ],
[ <1, 4>, <2, 5>, <3, 6> ],
[ <1, 6>, <2, 3>, <4, 5> ],
[ <1, 5>, <2, 6>, <3, 4> ],
[ <1, 5>, <2, 3>, <4, 6> ],
[ <1, 4>, <2, 6>, <3, 5> ],
[ <1, 5>, <2, 4>, <3, 6> ],
[ <1, 5>, <2, 4>, <3, 6> ],
[ <1, 4>, <2, 3>, <5, 6> ],
[ <1, 6>, <2, 4>, <3, 5> ],
[ <1, 3>, <2, 4>, <5, 6> ],
[ <1, 6>, <2, 5>, <3, 4> ],
[ <1, 3>, <2, 5>, <4, 6> ],
[ <1, 4>, <2, 5>, <3, 6> ],
[ <1, 4>, <2, 6>, <3, 5> ],
[ <1, 5>, <2, 6>, <3, 4> ],
[ <1, 3>, <2, 6>, <4, 5> ],
[ <1, 6>, <2, 4>, <3, 5> ],
[ <1, 3>, <2, 4>, <5, 6> ],
[ <1, 4>, <2, 6>, <3, 5> ],
[ <1, 6>, <2, 5>, <3, 4> ],
[ <1, 5>, <2, 4>, <3, 6> ],
[ <1, 5>, <2, 4>, <3, 6> ],
[ <1, 6>, <2, 4>, <3, 5> ],
[ <1, 4>, <2, 3>, <5, 6> ],
[ <1, 4>, <2, 5>, <3, 6> ],
[ <1, 4>, <2, 5>, <3, 6> ],
[ <1, 5>, <2, 3>, <4, 6> ],
[ <1, 5>, <2, 4>, <3, 6> ],
[ <1, 4>, <2, 5>, <3, 6> ],
[ <1, 6>, <2, 5>, <3, 4> ],
[ <1, 6>, <2, 5>, <3, 4> ],
[ <1, 3>, <2, 4>, <5, 6> ],
[ <1, 2>, <3, 5>, <4, 6> ],
[ <1, 3>, <2, 4>, <5, 6> ],
[ <1, 4>, <2, 5>, <3, 6> ],
[ <1, 6>, <2, 4>, <3, 5> ],
[ <1, 5>, <2, 6>, <3, 4> ],
[ <1, 2>, <3, 6>, <4, 5> ],
[ <1, 4>, <2, 3>, <5, 6> ],
[ <1, 3>, <2, 5>, <4, 6> ],
[ <1, 6>, <2, 3>, <4, 5> ],
[ <1, 5>, <2, 6>, <3, 4> ],
[ <1, 6>, <2, 3>, <4, 5> ],
[ <1, 3>, <2, 6>, <4, 5> ],
[ <1, 3>, <2, 6>, <4, 5> ],
[ <1, 2>, <3, 6>, <4, 5> ],
[ <1, 4>, <2, 6>, <3, 5> ],
[ <1, 4>, <2, 5>, <3, 6> ],
[ <1, 4>, <2, 3>, <5, 6> ],
[ <1, 3>, <2, 6>, <4, 5> ],
[ <1, 6>, <2, 3>, <4, 5> ],
[ <1, 2>, <3, 5>, <4, 6> ],
[ <1, 4>, <2, 5>, <3, 6> ],
[ <1, 2>, <3, 5>, <4, 6> ],
[ <1, 6>, <2, 5>, <3, 4> ],
[ <1, 3>, <2, 6>, <4, 5> ],
[ <1, 4>, <2, 6>, <3, 5> ],
[ <1, 5>, <2, 3>, <4, 6> ],
[ <1, 2>, <3, 5>, <4, 6> ],
[ <1, 6>, <2, 4>, <3, 5> ],
[ <1, 5>, <2, 6>, <3, 4> ],
[ <1, 3>, <2, 6>, <4, 5> ],
[ <1, 4>, <2, 5>, <3, 6> ],
[ <1, 3>, <2, 6>, <4, 5> ],
[ <1, 6>, <2, 5>, <3, 4> ],
[ <1, 3>, <2, 6>, <4, 5> ],
[ <1, 6>, <2, 4>, <3, 5> ],
[ <1, 2>, <3, 4>, <5, 6> ],
[ <1, 5>, <2, 4>, <3, 6> ],
[ <1, 5>, <2, 3>, <4, 6> ],
[ <1, 4>, <2, 6>, <3, 5> ],
[ <1, 6>, <2, 4>, <3, 5> ],
[ <1, 5>, <2, 6>, <3, 4> ],
[ <1, 3>, <2, 5>, <4, 6> ],
[ <1, 3>, <2, 6>, <4, 5> ],
[ <1, 4>, <2, 6>, <3, 5> ],
[ <1, 4>, <2, 5>, <3, 6> ],
[ <1, 4>, <2, 6>, <3, 5> ],
[ <1, 3>, <2, 4>, <5, 6> ],
[ <1, 4>, <2, 3>, <5, 6> ],
[ <1, 2>, <3, 5>, <4, 6> ],
[ <1, 6>, <2, 3>, <4, 5> ],
[ <1, 5>, <2, 3>, <4, 6> ],
[ <1, 4>, <2, 5>, <3, 6> ],
[ <1, 5>, <2, 4>, <3, 6> ],
[ <1, 5>, <2, 3>, <4, 6> ],
[ <1, 2>, <3, 4>, <5, 6> ],
[ <1, 5>, <2, 3>, <4, 6> ],
[ <1, 3>, <2, 6>, <4, 5> ],
[ <1, 4>, <2, 3>, <5, 6> ],
[ <1, 3>, <2, 5>, <4, 6> ],
[ <1, 5>, <2, 3>, <4, 6> ],
[ <1, 3>, <2, 6>, <4, 5> ],
[ <1, 2>, <3, 5>, <4, 6> ]
]
> 
> allconjdualinds := [];
> for i := 1 to #allchars do
for>     conjdualinds := [j : j in [1..#allchars[i]] | isconjugatethedual(allchars[i][j],ell : chi_ell := \
chi_ell, ellaboveK := ellaboveK)];
for>     Append(~allconjdualinds,conjdualinds);
for> end for;
> {* #x : x in allconjdualinds *};
{* 2^^380, 4 *}
> allconjdualinds;
[
[ 4, 6 ],
[ 1, 2 ],
[ 2, 6 ],
[ 4, 6 ],
[ 2, 4 ],
[ 2, 4 ],
[ 3, 6 ],
[ 2, 4 ],
[ 2, 5 ],
[ 5, 6 ],
[ 2, 4 ],
[ 4, 5 ],
[ 2, 6 ],
[ 2, 6 ],
[ 1, 4 ],
[ 2, 4 ],
[ 3, 6 ],
[ 2, 5 ],
[ 2, 4 ],
[ 3, 5 ],
[ 4, 6 ],
[ 2, 3 ],
[ 2, 3 ],
[ 2, 5 ],
[ 5, 6 ],
[ 3, 6 ],
[ 1, 4 ],
[ 1, 5 ],
[ 1, 5 ],
[ 1, 4 ],
[ 1, 6 ],
[ 1, 6 ],
[ 2, 4 ],
[ 3, 6 ],
[ 1, 5 ],
[ 1, 6 ],
[ 4, 6 ],
[ 4, 5 ],
[ 2, 3 ],
[ 3, 5 ],
[ 3, 4 ],
[ 1, 3 ],
[ 1, 3 ],
[ 1, 6 ],
[ 2, 3 ],
[ 4, 6 ],
[ 1, 3 ],
[ 4, 5 ],
[ 3, 6 ],
[ 3, 6 ],
[ 1, 6 ],
[ 1, 2 ],
[ 4, 6 ],
[ 3, 6 ],
[ 4, 5 ],
[ 2, 5 ],
[ 1, 4 ],
[ 2, 6 ],
[ 2, 3 ],
[ 1, 6 ],
[ 2, 5 ],
[ 1, 3 ],
[ 1, 4 ],
[ 2, 5 ],
[ 1, 3 ],
[ 4, 5 ],
[ 1, 4 ],
[ 2, 5 ],
[ 1, 4 ],
[ 3, 4 ],
[ 3, 6 ],
[ 1, 6 ],
[ 1, 4 ],
[ 1, 4 ],
[ 4, 5 ],
[ 1, 6 ],
[ 1, 2 ],
[ 4, 6 ],
[ 2, 6 ],
[ 2, 5 ],
[ 3, 4 ],
[ 1, 4 ],
[ 2, 4 ],
[ 2, 6 ],
[ 2, 6 ],
[ 1, 5 ],
[ 3, 4 ],
[ 3, 6 ],
[ 1, 6 ],
[ 1, 3 ],
[ 2, 3 ],
[ 5, 6 ],
[ 4, 6 ],
[ 2, 4 ],
[ 2, 5 ],
[ 4, 5 ],
[ 1, 2 ],
[ 1, 6 ],
[ 3, 6 ],
[ 3, 4 ],
[ 4, 5 ],
[ 1, 3 ],
[ 3, 4 ],
[ 1, 4 ],
[ 3, 4 ],
[ 3, 6 ],
[ 5, 6 ],
[ 1, 2 ],
[ 2, 5 ],
[ 1, 2 ],
[ 3, 5 ],
[ 3, 4 ],
[ 3, 5 ],
[ 3, 5 ],
[ 4, 6 ],
[ 3, 4 ],
[ 1, 4 ],
[ 1, 2 ],
[ 2, 3 ],
[ 2, 4 ],
[ 1, 3 ],
[ 2, 5 ],
[ 1, 3 ],
[ 5, 6 ],
[ 3, 5 ],
[ 2, 6 ],
[ 4, 5 ],
[ 2, 5 ],
[ 4, 5 ],
[ 2, 6 ],
[ 2, 4 ],
[ 5, 6 ],
[ 1, 3 ],
[ 2, 5 ],
[ 2, 4 ],
[ 1, 5 ],
[ 2, 4 ],
[ 3, 4 ],
[ 3, 5 ],
[ 2, 4 ],
[ 2, 3 ],
[ 3, 5 ],
[ 4, 5 ],
[ 4, 5 ],
[ 2, 4 ],
[ 1, 6 ],
[ 2, 6 ],
[ 4, 6 ],
[ 4, 5 ],
[ 2, 3 ],
[ 1, 2 ],
[ 2, 5 ],
[ 3, 6 ],
[ 2, 4 ],
[ 1, 5 ],
[ 1, 3 ],
[ 1, 4 ],
[ 5, 6 ],
[ 2, 3 ],
[ 1, 4 ],
[ 5, 6 ],
[ 3, 5 ],
[ 5, 6 ],
[ 2, 5 ],
[ 2, 4 ],
[ 4, 5 ],
[ 2, 6 ],
[ 3, 5 ],
[ 1, 4 ],
[ 4, 5 ],
[ 2, 6 ],
[ 4, 5 ],
[ 5, 6 ],
[ 1, 2 ],
[ 4, 5 ],
[ 1, 2 ],
[ 4, 6 ],
[ 1, 3 ],
[ 2, 4 ],
[ 3, 6 ],
[ 4, 5 ],
[ 1, 2 ],
[ 4, 5 ],
[ 2, 4 ],
[ 2, 3 ],
[ 1, 4 ],
[ 3, 4 ],
[ 2, 3 ],
[ 1, 5 ],
[ 2, 3 ],
[ 2, 3 ],
[ 2, 5 ],
[ 5, 6 ],
[ 2, 5 ],
[ 1, 5 ],
[ 1, 5 ],
[ 1, 6 ],
[ 2, 5 ],
[ 4, 6 ],
[ 4, 5 ],
[ 3, 4 ],
[ 3, 5 ],
[ 1, 6 ],
[ 3, 4 ],
[ 2, 3 ],
[ 4, 5 ],
[ 1, 2, 5, 6 ],
[ 2, 3 ],
[ 2, 5 ],
[ 4, 5 ],
[ 2, 3 ],
[ 2, 3 ],
[ 2, 3 ],
[ 3, 5 ],
[ 1, 3 ],
[ 2, 5 ],
[ 3, 4 ],
[ 2, 3 ],
[ 2, 4 ],
[ 3, 4 ],
[ 1, 5 ],
[ 1, 3 ],
[ 3, 4 ],
[ 1, 3 ],
[ 3, 6 ],
[ 4, 6 ],
[ 3, 6 ],
[ 4, 5 ],
[ 5, 6 ],
[ 2, 3 ],
[ 3, 4 ],
[ 1, 3 ],
[ 2, 3 ],
[ 4, 6 ],
[ 3, 5 ],
[ 1, 2 ],
[ 2, 4 ],
[ 4, 6 ],
[ 2, 5 ],
[ 1, 2 ],
[ 3, 5 ],
[ 5, 6 ],
[ 1, 2 ],
[ 3, 6 ],
[ 4, 5 ],
[ 3, 4 ],
[ 1, 4 ],
[ 1, 2 ],
[ 1, 3 ],
[ 1, 4 ],
[ 4, 5 ],
[ 2, 6 ],
[ 3, 5 ],
[ 1, 2 ],
[ 3, 6 ],
[ 1, 4 ],
[ 3, 6 ],
[ 3, 5 ],
[ 2, 6 ],
[ 3, 4 ],
[ 1, 2 ],
[ 1, 6 ],
[ 1, 2 ],
[ 1, 6 ],
[ 4, 6 ],
[ 4, 6 ],
[ 2, 3 ],
[ 2, 3 ],
[ 2, 5 ],
[ 2, 6 ],
[ 1, 2 ],
[ 3, 5 ],
[ 2, 4 ],
[ 2, 5 ],
[ 2, 4 ],
[ 1, 2 ],
[ 2, 4 ],
[ 3, 5 ],
[ 2, 3 ],
[ 3, 4 ],
[ 1, 2 ],
[ 5, 6 ],
[ 2, 6 ],
[ 1, 3 ],
[ 1, 3 ],
[ 1, 3 ],
[ 2, 5 ],
[ 2, 5 ],
[ 4, 5 ],
[ 3, 4 ],
[ 1, 5 ],
[ 1, 4 ],
[ 2, 4 ],
[ 2, 4 ],
[ 5, 6 ],
[ 3, 5 ],
[ 2, 4 ],
[ 2, 5 ],
[ 1, 3 ],
[ 2, 5 ],
[ 1, 4 ],
[ 2, 6 ],
[ 4, 5 ],
[ 2, 4 ],
[ 2, 4 ],
[ 3, 5 ],
[ 2, 5 ],
[ 3, 6 ],
[ 2, 4 ],
[ 2, 4 ],
[ 1, 4 ],
[ 2, 5 ],
[ 1, 4 ],
[ 4, 6 ],
[ 3, 6 ],
[ 3, 6 ],
[ 3, 4 ],
[ 2, 5 ],
[ 1, 3 ],
[ 4, 6 ],
[ 5, 6 ],
[ 3, 6 ],
[ 1, 6 ],
[ 2, 6 ],
[ 4, 5 ],
[ 5, 6 ],
[ 4, 6 ],
[ 2, 3 ],
[ 2, 6 ],
[ 2, 3 ],
[ 4, 5 ],
[ 1, 3 ],
[ 4, 5 ],
[ 2, 6 ],
[ 2, 5 ],
[ 2, 3 ],
[ 2, 6 ],
[ 1, 6 ],
[ 1, 2 ],
[ 3, 6 ],
[ 4, 6 ],
[ 1, 6 ],
[ 4, 5 ],
[ 1, 4 ],
[ 1, 5 ],
[ 4, 6 ],
[ 2, 4 ],
[ 3, 4 ],
[ 4, 5 ],
[ 1, 4 ],
[ 2, 6 ],
[ 1, 6 ],
[ 2, 6 ],
[ 3, 5 ],
[ 1, 2 ],
[ 1, 5 ],
[ 2, 3 ],
[ 2, 6 ],
[ 2, 4 ],
[ 3, 4 ],
[ 2, 5 ],
[ 2, 6 ],
[ 1, 4 ],
[ 2, 5 ],
[ 3, 5 ],
[ 1, 3 ],
[ 2, 3 ],
[ 1, 2 ],
[ 4, 5 ],
[ 1, 5 ],
[ 3, 6 ],
[ 2, 4 ],
[ 2, 3 ],
[ 5, 6 ],
[ 2, 3 ],
[ 1, 3 ],
[ 2, 3 ],
[ 1, 3 ],
[ 2, 3 ],
[ 1, 3 ],
[ 3, 5 ]
]

Total time: 3377.260 seconds, Total memory usage: 959.94MB
