> load "nonsurj7.txt";
Loading "nonsurj7.txt"
> AttachSpec("spec");
> 
> load "allcharsoutput.txt";
Loading "allcharsoutput.txt"
> assert #condgens eq 381 and #vals eq 381;
> 
> F<zeta3> := CyclotomicField(3);
> OF := RingOfIntegers(F);
> ell := 7;
> ellaboveF := PrimeIdealsOverPrime(F,ell);
> lam1 := ellaboveF[1]; lam2 := ellaboveF[2];
> K<zeta6> := CyclotomicField(ell-1);
> ellaboveK := PrimeIdealsOverPrime(K,ell)[1];
> chi_ell := ModEllCyclotomicCharacter(F,ell : K := K, lambda := ellaboveK);
> 
> P<x> := PolynomialRing(Rationals());
> condgens := condgens_prunedchars;
> vals := vals_prunedchars;
> // time prunedchars := [[*HeckeCharacter((F!condgens[i][j])*OF,[*<F!x[1],K!x[2]> : x i\
n vals[i][j]*]) : j in [1..#vals[i]] *] : i in [1..#vals]];
> // Time: 1284.250
> // time prunedchars := [[*HeckeCharacter((F!condgens[i][j])*OF,[*<F!x[1],K!x[2]> : x i\
n vals[i][j]*]) : j in [1..#vals[i]] *] : i in [1..10]];
> // time temp, pairinds := pairupconjugate(prunedchars[1],ell);
> // time allpossiblesubsetsofchars := [CompatibleSubsetsOfChars(P!curves[i],ell,prunedc\
hars[i],Galpairinds[i],pairinds[i]) : i in [1..#prunedchars]];
> allpossiblesubsetsofchars := [];
> errorinds := [];
> for i := 1 to #curves do
for>     try
for|try>         chars := [*HeckeCharacter((F!condgens[i][j])*OF,[*<F!x[1],K!x[2]> : x i\
n vals[i][j]*]) : j in [1..#vals[i]] *];
for|try>         ans := CompatibleSubsetsOfChars(P!curves[i],ell,chars,Galpairinds[i],pa\
irinds[i]);
for|try>         printf "%o:%o", i, &cat[s : s in Split(Sprint(ans),"\n")];
for|try>         Append(~allpossiblesubsetsofchars,ans);
for|try>     catch e;
for|try>         Append(~errorinds,i);
for|try>     end try;
for> end for;
> #allpossiblesubsetsofchars;
0
> #errorinds;
381
> allpossiblesubsetsofchars := [];
> errorinds := [];
> for i := 1 to #curves do
for>     try
for|try>         chars := [*HeckeCharacter((F!condgens[i][j])*OF,[*<F!x[1],K!x[2]> : x i\
n vals[i][j]*]) : j in [1..#vals[i]] *];
for|try>         ans := CompatibleSubsetsOfChars(P!curves[i],ell,chars,Galpairinds[i],pa\
irinds[i]);
for|try>         // printf "%o:%o\n", i, &cat[s : s in Split(Sprint(ans),"\n")];
for|try>         Append(~allpossiblesubsetsofchars,ans);
for|try>     catch e;
for|try>         print e;
for|try>         Append(~errorinds,i);
for|try>     end try;
for> end for;
> errorinds;
[ 6, 87 ]
> allpossiblesubsetsofchars[1];
[ [*
<GSet{@ 4, 6 @}, 1>,
<GSet{@ 1, 2, 3, 5 @}, 0>
*] ]
> {*#x : x in allpossiblesubsetsofchars*};
{* 0^^135, 1^^241, 2^^3 *}
> L := [[[*<Set(z[1]),z[2]> : z in y*] : y in x] : x in allpossiblesubsetsofchars];
> L[1];
[ [*
<{ 4, 6 }, 1>,
<{ 1, 2, 3, 5 }, 0>
*] ]
> {*#x : x in L*};
{* 0^^135, 1^^241, 2^^3 *}
> PrintFile("allcharsoutput.txt", "allpossiblesubsetsofchars := ");
> PrintFile("allcharsoutput.txt", L);
> PrintFile("allcharsoutput.txt", ";");

Total time: 3252.889 seconds, Total memory usage: 652.72MB

> 
> Allpossiblesubsetsofchars := [];
> errorinds := [];
> time for i := 1 to #curves do
time|for>     try
time|for|try>         chars := [*HeckeCharacter((F!condgens[i][j])*OF,[*<F!x[1],K!x[2]> \
: x in vals[i][j]*]) : j in [1..#vals[i]] *];
time|for|try>         assert #chars in {4,6,8};
time|for|try>         ans := CompatibleSubsetsOfChars(P!curves[i],ell,chars,allGalpairin\
ds[i],allpairinds[i]);
time|for|try>         printf "%o:%o\n", i, &cat[s : s in Split(Sprint(ans),"\n")];
time|for|try>         Append(~Allpossiblesubsetsofchars,ans);
time|for|try>     catch e;
time|for|try>         print i, e;
time|for|try>         Append(~errorinds,i);
time|for|try>     end try;
time|for> end for;
1:[ [*<GSet{@ 4, 6 @}, 1>,<GSet{@ 1, 2, 3, 5 @}, 0>*] ]
2:[ [*<GSet{@ 1, 2 @}, 1>,<GSet{@ 3, 6, 5, 4 @}, 0>*] ]
3:[ [*<GSet{@ 2, 6 @}, 1>,<GSet{@ 1, 4, 3, 5 @}, 0>*] ]
4:[ [*<GSet{@ 4, 6 @}, 1>,<GSet{@ 1, 5, 2, 3 @}, 0>*] ]
5:[ [*<GSet{@ 2, 4 @}, 1>,<GSet{@ 1, 6, 3, 5 @}, 0>*] ]
11 [
GSet{@ 1, 3 @},
GSet{@ 2, 4 @}
]
<0, 1>
6:false
6 
>>         Append(~Allpossiblesubsetsofchars,ans);
                 ^
Runtime error in 'Append': Cannot coerce element into the universe

7:[ [*<GSet{@ 3, 6 @}, 1>,<GSet{@ 1, 2, 4, 5 @}, 0>*] ]
8:[ [*<GSet{@ 2, 4 @}, 1>,<GSet{@ 1, 6, 5, 3 @}, 0>*] ]
9:[ [*<GSet{@ 2, 5 @}, 1>,<GSet{@ 1, 4, 3, 6 @}, 0>*] ]
10:[ [*<GSet{@ 5, 6 @}, 1>,<GSet{@ 1, 2, 3, 4 @}, 0>*] ]
11:[ [*<GSet{@ 1, 3 @}, 0>,<GSet{@ 2, 4 @}, 1>*], [*<GSet{@ 1, 3 @}, 1>,<GSet{@ 2, 4 @}, 0>*] ]
12:[ [*<GSet{@ 4, 5 @}, 1>,<GSet{@ 1, 6, 2, 3 @}, 0>*] ]
13:[ [*<GSet{@ 2, 6 @}, 1>,<GSet{@ 1, 5, 4, 3 @}, 0>*] ]
14:[ [*<GSet{@ 2, 6 @}, 1>,<GSet{@ 1, 4, 3, 5 @}, 0>*] ]
15:[ [*<GSet{@ 1, 4 @}, 1>,<GSet{@ 2, 6, 5, 3 @}, 0>*] ]
16:[ [*<GSet{@ 2, 4 @}, 1>,<GSet{@ 1, 6, 5, 3 @}, 0>*] ]
17:[ [*<GSet{@ 3, 6 @}, 1>,<GSet{@ 1, 5, 2, 4 @}, 0>*] ]
18:[ [*<GSet{@ 2, 5 @}, 1>,<GSet{@ 1, 3, 4, 6 @}, 0>*] ]
19:[ [*<GSet{@ 2, 4 @}, 1>,<GSet{@ 1, 6, 5, 3 @}, 0>*] ]
20:[ [*<GSet{@ 3, 5 @}, 1>,<GSet{@ 1, 4, 2, 6 @}, 0>*] ]
21:[ [*<GSet{@ 4, 6 @}, 1>,<GSet{@ 1, 3, 2, 5 @}, 0>*] ]
22:[ [*<GSet{@ 2, 3 @}, 1>,<GSet{@ 1, 6, 5, 4 @}, 0>*] ]
23:[ [*<GSet{@ 2, 3 @}, 1>,<GSet{@ 1, 5, 4, 6 @}, 0>*] ]
24:[ [*<GSet{@ 2, 5 @}, 1>,<GSet{@ 1, 6, 4, 3 @}, 0>*] ]
25:[ [*<GSet{@ 5, 6 @}, 0>,<GSet{@ 1, 4, 3, 2 @}, 1>*], [*<GSet{@ 5, 6 @}, 1>,<GSet{@ 1, 4, 3, 2 @}, 0>*], [*<GSet{@ 5, 6 @}, 1>,<GSet{@ 1, 4, 3, 2 @}, 1>*] ]
26:[ [*<GSet{@ 3, 6 @}, 1>,<GSet{@ 1, 5, 4, 2 @}, 0>*] ]
27:[ [*<GSet{@ 1, 4 @}, 1>,<GSet{@ 2, 6, 5, 3 @}, 0>*] ]
28:[ [*<GSet{@ 1, 5 @}, 1>,<GSet{@ 2, 6, 3, 4 @}, 0>*] ]
29:[ [*<GSet{@ 1, 5 @}, 1>,<GSet{@ 2, 4, 6, 3 @}, 0>*] ]
30:[ [*<GSet{@ 1, 4 @}, 1>,<GSet{@ 2, 5, 6, 3 @}, 0>*] ]
31:[ [*<GSet{@ 1, 6 @}, 1>,<GSet{@ 2, 5, 4, 3 @}, 0>*] ]
32:[ [*<GSet{@ 1, 6 @}, 1>,<GSet{@ 2, 4, 3, 5 @}, 0>*] ]
33:[ [*<GSet{@ 2, 4 @}, 1>,<GSet{@ 1, 3, 5, 6 @}, 0>*] ]
34:[ [*<GSet{@ 3, 6 @}, 1>,<GSet{@ 1, 5, 2, 4 @}, 0>*] ]
35:[ [*<GSet{@ 1, 5 @}, 1>,<GSet{@ 2, 4, 3, 6 @}, 0>*] ]
36:[ [*<GSet{@ 1, 6 @}, 1>,<GSet{@ 2, 5, 3, 4 @}, 0>*] ]
37:[ [*<GSet{@ 4, 6 @}, 1>,<GSet{@ 1, 5, 3, 2 @}, 0>*] ]
38:[ [*<GSet{@ 4, 5 @}, 1>,<GSet{@ 1, 3, 2, 6 @}, 0>*] ]
39:[ [*<GSet{@ 2, 3 @}, 1>,<GSet{@ 1, 4, 6, 5 @}, 0>*] ]
40:[ [*<GSet{@ 3, 5 @}, 1>,<GSet{@ 1, 6, 2, 4 @}, 0>*] ]
41:[ [*<GSet{@ 3, 4 @}, 1>,<GSet{@ 1, 2, 5, 6 @}, 0>*] ]
42:[ [*<GSet{@ 1, 3 @}, 1>,<GSet{@ 2, 4, 5, 6 @}, 0>*] ]
43:[ [*<GSet{@ 1, 3 @}, 1>,<GSet{@ 2, 5, 6, 4 @}, 0>*] ]
44:[ [*<GSet{@ 1, 6 @}, 1>,<GSet{@ 2, 5, 3, 4 @}, 0>*] ]
45:[ [*<GSet{@ 2, 3 @}, 1>,<GSet{@ 1, 6, 5, 4 @}, 0>*] ]
46:[ [*<GSet{@ 4, 6 @}, 1>,<GSet{@ 1, 2, 5, 3 @}, 0>*] ]
47:[ [*<GSet{@ 1, 3 @}, 1>,<GSet{@ 2, 4, 6, 5 @}, 0>*] ]
48:[ [*<GSet{@ 4, 5 @}, 1>,<GSet{@ 1, 2, 6, 3 @}, 0>*] ]
49:[ [*<GSet{@ 3, 6 @}, 1>,<GSet{@ 1, 4, 2, 5 @}, 0>*] ]
50:[ [*<GSet{@ 3, 6 @}, 1>,<GSet{@ 1, 5, 2, 4 @}, 0>*] ]
51:[ [*<GSet{@ 1, 6 @}, 1>,<GSet{@ 2, 5, 3, 4 @}, 0>*] ]
52:[ [*<GSet{@ 1, 2 @}, 1>,<GSet{@ 3, 5, 4, 6 @}, 0>*] ]
53:[ [*<GSet{@ 4, 6 @}, 1>,<GSet{@ 1, 5, 3, 2 @}, 0>*] ]
54:[ [*<GSet{@ 3, 6 @}, 1>,<GSet{@ 1, 4, 2, 5 @}, 0>*] ]
55:[ [*<GSet{@ 4, 5 @}, 1>,<GSet{@ 1, 2, 3, 6 @}, 0>*] ]
56:[ [*<GSet{@ 2, 5 @}, 1>,<GSet{@ 1, 6, 4, 3 @}, 0>*] ]
57:[ [*<GSet{@ 1, 4 @}, 1>,<GSet{@ 2, 6, 3, 5 @}, 0>*] ]
58:[ [*<GSet{@ 2, 6 @}, 1>,<GSet{@ 1, 4, 3, 5 @}, 0>*] ]
59:[ [*<GSet{@ 2, 3 @}, 1>,<GSet{@ 1, 4, 5, 6 @}, 0>*] ]
60:[ [*<GSet{@ 1, 6 @}, 1>,<GSet{@ 2, 4, 3, 5 @}, 0>*] ]
61:[ [*<GSet{@ 2, 5 @}, 1>,<GSet{@ 1, 3, 4, 6 @}, 0>*] ]
62:[ [*<GSet{@ 1, 3 @}, 1>,<GSet{@ 2, 5, 4, 6 @}, 0>*] ]
63:[ [*<GSet{@ 1, 4 @}, 1>,<GSet{@ 2, 3, 5, 6 @}, 0>*] ]
64:[ [*<GSet{@ 2, 5 @}, 1>,<GSet{@ 1, 6, 3, 4 @}, 0>*] ]
65:[ [*<GSet{@ 1, 3 @}, 1>,<GSet{@ 2, 4, 5, 6 @}, 0>*] ]
66:[ [*<GSet{@ 4, 5 @}, 1>,<GSet{@ 1, 2, 6, 3 @}, 0>*] ]
67:[ [*<GSet{@ 1, 4 @}, 1>,<GSet{@ 2, 3, 5, 6 @}, 0>*] ]
68:[ [*<GSet{@ 2, 5 @}, 1>,<GSet{@ 1, 4, 3, 6 @}, 0>*] ]
69:[ [*<GSet{@ 1, 4 @}, 1>,<GSet{@ 2, 3, 5, 6 @}, 0>*] ]
70:[ [*<GSet{@ 3, 4 @}, 1>,<GSet{@ 1, 2, 5, 6 @}, 0>*] ]
71:[ [*<GSet{@ 3, 6 @}, 1>,<GSet{@ 1, 4, 5, 2 @}, 0>*] ]
72:[ [*<GSet{@ 1, 6 @}, 1>,<GSet{@ 2, 5, 3, 4 @}, 0>*] ]
73:[ [*<GSet{@ 1, 4 @}, 1>,<GSet{@ 2, 3, 6, 5 @}, 0>*] ]
74:[ [*<GSet{@ 1, 4 @}, 1>,<GSet{@ 2, 6, 5, 3 @}, 0>*] ]
75:[ [*<GSet{@ 4, 5 @}, 1>,<GSet{@ 1, 2, 3, 6 @}, 0>*] ]
76:[ [*<GSet{@ 1, 6 @}, 1>,<GSet{@ 2, 4, 5, 3 @}, 0>*] ]
77:[ [*<GSet{@ 1, 2 @}, 1>,<GSet{@ 3, 6, 5, 4 @}, 0>*] ]
78:[ [*<GSet{@ 4, 6 @}, 1>,<GSet{@ 1, 5, 3, 2 @}, 0>*] ]
79:[ [*<GSet{@ 2, 6 @}, 1>,<GSet{@ 1, 3, 4, 5 @}, 0>*] ]
80:[ [*<GSet{@ 2, 5 @}, 1>,<GSet{@ 1, 6, 4, 3 @}, 0>*] ]
81:[ [*<GSet{@ 3, 4 @}, 1>,<GSet{@ 1, 6, 5, 2 @}, 0>*] ]
82:[ [*<GSet{@ 1, 4 @}, 1>,<GSet{@ 2, 5, 6, 3 @}, 0>*] ]
83:[ [*<GSet{@ 2, 4 @}, 1>,<GSet{@ 1, 5, 6, 3 @}, 0>*] ]
84:[ [*<GSet{@ 2, 6 @}, 1>,<GSet{@ 1, 3, 4, 5 @}, 0>*] ]
85:[ [*<GSet{@ 2, 6 @}, 1>,<GSet{@ 1, 3, 4, 5 @}, 0>*] ]
86:[ [*<GSet{@ 1, 5 @}, 1>,<GSet{@ 2, 4, 6, 3 @}, 0>*] ]
11 [
GSet{@ 1, 2 @},
GSet{@ 3, 4 @}
]
<0, 1>
87:false
87 
>>         Append(~Allpossiblesubsetsofchars,ans);
                 ^
Runtime error in 'Append': Cannot coerce element into the universe

88:[ [*<GSet{@ 3, 6 @}, 1>,<GSet{@ 1, 2, 4, 5 @}, 0>*] ]
89:[ [*<GSet{@ 1, 6 @}, 1>,<GSet{@ 2, 5, 4, 3 @}, 0>*] ]
90:[ [*<GSet{@ 1, 3 @}, 1>,<GSet{@ 2, 4, 5, 6 @}, 0>*] ]
91:[ [*<GSet{@ 2, 3 @}, 1>,<GSet{@ 1, 6, 5, 4 @}, 0>*] ]
92:[ [*<GSet{@ 5, 6 @}, 1>,<GSet{@ 1, 4, 2, 3 @}, 0>*] ]
93:[ [*<GSet{@ 4, 6 @}, 1>,<GSet{@ 1, 2, 3, 5 @}, 0>*] ]
94:[ [*<GSet{@ 2, 4 @}, 1>,<GSet{@ 1, 6, 3, 5 @}, 0>*] ]
95:[ [*<GSet{@ 2, 5 @}, 1>,<GSet{@ 1, 4, 3, 6 @}, 0>*] ]
96:[ [*<GSet{@ 4, 5 @}, 1>,<GSet{@ 1, 2, 3, 6 @}, 0>*] ]
97:[ [*<GSet{@ 1, 2 @}, 1>,<GSet{@ 3, 6, 5, 4 @}, 0>*] ]
98:[ [*<GSet{@ 1, 6 @}, 1>,<GSet{@ 2, 5, 3, 4 @}, 0>*] ]
99:[ [*<GSet{@ 3, 6 @}, 1>,<GSet{@ 1, 5, 4, 2 @}, 0>*] ]
100:[ [*<GSet{@ 3, 4 @}, 1>,<GSet{@ 1, 2, 6, 5 @}, 0>*] ]
101:[ [*<GSet{@ 4, 5 @}, 1>,<GSet{@ 1, 2, 3, 6 @}, 0>*] ]
102:[ [*<GSet{@ 1, 3 @}, 1>,<GSet{@ 2, 5, 6, 4 @}, 0>*] ]
103:[ [*<GSet{@ 3, 4 @}, 1>,<GSet{@ 1, 6, 2, 5 @}, 0>*] ]
104:[ [*<GSet{@ 1, 4 @}, 0>,<GSet{@ 2, 3, 5, 6 @}, 1>*], [*<GSet{@ 1, 4 @}, 1>,<GSet{@ 2, 3, 5, 6 @}, 0>*], [*<GSet{@ 1, 4 @}, 1>,<GSet{@ 2, 3, 5, 6 @}, 1>*] ]
105:[ [*<GSet{@ 3, 4 @}, 1>,<GSet{@ 1, 5, 2, 6 @}, 0>*] ]
106:[ [*<GSet{@ 3, 6 @}, 1>,<GSet{@ 1, 2, 4, 5 @}, 0>*] ]
107:[ [*<GSet{@ 5, 6 @}, 1>,<GSet{@ 1, 2, 4, 3 @}, 0>*] ]
108:[ [*<GSet{@ 1, 2 @}, 1>,<GSet{@ 3, 4, 6, 5 @}, 0>*] ]
109:[ [*<GSet{@ 2, 5 @}, 1>,<GSet{@ 1, 3, 4, 6 @}, 0>*] ]
110:[ [*<GSet{@ 1, 2 @}, 1>,<GSet{@ 3, 6, 4, 5 @}, 0>*] ]
111:[ [*<GSet{@ 3, 5 @}, 1>,<GSet{@ 1, 6, 4, 2 @}, 0>*] ]
112:[ [*<GSet{@ 3, 4 @}, 1>,<GSet{@ 1, 6, 5, 2 @}, 0>*] ]
113:[ [*<GSet{@ 3, 5 @}, 1>,<GSet{@ 1, 4, 6, 2 @}, 0>*] ]
114:[ [*<GSet{@ 3, 5 @}, 1>,<GSet{@ 1, 4, 2, 6 @}, 0>*] ]
115:[ [*<GSet{@ 4, 6 @}, 1>,<GSet{@ 1, 2, 3, 5 @}, 0>*] ]
116:[ [*<GSet{@ 3, 4 @}, 1>,<GSet{@ 1, 5, 2, 6 @}, 0>*] ]
117:[ [*<GSet{@ 1, 4 @}, 1>,<GSet{@ 2, 3, 5, 6 @}, 0>*] ]
118:[ [*<GSet{@ 1, 2 @}, 1>,<GSet{@ 3, 4, 6, 5 @}, 0>*] ]
119:[ [*<GSet{@ 2, 3 @}, 1>,<GSet{@ 1, 6, 4, 5 @}, 0>*] ]
120:[ [*<GSet{@ 2, 4 @}, 1>,<GSet{@ 1, 3, 5, 6 @}, 0>*] ]
121:[ [*<GSet{@ 1, 3 @}, 1>,<GSet{@ 2, 6, 5, 4 @}, 0>*] ]
122:[ [*<GSet{@ 2, 5 @}, 1>,<GSet{@ 1, 6, 4, 3 @}, 0>*] ]
123:[ [*<GSet{@ 1, 3 @}, 1>,<GSet{@ 2, 4, 6, 5 @}, 0>*] ]
124:[ [*<GSet{@ 5, 6 @}, 1>,<GSet{@ 1, 2, 3, 4 @}, 0>*] ]
125:[ [*<GSet{@ 3, 5 @}, 1>,<GSet{@ 1, 4, 6, 2 @}, 0>*] ]
126:[ [*<GSet{@ 2, 6 @}, 1>,<GSet{@ 1, 5, 4, 3 @}, 0>*] ]
127:[ [*<GSet{@ 4, 5 @}, 1>,<GSet{@ 1, 6, 2, 3 @}, 0>*] ]
128:[ [*<GSet{@ 2, 5 @}, 1>,<GSet{@ 1, 3, 6, 4 @}, 0>*] ]
129:[ [*<GSet{@ 4, 5 @}, 1>,<GSet{@ 1, 6, 3, 2 @}, 0>*] ]
130:[ [*<GSet{@ 2, 6 @}, 1>,<GSet{@ 1, 4, 3, 5 @}, 0>*] ]
131:[ [*<GSet{@ 2, 4 @}, 1>,<GSet{@ 1, 3, 5, 6 @}, 0>*] ]
132:[ [*<GSet{@ 5, 6 @}, 1>,<GSet{@ 1, 3, 2, 4 @}, 0>*] ]
133:[ [*<GSet{@ 1, 3 @}, 1>,<GSet{@ 2, 4, 5, 6 @}, 0>*] ]
134:[ [*<GSet{@ 2, 5 @}, 1>,<GSet{@ 1, 6, 4, 3 @}, 0>*] ]
135:[ [*<GSet{@ 2, 4 @}, 1>,<GSet{@ 1, 6, 3, 5 @}, 0>*] ]
136:[ [*<GSet{@ 1, 5 @}, 1>,<GSet{@ 2, 6, 4, 3 @}, 0>*] ]
137:[ [*<GSet{@ 2, 4 @}, 1>,<GSet{@ 1, 5, 6, 3 @}, 0>*] ]
138:[ [*<GSet{@ 3, 4 @}, 0>,<GSet{@ 1, 2, 6, 5 @}, 1>*], [*<GSet{@ 3, 4 @}, 1>,<GSet{@ 1, 2, 6, 5 @}, 0>*], [*<GSet{@ 3, 4 @}, 1>,<GSet{@ 1, 2, 6, 5 @}, 1>*] ]
139:[ [*<GSet{@ 3, 5 @}, 1>,<GSet{@ 1, 4, 6, 2 @}, 0>*] ]
140:[ [*<GSet{@ 2, 4 @}, 1>,<GSet{@ 1, 6, 3, 5 @}, 0>*] ]
141:[ [*<GSet{@ 2, 3 @}, 1>,<GSet{@ 1, 6, 4, 5 @}, 0>*] ]
142:[ [*<GSet{@ 3, 5 @}, 1>,<GSet{@ 1, 6, 4, 2 @}, 0>*] ]
143:[ [*<GSet{@ 4, 5 @}, 1>,<GSet{@ 1, 6, 3, 2 @}, 0>*] ]
144:[ [*<GSet{@ 4, 5 @}, 1>,<GSet{@ 1, 2, 6, 3 @}, 0>*] ]
145:[ [*<GSet{@ 2, 4 @}, 1>,<GSet{@ 1, 3, 6, 5 @}, 0>*] ]
146:[ [*<GSet{@ 1, 6 @}, 1>,<GSet{@ 2, 5, 3, 4 @}, 0>*] ]
147:[ [*<GSet{@ 2, 6 @}, 1>,<GSet{@ 1, 3, 5, 4 @}, 0>*] ]
148:[ [*<GSet{@ 4, 6 @}, 1>,<GSet{@ 1, 3, 2, 5 @}, 0>*] ]
149:[ [*<GSet{@ 4, 5 @}, 1>,<GSet{@ 1, 2, 3, 6 @}, 0>*] ]
150:[ [*<GSet{@ 2, 3 @}, 1>,<GSet{@ 1, 4, 6, 5 @}, 0>*] ]
151:[ [*<GSet{@ 1, 2 @}, 1>,<GSet{@ 3, 5, 6, 4 @}, 0>*] ]
152:[ [*<GSet{@ 2, 5 @}, 1>,<GSet{@ 1, 3, 6, 4 @}, 0>*] ]
153:[ [*<GSet{@ 3, 6 @}, 1>,<GSet{@ 1, 4, 2, 5 @}, 0>*] ]
154:[ [*<GSet{@ 2, 4 @}, 1>,<GSet{@ 1, 5, 6, 3 @}, 0>*] ]
155:[ [*<GSet{@ 1, 5 @}, 1>,<GSet{@ 2, 4, 6, 3 @}, 0>*] ]
156:[ [*<GSet{@ 1, 3 @}, 1>,<GSet{@ 2, 4, 5, 6 @}, 0>*] ]
157:[ [*<GSet{@ 1, 4 @}, 1>,<GSet{@ 2, 3, 6, 5 @}, 0>*] ]
158:[ [*<GSet{@ 5, 6 @}, 1>,<GSet{@ 1, 3, 2, 4 @}, 0>*] ]
159:[ [*<GSet{@ 2, 3 @}, 1>,<GSet{@ 1, 6, 4, 5 @}, 0>*] ]
160:[ [*<GSet{@ 1, 4 @}, 1>,<GSet{@ 2, 5, 3, 6 @}, 0>*] ]
161:[ [*<GSet{@ 5, 6 @}, 1>,<GSet{@ 1, 3, 2, 4 @}, 0>*] ]
162:[ [*<GSet{@ 3, 5 @}, 1>,<GSet{@ 1, 2, 6, 4 @}, 0>*] ]
163:[ [*<GSet{@ 5, 6 @}, 1>,<GSet{@ 1, 2, 4, 3 @}, 0>*] ]
164:[ [*<GSet{@ 2, 5 @}, 1>,<GSet{@ 1, 3, 4, 6 @}, 0>*] ]
165:[ [*<GSet{@ 2, 4 @}, 1>,<GSet{@ 1, 6, 5, 3 @}, 0>*] ]
166:[ [*<GSet{@ 4, 5 @}, 1>,<GSet{@ 1, 2, 6, 3 @}, 0>*] ]
167:[ [*<GSet{@ 2, 6 @}, 1>,<GSet{@ 1, 4, 3, 5 @}, 0>*] ]
168:[ [*<GSet{@ 3, 5 @}, 1>,<GSet{@ 1, 2, 6, 4 @}, 0>*] ]
169:[ [*<GSet{@ 1, 4 @}, 0>,<GSet{@ 2, 6, 5, 3 @}, 1>*], [*<GSet{@ 1, 4 @}, 1>,<GSet{@ 2, 6, 5, 3 @}, 0>*], [*<GSet{@ 1, 4 @}, 1>,<GSet{@ 2, 6, 5, 3 @}, 1>*] ]
170:[ [*<GSet{@ 4, 5 @}, 1>,<GSet{@ 1, 3, 2, 6 @}, 0>*] ]
171:[ [*<GSet{@ 2, 6 @}, 1>,<GSet{@ 1, 3, 5, 4 @}, 0>*] ]
172:[ [*<GSet{@ 4, 5 @}, 1>,<GSet{@ 1, 2, 6, 3 @}, 0>*] ]
173:[ [*<GSet{@ 5, 6 @}, 1>,<GSet{@ 1, 4, 3, 2 @}, 0>*] ]
174:[ [*<GSet{@ 1, 2 @}, 1>,<GSet{@ 3, 4, 5, 6 @}, 0>*] ]
175:[ [*<GSet{@ 4, 5 @}, 1>,<GSet{@ 1, 6, 2, 3 @}, 0>*] ]
176:[ [*<GSet{@ 1, 2 @}, 1>,<GSet{@ 3, 6, 4, 5 @}, 0>*] ]
177:[ [*<GSet{@ 4, 6 @}, 1>,<GSet{@ 1, 2, 5, 3 @}, 0>*] ]
178:[ [*<GSet{@ 1, 3 @}, 1>,<GSet{@ 2, 4, 6, 5 @}, 0>*] ]
179:[ [*<GSet{@ 2, 4 @}, 1>,<GSet{@ 1, 6, 5, 3 @}, 0>*] ]
180:[ [*<GSet{@ 3, 6 @}, 1>,<GSet{@ 1, 2, 4, 5 @}, 0>*] ]
181:[ [*<GSet{@ 4, 5 @}, 1>,<GSet{@ 1, 6, 3, 2 @}, 0>*] ]
182:[ [*<GSet{@ 1, 2 @}, 1>,<GSet{@ 3, 4, 6, 5 @}, 0>*] ]
183:[ [*<GSet{@ 4, 5 @}, 1>,<GSet{@ 1, 2, 3, 6 @}, 0>*] ]
184:[ [*<GSet{@ 2, 4 @}, 0>,<GSet{@ 1, 5, 6, 3 @}, 1>*], [*<GSet{@ 2, 4 @}, 1>,<GSet{@ 1, 5, 6, 3 @}, 0>*], [*<GSet{@ 2, 4 @}, 1>,<GSet{@ 1, 5, 6, 3 @}, 1>*] ]
185:[ [*<GSet{@ 2, 3 @}, 1>,<GSet{@ 1, 6, 5, 4 @}, 0>*] ]
186:[ [*<GSet{@ 1, 4 @}, 1>,<GSet{@ 2, 6, 5, 3 @}, 0>*] ]
187:[ [*<GSet{@ 3, 4 @}, 1>,<GSet{@ 1, 6, 5, 2 @}, 0>*] ]
188:[ [*<GSet{@ 1, 4 @}, 0>,<GSet{@ 2, 3 @}, 1>*], [*<GSet{@ 1, 4 @}, 1>,<GSet{@ 2, 3 @}, 0>*] ]
189:[ [*<GSet{@ 1, 5 @}, 1>,<GSet{@ 2, 4, 3, 6 @}, 0>*] ]
190:[ [*<GSet{@ 2, 3 @}, 1>,<GSet{@ 1, 6, 5, 4 @}, 0>*] ]
191:[ [*<GSet{@ 2, 3 @}, 1>,<GSet{@ 1, 4, 5, 6 @}, 0>*] ]
192:[ [*<GSet{@ 2, 5 @}, 1>,<GSet{@ 1, 6, 3, 4 @}, 0>*] ]
193:[ [*<GSet{@ 5, 6 @}, 1>,<GSet{@ 1, 3, 2, 4 @}, 0>*] ]
194:[ [*<GSet{@ 2, 5 @}, 0>,<GSet{@ 1, 6, 4, 3 @}, 1>*], [*<GSet{@ 2, 5 @}, 1>,<GSet{@ 1, 6, 4, 3 @}, 0>*], [*<GSet{@ 2, 5 @}, 1>,<GSet{@ 1, 6, 4, 3 @}, 1>*] ]
195:[ [*<GSet{@ 1, 5 @}, 1>,<GSet{@ 2, 6, 4, 3 @}, 0>*] ]
196:[ [*<GSet{@ 1, 5 @}, 1>,<GSet{@ 2, 3, 6, 4 @}, 0>*] ]
197:[ [*<GSet{@ 1, 6 @}, 1>,<GSet{@ 2, 3, 4, 5 @}, 0>*] ]
198:[ [*<GSet{@ 2, 5 @}, 1>,<GSet{@ 1, 3, 6, 4 @}, 0>*] ]
199:[ [*<GSet{@ 4, 6 @}, 1>,<GSet{@ 1, 3, 5, 2 @}, 0>*] ]
200:[ [*<GSet{@ 4, 5 @}, 0>,<GSet{@ 1, 2, 6, 3 @}, 1>*], [*<GSet{@ 4, 5 @}, 1>,<GSet{@ 1, 2, 6, 3 @}, 0>*], [*<GSet{@ 4, 5 @}, 1>,<GSet{@ 1, 2, 6, 3 @}, 1>*] ]
201:[ [*<GSet{@ 3, 4 @}, 1>,<GSet{@ 1, 2, 5, 6 @}, 0>*] ]
202:[ [*<GSet{@ 3, 5 @}, 1>,<GSet{@ 1, 4, 6, 2 @}, 0>*] ]
203:[ [*<GSet{@ 1, 6 @}, 1>,<GSet{@ 2, 4, 3, 5 @}, 0>*] ]
204:[ [*<GSet{@ 3, 4 @}, 1>,<GSet{@ 1, 5, 2, 6 @}, 0>*] ]
205:[ [*<GSet{@ 2, 3 @}, 1>,<GSet{@ 1, 4, 5, 6 @}, 0>*] ]
206:[ [*<GSet{@ 4, 5 @}, 1>,<GSet{@ 1, 3, 6, 2 @}, 0>*] ]
207:[ [*<GSet{@ 1, 5 @}, 0>,<GSet{@ 2, 6 @}, 1>,<GSet{@ 3, 7, 4, 8 @}, 0>*], [*<GSet{@ 1, 5 @}, 1>,<GSet{@ 2, 6 @}, 0>,<GSet{@ 3, 7, 4, 8 @}, 0>*] ]
208:[ [*<GSet{@ 2, 3 @}, 1>,<GSet{@ 1, 6, 5, 4 @}, 0>*] ]
209:[ [*<GSet{@ 2, 5 @}, 0>,<GSet{@ 1, 4, 3, 6 @}, 1>*], [*<GSet{@ 2, 5 @}, 1>,<GSet{@ 1, 4, 3, 6 @}, 0>*], [*<GSet{@ 2, 5 @}, 1>,<GSet{@ 1, 4, 3, 6 @}, 1>*] ]
210:[ [*<GSet{@ 4, 5 @}, 1>,<GSet{@ 1, 3, 6, 2 @}, 0>*] ]
211:[ [*<GSet{@ 2, 3 @}, 1>,<GSet{@ 1, 6, 4, 5 @}, 0>*] ]
212:[ [*<GSet{@ 2, 3 @}, 1>,<GSet{@ 1, 4, 6, 5 @}, 0>*] ]
213:[ [*<GSet{@ 2, 3 @}, 1>,<GSet{@ 1, 5, 6, 4 @}, 0>*] ]
214:[ [*<GSet{@ 3, 5 @}, 1>,<GSet{@ 1, 2, 4, 6 @}, 0>*] ]
215:[ [*<GSet{@ 1, 3 @}, 1>,<GSet{@ 2, 6, 5, 4 @}, 0>*] ]
216:[ [*<GSet{@ 2, 5 @}, 1>,<GSet{@ 1, 4, 6, 3 @}, 0>*] ]
217:[ [*<GSet{@ 3, 4 @}, 0>,<GSet{@ 1, 5, 6, 2 @}, 1>*], [*<GSet{@ 3, 4 @}, 1>,<GSet{@ 1, 5, 6, 2 @}, 0>*], [*<GSet{@ 3, 4 @}, 1>,<GSet{@ 1, 5, 6, 2 @}, 1>*] ]
218:[ [*<GSet{@ 2, 3 @}, 1>,<GSet{@ 1, 4, 6, 5 @}, 0>*] ]
219:[ [*<GSet{@ 2, 4 @}, 1>,<GSet{@ 1, 5, 6, 3 @}, 0>*] ]
220:[ [*<GSet{@ 3, 4 @}, 1>,<GSet{@ 1, 6, 2, 5 @}, 0>*] ]
221:[ [*<GSet{@ 1, 5 @}, 1>,<GSet{@ 2, 6, 4, 3 @}, 0>*] ]
222:[ [*<GSet{@ 1, 3 @}, 1>,<GSet{@ 2, 5, 4, 6 @}, 0>*] ]
223:[ [*<GSet{@ 3, 4 @}, 1>,<GSet{@ 1, 6, 2, 5 @}, 0>*] ]
224:[ [*<GSet{@ 1, 3 @}, 1>,<GSet{@ 2, 6, 4, 5 @}, 0>*] ]
225:[ [*<GSet{@ 3, 6 @}, 1>,<GSet{@ 1, 2, 4, 5 @}, 0>*] ]
226:[ [*<GSet{@ 4, 6 @}, 1>,<GSet{@ 1, 3, 2, 5 @}, 0>*] ]
227:[ [*<GSet{@ 3, 6 @}, 1>,<GSet{@ 1, 2, 4, 5 @}, 0>*] ]
228:[ [*<GSet{@ 4, 5 @}, 1>,<GSet{@ 1, 2, 6, 3 @}, 0>*] ]
229:[ [*<GSet{@ 5, 6 @}, 1>,<GSet{@ 1, 2, 3, 4 @}, 0>*] ]
230:[ [*<GSet{@ 2, 3 @}, 1>,<GSet{@ 1, 4, 6, 5 @}, 0>*] ]
231:[ [*<GSet{@ 3, 4 @}, 1>,<GSet{@ 1, 6, 5, 2 @}, 0>*] ]
232:[ [*<GSet{@ 1, 3 @}, 1>,<GSet{@ 2, 4, 5, 6 @}, 0>*] ]
233:[ [*<GSet{@ 2, 3 @}, 1>,<GSet{@ 1, 4, 6, 5 @}, 0>*] ]
234:[ [*<GSet{@ 4, 6 @}, 1>,<GSet{@ 1, 5, 3, 2 @}, 0>*] ]
235:[ [*<GSet{@ 3, 5 @}, 1>,<GSet{@ 1, 6, 2, 4 @}, 0>*] ]
236:[ [*<GSet{@ 1, 2 @}, 1>,<GSet{@ 3, 5, 4, 6 @}, 0>*] ]
237:[ [*<GSet{@ 2, 4 @}, 1>,<GSet{@ 1, 3, 6, 5 @}, 0>*] ]
238:[ [*<GSet{@ 4, 6 @}, 0>,<GSet{@ 1, 5, 3, 2 @}, 1>*], [*<GSet{@ 4, 6 @}, 1>,<GSet{@ 1, 5, 3, 2 @}, 0>*], [*<GSet{@ 4, 6 @}, 1>,<GSet{@ 1, 5, 3, 2 @}, 1>*] ]
239:[ [*<GSet{@ 2, 5 @}, 1>,<GSet{@ 1, 3, 4, 6 @}, 0>*] ]
240:[ [*<GSet{@ 1, 2 @}, 1>,<GSet{@ 3, 4, 5, 6 @}, 0>*] ]
241:[ [*<GSet{@ 3, 5 @}, 1>,<GSet{@ 1, 2, 4, 6 @}, 0>*] ]
242:[ [*<GSet{@ 5, 6 @}, 0>,<GSet{@ 1, 3, 4, 2 @}, 1>*], [*<GSet{@ 5, 6 @}, 1>,<GSet{@ 1, 3, 4, 2 @}, 0>*], [*<GSet{@ 5, 6 @}, 1>,<GSet{@ 1, 3, 4, 2 @}, 1>*] ]
243:[ [*<GSet{@ 1, 2 @}, 1>,<GSet{@ 3, 4, 5, 6 @}, 0>*] ]
244:[ [*<GSet{@ 3, 6 @}, 1>,<GSet{@ 1, 2, 5, 4 @}, 0>*] ]
245:[ [*<GSet{@ 4, 5 @}, 1>,<GSet{@ 1, 6, 2, 3 @}, 0>*] ]
246:[ [*<GSet{@ 3, 4 @}, 1>,<GSet{@ 1, 6, 2, 5 @}, 0>*] ]
247:[ [*<GSet{@ 1, 4 @}, 1>,<GSet{@ 2, 3, 6, 5 @}, 0>*] ]
248:[ [*<GSet{@ 1, 2 @}, 0>,<GSet{@ 3, 4, 5, 6 @}, 1>*], [*<GSet{@ 1, 2 @}, 1>,<GSet{@ 3, 4, 5, 6 @}, 0>*], [*<GSet{@ 1, 2 @}, 1>,<GSet{@ 3, 4, 5, 6 @}, 1>*] ]
249:[ [*<GSet{@ 1, 3 @}, 1>,<GSet{@ 2, 5, 4, 6 @}, 0>*] ]
250:[ [*<GSet{@ 1, 4 @}, 1>,<GSet{@ 2, 3, 6, 5 @}, 0>*] ]
251:[ [*<GSet{@ 4, 5 @}, 1>,<GSet{@ 1, 3, 6, 2 @}, 0>*] ]
252:[ [*<GSet{@ 2, 6 @}, 1>,<GSet{@ 1, 5, 3, 4 @}, 0>*] ]
253:[ [*<GSet{@ 3, 5 @}, 1>,<GSet{@ 1, 2, 4, 6 @}, 0>*] ]
254:[ [*<GSet{@ 1, 2 @}, 1>,<GSet{@ 3, 6, 4, 5 @}, 0>*] ]
255:[ [*<GSet{@ 3, 6 @}, 1>,<GSet{@ 1, 2, 4, 5 @}, 0>*] ]
256:[ [*<GSet{@ 1, 4 @}, 1>,<GSet{@ 2, 6, 5, 3 @}, 0>*] ]
257:[ [*<GSet{@ 3, 6 @}, 1>,<GSet{@ 1, 5, 4, 2 @}, 0>*] ]
258:[ [*<GSet{@ 3, 5 @}, 1>,<GSet{@ 1, 4, 6, 2 @}, 0>*] ]
259:[ [*<GSet{@ 2, 6 @}, 1>,<GSet{@ 1, 5, 3, 4 @}, 0>*] ]
260:[ [*<GSet{@ 3, 4 @}, 1>,<GSet{@ 1, 6, 5, 2 @}, 0>*] ]
261:[ [*<GSet{@ 1, 2 @}, 1>,<GSet{@ 3, 4, 5, 6 @}, 0>*] ]
262:[ [*<GSet{@ 1, 6 @}, 0>,<GSet{@ 2, 4, 3, 5 @}, 1>*], [*<GSet{@ 1, 6 @}, 1>,<GSet{@ 2, 4, 3, 5 @}, 0>*], [*<GSet{@ 1, 6 @}, 1>,<GSet{@ 2, 4, 3, 5 @}, 1>*] ]
263:[ [*<GSet{@ 1, 2 @}, 1>,<GSet{@ 3, 5, 4, 6 @}, 0>*] ]
264:[ [*<GSet{@ 1, 6 @}, 1>,<GSet{@ 2, 4, 3, 5 @}, 0>*] ]
265:[ [*<GSet{@ 4, 6 @}, 1>,<GSet{@ 1, 2, 3, 5 @}, 0>*] ]
266:[ [*<GSet{@ 4, 6 @}, 1>,<GSet{@ 1, 3, 2, 5 @}, 0>*] ]
267:[ [*<GSet{@ 2, 3 @}, 1>,<GSet{@ 1, 6, 4, 5 @}, 0>*] ]
268:[ [*<GSet{@ 2, 3 @}, 1>,<GSet{@ 1, 5, 6, 4 @}, 0>*] ]
269:[ [*<GSet{@ 2, 5 @}, 1>,<GSet{@ 1, 3, 6, 4 @}, 0>*] ]
270:[ [*<GSet{@ 2, 6 @}, 1>,<GSet{@ 1, 3, 4, 5 @}, 0>*] ]
271:[ [*<GSet{@ 1, 2 @}, 1>,<GSet{@ 3, 4, 6, 5 @}, 0>*] ]
272:[ [*<GSet{@ 3, 5 @}, 1>,<GSet{@ 1, 4, 6, 2 @}, 0>*] ]
273:[ [*<GSet{@ 2, 4 @}, 0>,<GSet{@ 1, 5, 6, 3 @}, 1>*], [*<GSet{@ 2, 4 @}, 1>,<GSet{@ 1, 5, 6, 3 @}, 0>*], [*<GSet{@ 2, 4 @}, 1>,<GSet{@ 1, 5, 6, 3 @}, 1>*] ]
274:[ [*<GSet{@ 2, 5 @}, 1>,<GSet{@ 1, 3, 6, 4 @}, 0>*] ]
275:[ [*<GSet{@ 2, 4 @}, 1>,<GSet{@ 1, 3, 6, 5 @}, 0>*] ]
276:[ [*<GSet{@ 1, 2 @}, 1>,<GSet{@ 3, 4, 6, 5 @}, 0>*] ]
277:[ [*<GSet{@ 2, 4 @}, 1>,<GSet{@ 1, 5, 6, 3 @}, 0>*] ]
278:[ [*<GSet{@ 3, 5 @}, 0>,<GSet{@ 1, 6, 2, 4 @}, 1>*], [*<GSet{@ 3, 5 @}, 1>,<GSet{@ 1, 6, 2, 4 @}, 0>*], [*<GSet{@ 3, 5 @}, 1>,<GSet{@ 1, 6, 2, 4 @}, 1>*] ]
279:[ [*<GSet{@ 2, 3 @}, 0>,<GSet{@ 1, 6, 5, 4 @}, 1>*], [*<GSet{@ 2, 3 @}, 1>,<GSet{@ 1, 6, 5, 4 @}, 0>*], [*<GSet{@ 2, 3 @}, 1>,<GSet{@ 1, 6, 5, 4 @}, 1>*] ]
280:[ [*<GSet{@ 3, 4 @}, 1>,<GSet{@ 1, 6, 5, 2 @}, 0>*] ]
281:[ [*<GSet{@ 1, 2 @}, 1>,<GSet{@ 3, 6, 5, 4 @}, 0>*] ]
282:[ [*<GSet{@ 5, 6 @}, 1>,<GSet{@ 1, 3, 2, 4 @}, 0>*] ]
283:[ [*<GSet{@ 2, 6 @}, 1>,<GSet{@ 1, 4, 5, 3 @}, 0>*] ]
284:[ [*<GSet{@ 1, 3 @}, 1>,<GSet{@ 2, 4, 6, 5 @}, 0>*] ]
285:[ [*<GSet{@ 1, 3 @}, 1>,<GSet{@ 2, 4, 6, 5 @}, 0>*] ]
286:[ [*<GSet{@ 1, 3 @}, 1>,<GSet{@ 2, 4, 5, 6 @}, 0>*] ]
287:[ [*<GSet{@ 2, 5 @}, 1>,<GSet{@ 1, 4, 3, 6 @}, 0>*] ]
288:[ [*<GSet{@ 2, 5 @}, 1>,<GSet{@ 1, 6, 4, 3 @}, 0>*] ]
289:[ [*<GSet{@ 4, 5 @}, 1>,<GSet{@ 1, 2, 6, 3 @}, 0>*] ]
290:[ [*<GSet{@ 3, 4 @}, 1>,<GSet{@ 1, 6, 5, 2 @}, 0>*] ]
291:[ [*<GSet{@ 1, 5 @}, 1>,<GSet{@ 2, 6, 3, 4 @}, 0>*] ]
292:[ [*<GSet{@ 1, 4 @}, 1>,<GSet{@ 2, 3, 6, 5 @}, 0>*] ]
293:[ [*<GSet{@ 2, 4 @}, 1>,<GSet{@ 1, 3, 5, 6 @}, 0>*] ]
294:[ [*<GSet{@ 2, 4 @}, 1>,<GSet{@ 1, 6, 5, 3 @}, 0>*] ]
295:[ [*<GSet{@ 5, 6 @}, 1>,<GSet{@ 1, 2, 4, 3 @}, 0>*] ]
296:[ [*<GSet{@ 3, 5 @}, 1>,<GSet{@ 1, 2, 6, 4 @}, 0>*] ]
297:[ [*<GSet{@ 2, 4 @}, 1>,<GSet{@ 1, 6, 3, 5 @}, 0>*] ]
298:[ [*<GSet{@ 2, 5 @}, 1>,<GSet{@ 1, 4, 6, 3 @}, 0>*] ]
299:[ [*<GSet{@ 1, 3 @}, 1>,<GSet{@ 2, 4, 5, 6 @}, 0>*] ]
300:[ [*<GSet{@ 2, 5 @}, 1>,<GSet{@ 1, 3, 4, 6 @}, 0>*] ]
301:[ [*<GSet{@ 1, 4 @}, 1>,<GSet{@ 2, 3, 6, 5 @}, 0>*] ]
302:[ [*<GSet{@ 2, 6 @}, 1>,<GSet{@ 1, 3, 5, 4 @}, 0>*] ]
303:[ [*<GSet{@ 4, 5 @}, 1>,<GSet{@ 1, 6, 3, 2 @}, 0>*] ]
304:[ [*<GSet{@ 2, 4 @}, 1>,<GSet{@ 1, 5, 6, 3 @}, 0>*] ]
305:[ [*<GSet{@ 2, 4 @}, 1>,<GSet{@ 1, 6, 3, 5 @}, 0>*] ]
306:[ [*<GSet{@ 3, 5 @}, 1>,<GSet{@ 1, 2, 4, 6 @}, 0>*] ]
307:[ [*<GSet{@ 2, 5 @}, 1>,<GSet{@ 1, 3, 6, 4 @}, 0>*] ]
308:[ [*<GSet{@ 3, 6 @}, 1>,<GSet{@ 1, 2, 5, 4 @}, 0>*] ]
309:[ [*<GSet{@ 2, 4 @}, 1>,<GSet{@ 1, 3, 5, 6 @}, 0>*] ]
310:[ [*<GSet{@ 2, 4 @}, 1>,<GSet{@ 1, 5, 6, 3 @}, 0>*] ]
311:[ [*<GSet{@ 1, 4 @}, 1>,<GSet{@ 2, 6, 3, 5 @}, 0>*] ]
312:[ [*<GSet{@ 2, 5 @}, 1>,<GSet{@ 1, 6, 4, 3 @}, 0>*] ]
313:[ [*<GSet{@ 1, 4 @}, 1>,<GSet{@ 2, 3, 5, 6 @}, 0>*] ]
314:[ [*<GSet{@ 4, 6 @}, 1>,<GSet{@ 1, 2, 5, 3 @}, 0>*] ]
315:[ [*<GSet{@ 3, 6 @}, 1>,<GSet{@ 1, 4, 5, 2 @}, 0>*] ]
316:[ [*<GSet{@ 3, 6 @}, 1>,<GSet{@ 1, 2, 4, 5 @}, 0>*] ]
317:[ [*<GSet{@ 3, 4 @}, 1>,<GSet{@ 1, 2, 6, 5 @}, 0>*] ]
318:[ [*<GSet{@ 2, 5 @}, 0>,<GSet{@ 1, 4, 6, 3 @}, 1>*], [*<GSet{@ 2, 5 @}, 1>,<GSet{@ 1, 4, 6, 3 @}, 0>*], [*<GSet{@ 2, 5 @}, 1>,<GSet{@ 1, 4, 6, 3 @}, 1>*] ]
319:[ [*<GSet{@ 1, 3 @}, 1>,<GSet{@ 2, 6, 4, 5 @}, 0>*] ]
320:[ [*<GSet{@ 4, 6 @}, 1>,<GSet{@ 1, 5, 2, 3 @}, 0>*] ]
321:[ [*<GSet{@ 5, 6 @}, 1>,<GSet{@ 1, 2, 3, 4 @}, 0>*] ]
322:[ [*<GSet{@ 3, 6 @}, 1>,<GSet{@ 1, 2, 4, 5 @}, 0>*] ]
323:[ [*<GSet{@ 1, 6 @}, 1>,<GSet{@ 2, 3, 4, 5 @}, 0>*] ]
324:[ [*<GSet{@ 2, 6 @}, 1>,<GSet{@ 1, 4, 5, 3 @}, 0>*] ]
325:[ [*<GSet{@ 4, 5 @}, 1>,<GSet{@ 1, 3, 2, 6 @}, 0>*] ]
326:[ [*<GSet{@ 5, 6 @}, 1>,<GSet{@ 1, 2, 4, 3 @}, 0>*] ]
327:[ [*<GSet{@ 4, 6 @}, 1>,<GSet{@ 1, 2, 3, 5 @}, 0>*] ]
328:[ [*<GSet{@ 2, 3 @}, 1>,<GSet{@ 1, 4, 6, 5 @}, 0>*] ]
329:[ [*<GSet{@ 2, 6 @}, 0>,<GSet{@ 1, 3, 5, 4 @}, 1>*], [*<GSet{@ 2, 6 @}, 1>,<GSet{@ 1, 3, 5, 4 @}, 0>*], [*<GSet{@ 2, 6 @}, 1>,<GSet{@ 1, 3, 5, 4 @}, 1>*] ]
330:[ [*<GSet{@ 2, 3 @}, 1>,<GSet{@ 1, 4, 6, 5 @}, 0>*] ]
331:[ [*<GSet{@ 4, 5 @}, 0>,<GSet{@ 1, 6, 3, 2 @}, 1>*], [*<GSet{@ 4, 5 @}, 1>,<GSet{@ 1, 6, 3, 2 @}, 0>*], [*<GSet{@ 4, 5 @}, 1>,<GSet{@ 1, 6, 3, 2 @}, 1>*] ]
332:[ [*<GSet{@ 1, 3 @}, 1>,<GSet{@ 2, 4, 6, 5 @}, 0>*] ]
333:[ [*<GSet{@ 4, 5 @}, 0>,<GSet{@ 1, 6, 2, 3 @}, 1>*], [*<GSet{@ 4, 5 @}, 1>,<GSet{@ 1, 6, 2, 3 @}, 0>*], [*<GSet{@ 4, 5 @}, 1>,<GSet{@ 1, 6, 2, 3 @}, 1>*] ]
334:[ [*<GSet{@ 2, 6 @}, 1>,<GSet{@ 1, 3, 4, 5 @}, 0>*] ]
335:[ [*<GSet{@ 2, 5 @}, 1>,<GSet{@ 1, 6, 4, 3 @}, 0>*] ]
336:[ [*<GSet{@ 2, 3 @}, 0>,<GSet{@ 1, 5, 4, 6 @}, 1>*], [*<GSet{@ 2, 3 @}, 1>,<GSet{@ 1, 5, 4, 6 @}, 0>*], [*<GSet{@ 2, 3 @}, 1>,<GSet{@ 1, 5, 4, 6 @}, 1>*] ]
337:[ [*<GSet{@ 2, 6 @}, 1>,<GSet{@ 1, 5, 3, 4 @}, 0>*] ]
338:[ [*<GSet{@ 1, 6 @}, 1>,<GSet{@ 2, 5, 3, 4 @}, 0>*] ]
339:[ [*<GSet{@ 1, 2 @}, 1>,<GSet{@ 3, 4, 5, 6 @}, 0>*] ]
340:[ [*<GSet{@ 3, 6 @}, 1>,<GSet{@ 1, 5, 4, 2 @}, 0>*] ]
341:[ [*<GSet{@ 4, 6 @}, 1>,<GSet{@ 1, 3, 2, 5 @}, 0>*] ]
342:[ [*<GSet{@ 1, 6 @}, 1>,<GSet{@ 2, 3, 5, 4 @}, 0>*] ]
343:[ [*<GSet{@ 4, 5 @}, 1>,<GSet{@ 1, 6, 3, 2 @}, 0>*] ]
344:[ [*<GSet{@ 1, 4 @}, 1>,<GSet{@ 2, 3, 6, 5 @}, 0>*] ]
345:[ [*<GSet{@ 1, 5 @}, 1>,<GSet{@ 2, 4, 3, 6 @}, 0>*] ]
346:[ [*<GSet{@ 4, 6 @}, 1>,<GSet{@ 1, 3, 2, 5 @}, 0>*] ]
347:[ [*<GSet{@ 2, 4 @}, 1>,<GSet{@ 1, 3, 6, 5 @}, 0>*] ]
348:[ [*<GSet{@ 3, 4 @}, 1>,<GSet{@ 1, 6, 5, 2 @}, 0>*] ]
349:[ [*<GSet{@ 4, 5 @}, 0>,<GSet{@ 1, 6, 3, 2 @}, 1>*], [*<GSet{@ 4, 5 @}, 1>,<GSet{@ 1, 6, 3, 2 @}, 0>*], [*<GSet{@ 4, 5 @}, 1>,<GSet{@ 1, 6, 3, 2 @}, 1>*] ]
350:[ [*<GSet{@ 1, 4 @}, 0>,<GSet{@ 2, 6, 5, 3 @}, 1>*], [*<GSet{@ 1, 4 @}, 1>,<GSet{@ 2, 6, 5, 3 @}, 0>*], [*<GSet{@ 1, 4 @}, 1>,<GSet{@ 2, 6, 5, 3 @}, 1>*] ]
351:[ [*<GSet{@ 2, 6 @}, 0>,<GSet{@ 1, 4, 3, 5 @}, 1>*], [*<GSet{@ 2, 6 @}, 1>,<GSet{@ 1, 4, 3, 5 @}, 0>*], [*<GSet{@ 2, 6 @}, 1>,<GSet{@ 1, 4, 3, 5 @}, 1>*] ]
352:[ [*<GSet{@ 1, 6 @}, 1>,<GSet{@ 2, 3, 5, 4 @}, 0>*] ]
353:[ [*<GSet{@ 2, 6 @}, 1>,<GSet{@ 1, 4, 3, 5 @}, 0>*] ]
354:[ [*<GSet{@ 3, 5 @}, 1>,<GSet{@ 1, 2, 6, 4 @}, 0>*] ]
355:[ [*<GSet{@ 1, 2 @}, 1>,<GSet{@ 3, 6, 4, 5 @}, 0>*] ]
356:[ [*<GSet{@ 1, 5 @}, 1>,<GSet{@ 2, 3, 4, 6 @}, 0>*] ]
357:[ [*<GSet{@ 2, 3 @}, 0>,<GSet{@ 1, 4, 5, 6 @}, 1>*], [*<GSet{@ 2, 3 @}, 1>,<GSet{@ 1, 4, 5, 6 @}, 0>*], [*<GSet{@ 2, 3 @}, 1>,<GSet{@ 1, 4, 5, 6 @}, 1>*] ]
358:[ [*<GSet{@ 2, 6 @}, 1>,<GSet{@ 1, 5, 4, 3 @}, 0>*] ]
359:[ [*<GSet{@ 2, 4 @}, 1>,<GSet{@ 1, 5, 6, 3 @}, 0>*] ]
360:[ [*<GSet{@ 3, 4 @}, 0>,<GSet{@ 1, 6, 5, 2 @}, 1>*], [*<GSet{@ 3, 4 @}, 1>,<GSet{@ 1, 6, 5, 2 @}, 0>*], [*<GSet{@ 3, 4 @}, 1>,<GSet{@ 1, 6, 5, 2 @}, 1>*] ]
361:[ [*<GSet{@ 2, 5 @}, 1>,<GSet{@ 1, 4, 3, 6 @}, 0>*] ]
362:[ [*<GSet{@ 2, 6 @}, 1>,<GSet{@ 1, 4, 3, 5 @}, 0>*] ]
363:[ [*<GSet{@ 1, 4 @}, 1>,<GSet{@ 2, 5, 6, 3 @}, 0>*] ]
364:[ [*<GSet{@ 2, 5 @}, 1>,<GSet{@ 1, 6, 4, 3 @}, 0>*] ]
365:[ [*<GSet{@ 3, 5 @}, 1>,<GSet{@ 1, 2, 4, 6 @}, 0>*] ]
366:[ [*<GSet{@ 1, 3 @}, 1>,<GSet{@ 2, 6, 4, 5 @}, 0>*] ]
367:[ [*<GSet{@ 2, 3 @}, 1>,<GSet{@ 1, 6, 4, 5 @}, 0>*] ]
368:[ [*<GSet{@ 1, 2 @}, 1>,<GSet{@ 3, 4, 5, 6 @}, 0>*] ]
369:[ [*<GSet{@ 4, 5 @}, 1>,<GSet{@ 1, 2, 6, 3 @}, 0>*] ]
370:[ [*<GSet{@ 1, 5 @}, 0>,<GSet{@ 2, 6, 3, 4 @}, 1>*], [*<GSet{@ 1, 5 @}, 1>,<GSet{@ 2, 6, 3, 4 @}, 0>*], [*<GSet{@ 1, 5 @}, 1>,<GSet{@ 2, 6, 3, 4 @}, 1>*] ]
371:[ [*<GSet{@ 3, 6 @}, 1>,<GSet{@ 1, 5, 4, 2 @}, 0>*] ]
372:[ [*<GSet{@ 2, 4 @}, 1>,<GSet{@ 1, 6, 5, 3 @}, 0>*] ]
373:[ [*<GSet{@ 2, 3 @}, 1>,<GSet{@ 1, 4, 5, 6 @}, 0>*] ]
374:[ [*<GSet{@ 5, 6 @}, 1>,<GSet{@ 1, 3, 2, 4 @}, 0>*] ]
375:[ [*<GSet{@ 2, 3 @}, 1>,<GSet{@ 1, 4, 5, 6 @}, 0>*] ]
376:[ [*<GSet{@ 1, 3 @}, 1>,<GSet{@ 2, 4, 6, 5 @}, 0>*] ]
377:[ [*<GSet{@ 2, 3 @}, 1>,<GSet{@ 1, 6, 4, 5 @}, 0>*] ]
378:[ [*<GSet{@ 1, 3 @}, 1>,<GSet{@ 2, 4, 5, 6 @}, 0>*] ]
379:[ [*<GSet{@ 2, 3 @}, 1>,<GSet{@ 1, 6, 5, 4 @}, 0>*] ]
380:[ [*<GSet{@ 1, 3 @}, 1>,<GSet{@ 2, 4, 6, 5 @}, 0>*] ]
381:[ [*<GSet{@ 3, 5 @}, 1>,<GSet{@ 1, 6, 2, 4 @}, 0>*] ]
Time: 3925.770
> errorinds;
[ 6, 87 ]
> L := [[[*<Set(z[1]),z[2]> : z in y*] : y in x] : x in Allpossiblesubsetsofchars];
> {*#x : x in L*};
{* 1^^349, 2^^3, 3^^27 *}
> 
> 
> L[1];
[ [*
<{ 4, 6 }, 1>,
<{ 1, 2, 3, 5 }, 0>
*] ]
> PrintFile("allcharsoutput.txt", "Allpossiblesubsetsofchars := ");
> PrintFile("allcharsoutput.txt", L);
> PrintFile("allcharsoutput.txt", ";");
> UnsetLogFile();

> {* {* {*<#z[1],z[2]> : z in y*} : y in x*} : x in L | #x eq 3 *};
{*
{*
{* <2, 0>, <4, 1> *},
{* <2, 1>, <4, 0> *},
{* <2, 1>, <4, 1> *}
*}^^27
*}
> [i : i in [1..#L] | [* <2,1>, <4,1> *] in [[*<#z[1],z[2]> : z in y*] : y in L[i]]];
[ 24, 102, 136, 167, 182, 192, 198, 207, 215, 236, 240, 246, 260, 271, 276, 277, 316, 327, 329, 331, 334, 347, 348, 349, 355, 358, 368 ]


> load "allcharsoutput.txt";
Loading "allcharsoutput.txt"
> AttachSpec("spec");
> i := 6;
>         chars := [*HeckeCharacter((F!condgens[i][j])*OF,[*<F!x[1],K!x[2]> : x in vals[\
i][j]*]) : j in [1..#vals[i]] *];
>         assert #chars in {4,6,8};
> #chars;
4
>         ans := CompatibleSubsetsOfChars(P!curves[i],ell,chars,allGalpairinds[i],allpai\
rinds[i]);
> ans;
[ [*
<GSet{@ 1, 3 @}, 0>,
<GSet{@ 2, 4 @}, 1>
*], [*
<GSet{@ 1, 3 @}, 1>,
<GSet{@ 2, 4 @}, 0>
*] ]
> #Allpossiblesubsetsofchars;
379
> Insert(~Allpossiblesubsetsofchars,6,ans);
> #Allpossiblesubsetsofchars;
380
> Allpossiblesubsetsofchars[6];
[ [*
<GSet{@ 1, 3 @}, 0>,
<GSet{@ 2, 4 @}, 1>
*], [*
<GSet{@ 1, 3 @}, 1>,
<GSet{@ 2, 4 @}, 0>
*] ]
> i := 87;
>         chars := [*HeckeCharacter((F!condgens[i][j])*OF,[*<F!x[1],K!x[2]> : x in vals[\
i][j]*]) : j in [1..#vals[i]] *];
>         assert #chars in {4,6,8};
> #chars;
4
>         ans := CompatibleSubsetsOfChars(P!curves[i],ell,chars,allGalpairinds[i],allpai\
rinds[i]);
> ans;
[ [*
<GSet{@ 1, 2 @}, 0>,
<GSet{@ 3, 4 @}, 1>
*], [*
<GSet{@ 1, 2 @}, 1>,
<GSet{@ 3, 4 @}, 0>
*], [*
<GSet{@ 1, 2 @}, 1>,
<GSet{@ 3, 4 @}, 1>
*], [*
<GSet{@ 1, 2 @}, 2>,
<GSet{@ 3, 4 @}, 0>
*], [*
<GSet{@ 1, 2 @}, 2>,
<GSet{@ 3, 4 @}, 1>
*] ]
> i;
87
> Insert(~Allpossiblesubsetsofchars,87,ans);
> Allpossiblesubsetsofchars[87];
[ [*
<GSet{@ 1, 2 @}, 0>,
<GSet{@ 3, 4 @}, 1>
*], [*
<GSet{@ 1, 2 @}, 1>,
<GSet{@ 3, 4 @}, 0>
*], [*
<GSet{@ 1, 2 @}, 1>,
<GSet{@ 3, 4 @}, 1>
*], [*
<GSet{@ 1, 2 @}, 2>,
<GSet{@ 3, 4 @}, 0>
*], [*
<GSet{@ 1, 2 @}, 2>,
<GSet{@ 3, 4 @}, 1>
*] ]
> L := [[[*<Set(z[1]),z[2]> : z in y*] : y in x] : x in Allpossiblesubsetsofchars];
> {*#x : x in L*};
{* 1^^349, 2^^4, 3^^27, 5 *}
> PrintFile("allcharsoutput.txt", "Allpossiblesubsetsofchars := ");
> PrintFile("allcharsoutput.txt", L);
> PrintFile("allcharsoutput.txt", ";");
> {* {* {*<#z[1],z[2]> : z in y*} : y in x*} : x in L | #x eq 2 *};
{*
{*
{* <2, 0>, <2, 1> *}^^2
*}^^3,
{*
{* <2, 0>, <2, 1>, <4, 0> *}^^2
*}
*}
> {* {* {*<#z[1],z[2]> : z in y*} : y in x*} : x in L | #x eq 5 *};
{*
{*
{* <2, 0>, <2, 1> *}^^2,
{* <2, 0>, <2, 2> *},
{* <2, 1>, <2, 2> *},
{* <2, 1>^^2 *}
*}
*}
> [i : i in [1..#L] | [* <2,1>, <4,1> *] in [[*<#z[1],z[2]> : z in y*] : y in L[i]]];
[ 25, 104, 138, 169, 184, 194, 200, 209, 217, 238, 242, 248, 262, 273, 278, 279, 318, 329, 331, 333, 336, 349, 350, 351, 357, 360, 370 ]
> [i : i in [1..#L] | [* <2,1>, <2,2> *] in [[*<#z[1],z[2]> : z in y*] : y in L[i]]];
[]
> [i : i in [1..#L] | [* <2,2>, <2,1> *] in [[*<#z[1],z[2]> : z in y*] : y in L[i]]];
[ 87 ]




> {*#x : x in vals*};
{* 0^^135, 2^^80, 4^^8, 6^^157, 8 *}
> allpossiblesubsetsofchars := [];
> errorinds := [];
> for i := 1 to #curves do
for>     try
for|try>         chars := [*HeckeCharacter((F!condgens[i][j])*OF,[*<F!x[1],K!x[2]> : x i\
n vals[i][j]*]) : j in [1..#vals[i]] *];
for|try>         ans := CompatibleSubsetsOfChars(P!curves[i],ell,chars,Galpairinds[i],pa\
irinds[i]);
for|try>         printf "%o:%o\n", i, &cat[s : s in Split(Sprint(ans),"\n")];
for|try>         Append(~allpossiblesubsetsofchars,ans);
for|try>     catch e;
for|try>         print e;
for|try>         Append(~errorinds,i);
for|try>     end try;
for> end for;
1:[ [*<{* 4, 6 *}, 1>,<{* 1, 2, 3, 5 *}, 0>*] ]
2:[ [*<{* 1, 2 *}, 1>,<{* 3, 4, 5, 6 *}, 0>*] ]
3:[ [*<{* 2, 6 *}, 1>,<{* 1, 3, 4, 5 *}, 0>*] ]
4:[ [*<{* 1, 2 *}, 1>*] ]
5:[ [*<{* 2, 4 *}, 1>,<{* 1, 3, 5, 6 *}, 0>*] ]
6:[ [*<{* 1^^2, 3^^2 *}, 0>,<{* 2, 4 *}, 1>*] ]
7:[ [*<{* 3, 6 *}, 1>,<{* 1, 2, 4, 5 *}, 0>*] ]
8:[ [*<{* 2, 4 *}, 1>,<{* 1, 3, 5, 6 *}, 0>*] ]
9:[ [*<{* 2, 5 *}, 1>,<{* 1, 3, 4, 6 *}, 0>*] ]
10:[ [*<{* 1, 2 *}, 1>*] ]
11:[ [*<{* 1^^2, 3^^2 *}, 0>,<{* 2, 4 *}, 1>*] ]
12:[ [*<{* 4, 5 *}, 1>,<{* 1, 2, 3, 6 *}, 0>*] ]
13:[ [*<{* 2, 6 *}, 1>,<{* 1, 3, 4, 5 *}, 0>*] ]
14:[ [*<{* 2, 6 *}, 1>,<{* 1, 3, 4, 5 *}, 0>*] ]
15:[]
16:[ [*<{* 2, 4 *}, 1>,<{* 1, 3, 5, 6 *}, 0>*] ]
17:[ [*<{* 3, 6 *}, 1>,<{* 1, 2, 4, 5 *}, 0>*] ]
18:[ [*<{* 2, 5 *}, 1>,<{* 1, 3, 4, 6 *}, 0>*] ]
19:[ [*<{* 1, 2 *}, 1>*] ]
20:[ [*<{* 3, 5 *}, 1>,<{* 1, 2, 4, 6 *}, 0>*] ]
21:[ [*<{* 4, 6 *}, 1>,<{* 1, 2, 3, 5 *}, 0>*] ]
22:[ [*<{* 2, 3 *}, 1>,<{* 1, 4, 5, 6 *}, 0>*] ]
23:[ [*<{* 2, 3 *}, 1>,<{* 1, 4, 5, 6 *}, 0>*] ]
24:[ [*<{* 2, 5 *}, 1>,<{* 1, 3, 4, 6 *}, 0>*] ]
25:[ [*<{* 1, 2 *}, 1>*] ]
26:[ [*<{* 1, 2 *}, 1>*] ]
27:[ [*<{* 1, 4 *}, 1>,<{* 2, 3, 5, 6 *}, 0>*] ]
28:[ [*<{* 1, 5 *}, 1>,<{* 2, 3, 4, 6 *}, 0>*] ]
29:[ [*<{* 1, 5 *}, 1>,<{* 2, 3, 4, 6 *}, 0>*] ]
30:[ [*<{* 1, 2 *}, 1>*] ]
31:[ [*<{* 1, 2 *}, 1>*] ]
32:[ [*<{* 1, 6 *}, 1>,<{* 2, 3, 4, 5 *}, 0>*] ]
33:[ [*<{* 1, 2 *}, 1>*] ]
34:[ [*<{* 3, 6 *}, 1>,<{* 1, 2, 4, 5 *}, 0>*] ]
35:[ [*<{* 1, 2 *}, 1>*] ]
36:[ [*<{* 1, 6 *}, 1>,<{* 2, 3, 4, 5 *}, 0>*] ]
37:[ [*<{* 1, 2 *}, 1>*] ]
38:[ [*<{* 1, 2 *}, 1>*] ]
39:[ [*<{* 1, 2 *}, 1>*] ]
40:[ [*<{* 3, 5 *}, 1>,<{* 1, 2, 4, 6 *}, 0>*] ]
41:[]
42:[ [*<{* 1, 3 *}, 1>,<{* 2, 4, 5, 6 *}, 0>*] ]
43:[ [*<{* 1, 2 *}, 1>*] ]
44:[ [*<{* 1, 6 *}, 1>,<{* 2, 3, 4, 5 *}, 0>*] ]
45:[ [*<{* 2, 3 *}, 1>,<{* 1, 4, 5, 6 *}, 0>*] ]
46:[ [*<{* 1, 2 *}, 1>*] ]
47:[ [*<{* 1, 3 *}, 1>,<{* 2, 4, 5, 6 *}, 0>*] ]
48:[ [*<{* 1, 2 *}, 1>*] ]
49:[ [*<{* 3, 6 *}, 1>,<{* 1, 2, 4, 5 *}, 0>*] ]
50:[ [*<{* 3, 6 *}, 1>,<{* 1, 2, 4, 5 *}, 0>*] ]
51:[ [*<{* 1, 6 *}, 1>,<{* 2, 3, 4, 5 *}, 0>*] ]
52:[]
53:[ [*<{* 4, 6 *}, 1>,<{* 1, 2, 3, 5 *}, 0>*] ]
54:[]
55:[ [*<{* 4, 5 *}, 1>,<{* 1, 2, 3, 6 *}, 0>*] ]
56:[ [*<{* 2, 5 *}, 1>,<{* 1, 3, 4, 6 *}, 0>*] ]
57:[ [*<{* 1, 4 *}, 1>,<{* 2, 3, 5, 6 *}, 0>*] ]
58:[ [*<{* 1, 2 *}, 1>*] ]
59:[ [*<{* 1, 2 *}, 1>*] ]
60:[]
61:[ [*<{* 2, 5 *}, 1>,<{* 1, 3, 4, 6 *}, 0>*] ]
62:[ [*<{* 1, 3 *}, 1>,<{* 2, 4, 5, 6 *}, 0>*] ]
63:[ [*<{* 1, 4 *}, 1>,<{* 2, 3, 5, 6 *}, 0>*] ]
64:[ [*<{* 2, 5 *}, 1>,<{* 1, 3, 4, 6 *}, 0>*] ]
65:[ [*<{* 1, 3 *}, 1>,<{* 2, 4, 5, 6 *}, 0>*] ]
66:[ [*<{* 4, 5 *}, 1>,<{* 1, 2, 3, 6 *}, 0>*] ]
67:[]
68:[ [*<{* 2, 5 *}, 1>,<{* 1, 3, 4, 6 *}, 0>*] ]
69:[ [*<{* 1, 2 *}, 1>*] ]
70:[ [*<{* 1, 2 *}, 1>*] ]
71:[ [*<{* 3, 6 *}, 1>,<{* 1, 2, 4, 5 *}, 0>*] ]
72:[ [*<{* 1, 6 *}, 1>,<{* 2, 3, 4, 5 *}, 0>*] ]
73:[ [*<{* 1, 4 *}, 1>,<{* 2, 3, 5, 6 *}, 0>*] ]
74:[ [*<{* 1, 2 *}, 1>*] ]
75:[ [*<{* 1, 2 *}, 1>*] ]
76:[ [*<{* 1, 2 *}, 1>*] ]
77:[ [*<{* 1, 2 *}, 1>,<{* 3, 4, 5, 6 *}, 0>*] ]
78:[ [*<{* 4, 6 *}, 1>,<{* 1, 2, 3, 5 *}, 0>*] ]
79:[ [*<{* 2, 6 *}, 1>,<{* 1, 3, 4, 5 *}, 0>*] ]
80:[ [*<{* 2, 5 *}, 1>,<{* 1, 3, 4, 6 *}, 0>*] ]
81:[ [*<{* 3, 4 *}, 1>,<{* 1, 2, 5, 6 *}, 0>*] ]
82:[ [*<{* 1, 2 *}, 1>*] ]
83:[]
84:[ [*<{* 2, 6 *}, 1>,<{* 1, 3, 4, 5 *}, 0>*] ]
85:[ [*<{* 2, 6 *}, 1>,<{* 1, 3, 4, 5 *}, 0>*] ]
86:[]
87:[ [*<{* 1^^2, 2^^2 *}, 1>*] ]
88:[]
89:[ [*<{* 1, 6 *}, 1>,<{* 2, 3, 4, 5 *}, 0>*] ]
90:[ [*<{* 1, 2 *}, 1>*] ]
91:[ [*<{* 2, 3 *}, 1>,<{* 1, 4, 5, 6 *}, 0>*] ]
92:[]
93:[ [*<{* 4, 6 *}, 1>,<{* 1, 2, 3, 5 *}, 0>*] ]
94:[ [*<{* 1, 2 *}, 1>*] ]
95:[ [*<{* 2, 5 *}, 1>,<{* 1, 3, 4, 6 *}, 0>*] ]
96:[ [*<{* 4, 5 *}, 1>,<{* 1, 2, 3, 6 *}, 0>*] ]
97:[ [*<{* 1, 2 *}, 1>*] ]
98:[ [*<{* 1, 6 *}, 1>,<{* 2, 3, 4, 5 *}, 0>*] ]
99:[]
100:[ [*<{* 3, 4 *}, 1>,<{* 1, 2, 5, 6 *}, 0>*] ]
101:[ [*<{* 1, 2 *}, 1>*] ]
102:[ [*<{* 1, 3 *}, 1>,<{* 2, 4, 5, 6 *}, 0>*] ]
103:[]
104:[ [*<{* 1, 2 *}, 1>*] ]
105:[ [*<{* 3, 4 *}, 1>,<{* 1, 2, 5, 6 *}, 0>*] ]
106:[ [*<{* 1, 2 *}, 1>*] ]
107:[ [*<{* 1, 2 *}, 1>*] ]
108:[ [*<{* 1, 2 *}, 1>,<{* 3, 4, 5, 6 *}, 0>*] ]
109:[]
110:[ [*<{* 1, 2 *}, 1>,<{* 3, 4, 5, 6 *}, 0>*] ]
111:[]
112:[ [*<{* 3, 4 *}, 1>,<{* 1, 2, 5, 6 *}, 0>*] ]
113:[]
114:[ [*<{* 3, 5 *}, 1>,<{* 1, 2, 4, 6 *}, 0>*] ]
115:[]
116:[ [*<{* 1, 2 *}, 1>*] ]
117:[ [*<{* 1, 4 *}, 1>,<{* 2, 3, 5, 6 *}, 0>*] ]
118:[ [*<{* 1, 2 *}, 1>,<{* 3, 4, 5, 6 *}, 0>*] ]
119:[]
120:[]
121:[ [*<{* 1, 2 *}, 1>*] ]
122:[ [*<{* 1, 2 *}, 1>*] ]
123:[ [*<{* 1, 2 *}, 1>*] ]
124:[ [*<{* 5, 6 *}, 1>,<{* 1, 2, 3, 4 *}, 0>*] ]
125:[]
126:[ [*<{* 2, 6 *}, 1>,<{* 1, 3, 4, 5 *}, 0>*] ]
127:[ [*<{* 1, 2 *}, 1>*] ]
128:[]
129:[ [*<{* 4, 5 *}, 1>,<{* 1, 2, 3, 6 *}, 0>*] ]
130:[ [*<{* 2, 6 *}, 1>,<{* 1, 3, 4, 5 *}, 0>*] ]
131:[ [*<{* 2, 4 *}, 1>,<{* 1, 3, 5, 6 *}, 0>*] ]
132:[ [*<{* 1, 2 *}, 1>*] ]
133:[ [*<{* 1, 3 *}, 1>,<{* 2, 4, 5, 6 *}, 0>*] ]
134:[]
135:[]
136:[ [*<{* 1, 5 *}, 1>,<{* 2, 3, 4, 6 *}, 0>*] ]
137:[ [*<{* 1, 2 *}, 1>*] ]
138:[ [*<{* 1, 2 *}, 1>*] ]
139:[ [*<{* 3, 5 *}, 1>,<{* 1, 2, 4, 6 *}, 0>*] ]
140:[ [*<{* 1, 2 *}, 1>*] ]
141:[]
142:[]
143:[ [*<{* 4, 5 *}, 1>,<{* 1, 2, 3, 6 *}, 0>*] ]
144:[ [*<{* 4, 5 *}, 1>,<{* 1, 2, 3, 6 *}, 0>*] ]
145:[ [*<{* 1, 2 *}, 1>*] ]
146:[ [*<{* 1, 6 *}, 1>,<{* 2, 3, 4, 5 *}, 0>*] ]
147:[ [*<{* 1, 2 *}, 1>*] ]
148:[]
149:[ [*<{* 4, 5 *}, 1>,<{* 1, 2, 3, 6 *}, 0>*] ]
150:[ [*<{* 2, 3 *}, 1>,<{* 1, 4, 5, 6 *}, 0>*] ]
151:[]
152:[]
153:[ [*<{* 1, 2 *}, 1>*] ]
154:[ [*<{* 2, 4 *}, 1>,<{* 1, 3, 5, 6 *}, 0>*] ]
155:[]
156:[ [*<{* 1, 2 *}, 1>*] ]
157:[]
158:[]
159:[ [*<{* 2, 3 *}, 1>,<{* 1, 4, 5, 6 *}, 0>*] ]
160:[ [*<{* 1, 4 *}, 1>,<{* 2, 3, 5, 6 *}, 0>*] ]
161:[ [*<{* 5, 6 *}, 1>,<{* 1, 2, 3, 4 *}, 0>*] ]
162:[]
163:[ [*<{* 1, 2 *}, 1>*] ]
164:[ [*<{* 2, 5 *}, 1>,<{* 1, 3, 4, 6 *}, 0>*] ]
165:[ [*<{* 1, 2 *}, 1>*] ]
166:[ [*<{* 4, 5 *}, 1>,<{* 1, 2, 3, 6 *}, 0>*] ]
167:[]
168:[]
169:[ [*<{* 1, 2 *}, 1>*] ]
170:[ [*<{* 4, 5 *}, 1>,<{* 1, 2, 3, 6 *}, 0>*] ]
171:[]
172:[ [*<{* 4, 5 *}, 1>,<{* 1, 2, 3, 6 *}, 0>*] ]
173:[ [*<{* 5, 6 *}, 1>,<{* 1, 2, 3, 4 *}, 0>*] ]
174:[ [*<{* 1, 2 *}, 1>,<{* 3, 4, 5, 6 *}, 0>*] ]
175:[]
176:[ [*<{* 1, 2 *}, 1>,<{* 3, 4, 5, 6 *}, 0>*] ]
177:[]
178:[ [*<{* 1, 3 *}, 1>,<{* 2, 4, 5, 6 *}, 0>*] ]
179:[]
180:[]
181:[ [*<{* 4, 5 *}, 1>,<{* 1, 2, 3, 6 *}, 0>*] ]
182:[]
183:[ [*<{* 4, 5 *}, 1>,<{* 1, 2, 3, 6 *}, 0>*] ]
184:[ [*<{* 1, 2 *}, 1>*] ]
185:[]
186:[]
187:[ [*<{* 1, 2 *}, 1>*] ]
188:[ [*<{* 1^^2, 4^^2 *}, 0>,<{* 2, 3 *}, 1>*] ]
189:[ [*<{* 1, 2 *}, 1>*] ]
190:[ [*<{* 2, 3 *}, 1>,<{* 1, 4, 5, 6 *}, 0>*] ]
191:[]
192:[ [*<{* 2, 5 *}, 1>,<{* 1, 3, 4, 6 *}, 0>*] ]
193:[ [*<{* 5, 6 *}, 1>,<{* 1, 2, 3, 4 *}, 0>*] ]
194:[ [*<{* 1, 2, 3, 4 *}, 1>*] ]
195:[ [*<{* 1, 2 *}, 1>*] ]
196:[]
197:[ [*<{* 1, 2 *}, 1>*] ]
198:[ [*<{* 2, 5 *}, 1>,<{* 1, 3, 4, 6 *}, 0>*] ]
199:[ [*<{* 4, 6 *}, 1>,<{* 1, 2, 3, 5 *}, 0>*] ]
200:[ [*<{* 1, 2 *}, 1>*] ]
201:[ [*<{* 3, 4 *}, 1>,<{* 1, 2, 5, 6 *}, 0>*] ]
202:[ [*<{* 3, 5 *}, 1>,<{* 1, 2, 4, 6 *}, 0>*] ]
203:[ [*<{* 1, 6 *}, 1>,<{* 2, 3, 4, 5 *}, 0>*] ]
204:[]
205:[ [*<{* 2, 3 *}, 1>,<{* 1, 4, 5, 6 *}, 0>*] ]
206:[ [*<{* 1, 2 *}, 1>*] ]
207:[ [*<{* 1, 5 *}, 0>,<{* 2, 6 *}, 1>,<{* 3, 4, 7, 8 *}, 0>*], [*<{* 1, 5 *}, 1>,<{* 2, 6 *}, 0>,<{* 3, 4, 7, 8 *}, 0>*] ]
208:[]
209:[ [*<{* 1, 2 *}, 1>*] ]
210:[ [*<{* 4, 5 *}, 1>,<{* 1, 2, 3, 6 *}, 0>*] ]
211:[ [*<{* 2, 3 *}, 1>,<{* 1, 4, 5, 6 *}, 0>*] ]
212:[ [*<{* 2, 3 *}, 1>,<{* 1, 4, 5, 6 *}, 0>*] ]
213:[ [*<{* 2, 3 *}, 1>,<{* 1, 4, 5, 6 *}, 0>*] ]
214:[ [*<{* 1, 2 *}, 1>*] ]
215:[]
216:[ [*<{* 2, 5 *}, 1>,<{* 1, 3, 4, 6 *}, 0>*] ]
217:[ [*<{* 1, 2 *}, 1>*] ]
218:[]
219:[]
220:[]
221:[]
222:[]
223:[]
224:[ [*<{* 1, 3 *}, 1>,<{* 2, 4, 5, 6 *}, 0>*] ]
225:[ [*<{* 1, 2 *}, 1>*] ]
226:[ [*<{* 4, 6 *}, 1>,<{* 1, 2, 3, 5 *}, 0>*] ]
227:[]
228:[]
229:[ [*<{* 5, 6 *}, 1>,<{* 1, 2, 3, 4 *}, 0>*] ]
230:[]
231:[]
232:[]
233:[ [*<{* 1, 2 *}, 1>*] ]
234:[]
235:[ [*<{* 3, 5 *}, 1>,<{* 1, 2, 4, 6 *}, 0>*] ]
236:[ [*<{* 1, 2 *}, 1>*] ]
237:[ [*<{* 2, 4 *}, 1>,<{* 1, 3, 5, 6 *}, 0>*] ]
238:[ [*<{* 1, 2, 3, 4 *}, 1>*] ]
239:[ [*<{* 2, 5 *}, 1>,<{* 1, 3, 4, 6 *}, 0>*] ]
240:[]
241:[ [*<{* 3, 5 *}, 1>,<{* 1, 2, 4, 6 *}, 0>*] ]
242:[ [*<{* 1, 2 *}, 1>*] ]
243:[ [*<{* 1, 2 *}, 1>*] ]
244:[]
245:[]
246:[]
247:[ [*<{* 1, 4 *}, 1>,<{* 2, 3, 5, 6 *}, 0>*] ]
248:[ [*<{* 1, 2 *}, 1>*] ]
249:[ [*<{* 1, 3 *}, 1>,<{* 2, 4, 5, 6 *}, 0>*] ]
250:[]
251:[ [*<{* 1, 2 *}, 1>*] ]
252:[]
253:[]
254:[ [*<{* 1, 2 *}, 1>,<{* 3, 4, 5, 6 *}, 0>*] ]
255:[]
256:[ [*<{* 1, 2 *}, 1>*] ]
257:[]
258:[ [*<{* 3, 5 *}, 1>,<{* 1, 2, 4, 6 *}, 0>*] ]
259:[]
260:[ [*<{* 3, 4 *}, 1>,<{* 1, 2, 5, 6 *}, 0>*] ]
261:[]
262:[ [*<{* 1, 2 *}, 1>*] ]
263:[ [*<{* 1, 2 *}, 1>,<{* 3, 4, 5, 6 *}, 0>*] ]
264:[]
265:[ [*<{* 4, 6 *}, 1>,<{* 1, 2, 3, 5 *}, 0>*] ]
266:[]
267:[]
268:[ [*<{* 2, 3 *}, 1>,<{* 1, 4, 5, 6 *}, 0>*] ]
269:[ [*<{* 2, 5 *}, 1>,<{* 1, 3, 4, 6 *}, 0>*] ]
270:[]
271:[]
272:[]
273:[]
274:[ [*<{* 2, 5 *}, 1>,<{* 1, 3, 4, 6 *}, 0>*] ]
275:[ [*<{* 2, 4 *}, 1>,<{* 1, 3, 5, 6 *}, 0>*] ]
276:[]
277:[]
278:[ [*<{* 1, 2 *}, 1>*] ]
279:[ [*<{* 1, 2, 3, 4 *}, 1>*] ]
280:[]
281:[ [*<{* 1, 2 *}, 1>*] ]
282:[ [*<{* 5, 6 *}, 1>,<{* 1, 2, 3, 4 *}, 0>*] ]
283:[]
284:[ [*<{* 1, 3 *}, 1>,<{* 2, 4, 5, 6 *}, 0>*] ]
285:[]
286:[ [*<{* 1, 3 *}, 1>,<{* 2, 4, 5, 6 *}, 0>*] ]
287:[]
288:[]
289:[]
290:[ [*<{* 3, 4 *}, 1>,<{* 1, 2, 5, 6 *}, 0>*] ]
291:[ [*<{* 1, 5 *}, 1>,<{* 2, 3, 4, 6 *}, 0>*] ]
292:[]
293:[]
294:[]
295:[ [*<{* 1, 2 *}, 1>*] ]
296:[]
297:[]
298:[]
299:[]
300:[ [*<{* 2, 5 *}, 1>,<{* 1, 3, 4, 6 *}, 0>*] ]
301:[]
302:[ [*<{* 2, 6 *}, 1>,<{* 1, 3, 4, 5 *}, 0>*] ]
303:[ [*<{* 4, 5 *}, 1>,<{* 1, 2, 3, 6 *}, 0>*] ]
304:[ [*<{* 2, 4 *}, 1>,<{* 1, 3, 5, 6 *}, 0>*] ]
305:[]
306:[]
307:[ [*<{* 2, 5 *}, 1>,<{* 1, 3, 4, 6 *}, 0>*] ]
308:[ [*<{* 3, 6 *}, 1>,<{* 1, 2, 4, 5 *}, 0>*] ]
309:[]
310:[ [*<{* 2, 4 *}, 1>,<{* 1, 3, 5, 6 *}, 0>*] ]
311:[]
312:[]
313:[]
314:[ [*<{* 1, 2 *}, 1>*] ]
315:[]
316:[]
317:[ [*<{* 3, 4 *}, 1>,<{* 1, 2, 5, 6 *}, 0>*] ]
318:[ [*<{* 1, 2 *}, 1>*] ]
319:[]
320:[]
321:[]
322:[ [*<{* 3, 6 *}, 1>,<{* 1, 2, 4, 5 *}, 0>*] ]
323:[]
324:[ [*<{* 2, 6 *}, 1>,<{* 1, 3, 4, 5 *}, 0>*] ]
325:[]
326:[ [*<{* 5, 6 *}, 1>,<{* 1, 2, 3, 4 *}, 0>*] ]
327:[]
328:[]
329:[ [*<{* 1, 2 *}, 1>*] ]
330:[]
331:[ [*<{* 1, 2 *}, 1>*] ]
332:[]
333:[ [*<{* 1, 2, 3, 4 *}, 1>*] ]
334:[ [*<{* 2, 6 *}, 1>,<{* 1, 3, 4, 5 *}, 0>*] ]
335:[]
336:[]
337:[]
338:[]
339:[]
340:[]
341:[]
342:[ [*<{* 1, 6 *}, 1>,<{* 2, 3, 4, 5 *}, 0>*] ]
343:[ [*<{* 4, 5 *}, 1>,<{* 1, 2, 3, 6 *}, 0>*] ]
344:[]
345:[]
346:[ [*<{* 1, 2 *}, 1>*] ]
347:[ [*<{* 2, 4 *}, 1>,<{* 1, 3, 5, 6 *}, 0>*] ]
348:[ [*<{* 3, 4 *}, 1>,<{* 1, 2, 5, 6 *}, 0>*] ]
349:[ [*<{* 1, 2, 3, 4 *}, 1>*] ]
350:[]
351:[ [*<{* 1, 2 *}, 1>*] ]
352:[]
353:[ [*<{* 2, 6 *}, 1>,<{* 1, 3, 4, 5 *}, 0>*] ]
354:[ [*<{* 3, 5 *}, 1>,<{* 1, 2, 4, 6 *}, 0>*] ]
355:[ [*<{* 1, 2 *}, 1>,<{* 3, 4, 5, 6 *}, 0>*] ]
356:[]
357:[ [*<{* 1, 2 *}, 1>*] ]
358:[ [*<{* 2, 6 *}, 1>,<{* 1, 3, 4, 5 *}, 0>*] ]
359:[]
360:[ [*<{* 1, 2 *}, 1>*] ]
361:[]
362:[ [*<{* 2, 6 *}, 1>,<{* 1, 3, 4, 5 *}, 0>*] ]
363:[]
364:[]
365:[ [*<{* 1, 2 *}, 1>*] ]
366:[]
367:[]
368:[]
369:[]
370:[]
371:[ [*<{* 3, 6 *}, 1>,<{* 1, 2, 4, 5 *}, 0>*] ]
372:[]
373:[ [*<{* 1, 2 *}, 1>*] ]
374:[]
375:[ [*<{* 1, 2 *}, 1>*] ]
376:[ [*<{* 1, 3 *}, 1>,<{* 2, 4, 5, 6 *}, 0>*] ]
377:[]
378:[ [*<{* 1, 3 *}, 1>,<{* 2, 4, 5, 6 *}, 0>*] ]
379:[]
380:[ [*<{* 1, 3 *}, 1>,<{* 2, 4, 5, 6 *}, 0>*] ]
381:[]

> {*#x : x in L*};
{* 0^^135, 1^^245, 2 *}
> L := allpossiblesubsetsofchars;
> {*#x : x in L*};
{* 0^^135, 1^^245, 2 *}
> L[1];
[ [*
<{* 4, 6 *}, 1>,
<{* 1, 2, 3, 5 *}, 0>
*] ]
> {* {* <#y[1],y[2]> : y in x[1] *} : x in L | #x eq 1 *};
{*
{* <2, 1> *}^^79,
{* <2, 1>, <4, 0> *}^^160,
{* <4, 1> *}^^6
*}
> inds := [ i : i in [1..#L] | #x eq 1 and {*<#y[1],y[2]> : y in x[1]*} eq {*<4,1>*} whe\
re x is L[i]]; inds;
[ 87, 194, 238, 279, 333, 349 ]
> [#x : x in vals_prunedchars[inds]];
[ 2, 4, 4, 4, 4, 4 ]
> Galpairinds[inds];
[
[ <1, 1>, <2, 2> ],
[ <1, 4>, <2, 3> ],
[ <1, 4>, <2, 3> ],
[ <1, 4>, <2, 3> ],
[ <1, 4>, <2, 3> ],
[ <1, 4>, <2, 3> ]
]
> pairinds[inds];
[
[ <1, 2> ],
[ <1, 3>, <2, 4> ],
[ <1, 3>, <2, 4> ],
[ <1, 3>, <2, 4> ],
[ <1, 2>, <3, 4> ],
[ <1, 3>, <2, 4> ]
]
> {* {* <#y[1],y[2]> : y in x[1] *} : x in L | #x eq 2 *};
{*
{* <2, 0>, <2, 1>, <4, 0> *}
*}
> {* [{* <#z[1],z[2]> : z in y *} : y in x] : x in L | #x eq 2 *};
{*
[
{* <2, 0>, <2, 1>, <4, 0> *},
{* <2, 0>, <2, 1>, <4, 0> *}
]
*}
> inds := [ i : i in [1..#L] | #L[i] eq 2]; inds;
[ 207 ]
> L[inds];
[
[ [*
<{* 1, 5 *}, 0>,
<{* 2, 6 *}, 1>,
<{* 3, 4, 7, 8 *}, 0>
*], [*
<{* 1, 5 *}, 1>,
<{* 2, 6 *}, 0>,
<{* 3, 4, 7, 8 *}, 0>
*] ]
]
> [#x : x in vals_prunedchars[inds]];
[ 8 ]
> Galpairinds[inds];
[
[ <1, 5>, <2, 6>, <3, 7>, <4, 8> ]
]
> pairinds[inds];
[
[ <1, 5>, <2, 6>, <3, 4>, <7, 8> ]
]
> UnsetLogFile();
