Level 7
10003.1 2
10003.2 2
10003.3 2
10003.4 2
10009.1 0
10009.2 0
10012.1 1
10012.2 1
10027.1 1
10027.2 8
10027.3 8
10027.4 1
10029.1 0
10029.2 0
10033.1 1
10033.2 1
10033.3 1
10033.4 1
10036.1 0
10036.2 1
10036.3 1
10036.4 0
10039.1 2
10039.2 2
10044.1 20
10044.2 20
10048.1 4
10048.2 4
10051.1 6
10051.2 6
10053.1 5
10053.2 5
10069.1 0
10069.2 0
10071.1 1
10071.2 1
10075.1 0
10075.2 2
10075.3 2
10075.4 0
10083.1 3
10083.2 3
10084.1 2
10084.2 2
10092.1 29
10093.1 2
10093.2 2
10096.1 1
10096.2 1
10099.1 0
10099.2 0
10101.1 9
10101.2 11
10101.3 14
10101.4 10
10101.5 10
10101.6 14
10101.7 11
10101.8 9
10107.1 3
10107.2 3
10108.1 5
10108.2 21
10108.3 9
10108.4 9
10108.5 21
10108.6 5
10111.1 0
10111.2 0
10117.1 0
10117.2 0
10117.3 0
10117.4 0
10119.1 0
10119.2 0
10128.1 1
10128.2 1
10129.1 0
10129.2 0
10129.3 0
10129.4 0
10137.1 1
10137.2 2
10137.3 2
10137.4 1
10141.1 0
10141.2 0
10147.1 3
10147.2 4
10147.3 4
10147.4 3
10156.1 2
10156.2 2
10159.1 0
10159.2 0
10161.1 1
10161.2 1
10164.1 22
10164.2 22
10171.1 0
10171.2 0
10171.3 0
10171.4 0
10173.1 1
10173.2 1
10177.1 0
10177.2 0
10188.1 10
10188.2 10
10191.1 4
10191.2 10
10191.3 10
10191.4 4
10192.1 7
10192.2 10
10192.3 6
10192.4 6
10192.5 10
10192.6 7
10201.1 10
10204.1 0
10204.2 0
10213.1 5
10213.2 4
10213.3 4
10213.4 5
10225.1 0
10225.2 0
10227.1 1
10227.2 0
10227.3 0
10227.4 1
10228.1 1
10228.2 1
10231.1 0
10231.2 1
10231.3 1
10231.4 0
10233.1 13
10233.2 13
10236.1 8
10236.2 8
10243.1 0
10243.2 0
10249.1 0
10249.2 2
10249.3 2
10249.4 0
10261.1 0
10261.2 0
10261.3 0
10261.4 0
10267.1 0
10267.2 0
10269.1 9
10269.2 7
10269.3 7
10269.4 9
10273.1 1
10273.2 1
10276.1 0
10276.2 2
10276.3 2
10276.4 0
10279.1 0
10279.2 0
10279.3 0
10279.4 0
10287.1 1
10287.2 1
10288.1 0
10288.2 0
10297.1 4
10297.2 6
10297.3 6
10297.4 4
10299.1 0
10299.2 0
10300.1 7
10300.2 7
10303.1 0
10303.2 0
10308.1 6
10308.2 6
10309.1 7
10309.2 2
10309.3 4
10309.4 4
10309.5 2
10309.6 7
10317.1 4
10317.2 2
10317.3 2
10317.4 4
10321.1 1
10321.2 1
10323.1 3
10323.2 8
10323.3 8
10323.4 3
10333.1 1
10333.2 1
10339.1 3
10339.2 3
10339.3 4
10339.4 4
10339.5 3
10339.6 3
10348.1 6
10348.2 4
10348.3 4
10348.4 6
10357.1 0
10357.2 0
10363.1 5
10363.2 3
10363.3 3
10363.4 5
10369.1 0
10369.2 0
10371.1 5
10371.2 5
10372.1 2
10372.2 2
10377.1 1
10377.2 1
10381.1 1
10381.2 2
10381.3 2
10381.4 1
10389.1 4
10389.2 4
10393.1 2
10393.2 3
10393.3 3
10393.4 2
10399.1 1
10399.2 1
10404.1 35
10407.1 0
10407.2 0
10416.1 16
10416.2 28
10416.3 28
10416.4 16
10423.1 0
10423.2 0
10423.3 0
10423.4 0
10425.1 8
10425.2 8
10429.1 0
10429.2 0
10431.1 3
10431.2 9
10431.3 9
10431.4 3
10432.1 0
10432.2 0
10443.1 19
10444.1 13
10444.2 4
10444.3 4
10444.4 13
10447.1 2
10447.2 1
10447.3 1
10447.4 2
10449.1 1
10449.2 1
10452.1 9
10452.2 10
10452.3 10
10452.4 9
10453.1 0
10453.2 0
10459.1 3
10459.2 3
10468.1 1
10468.2 1
10471.1 2
10471.2 3
10471.3 3
10471.4 2
10476.1 12
10476.2 12
10477.1 1
10477.2 1
10479.1 0
10479.2 2
10479.3 2
10479.4 0
10492.1 1
10492.2 3
10492.3 3
10492.4 1
10497.1 0
10497.2 0
10501.1 1
10501.2 1
10507.1 1
10507.2 10
10507.3 1
10507.4 3
10507.5 3
10507.6 1
10507.7 10
10507.8 1
10512.1 21
10512.2 21
10513.1 0
10513.2 0
10519.1 0
10519.2 0
10519.3 0
10519.4 0
10524.1 1
10524.2 1
10525.1 4
10525.2 4
10531.1 2
10531.2 2
10533.1 0
10533.2 0
10539.1 3
10539.2 3
10543.1 0
10543.2 1
10543.3 1
10543.4 0
10551.1 1
10551.2 1
10564.1 4
10564.2 6
10564.3 6
10564.4 4
10567.1 0
10567.2 0
10569.1 4
10569.2 4
10569.3 4
10569.4 4
10573.1 1
10573.2 1
10573.3 1
10573.4 1
10576.1 0
10576.2 0
10587.1 2
10587.2 2
10588.1 2
10588.2 2
10596.1 4
10596.2 4
10597.1 0
10597.2 0
10609.1 2
10609.2 10
10609.3 2
10612.1 9
10612.2 11
10612.3 11
10612.4 9
10621.1 8
10621.2 5
10621.3 3
10621.4 8
10621.5 8
10621.6 3
10621.7 5
10621.8 8
10623.1 0
10623.2 0
10627.1 1
10627.2 1
10633.1 9
10633.2 1
10633.3 8
10633.4 7
10633.5 7
10633.6 8
10633.7 1
10633.8 9
10636.1 0
10636.2 0
10639.1 0
10639.2 0
10641.1 1
10641.2 1
10647.1 8
10647.2 29
10647.3 14
10647.4 14
10647.5 29
10647.6 8
10651.1 0
10651.2 0
10657.1 0
10657.2 0
10663.1 2
10663.2 2
10668.1 11
10668.2 3
10668.3 3
10668.4 11
10675.1 2
10675.2 3
10675.3 3
10675.4 2
10677.1 6
10677.2 6
10684.1 1
10684.2 1
10687.1 0
10687.2 0
10693.1 2
10693.2 2
10699.1 0
10699.2 0
10699.3 0
10699.4 0
10704.1 9
10704.2 9
10708.1 0
10708.2 0
10711.1 1
10711.2 1
10713.1 1
10713.2 1
10717.1 2
10717.2 3
10717.3 3
10717.4 2
10719.1 5
10719.2 5
10723.1 1
10723.2 1
10729.1 0
10729.2 0
10731.1 10
10731.2 17
10731.3 17
10731.4 17
10731.5 17
10731.6 10
10732.1 1
10732.2 1
10749.1 1
10749.2 1
10753.1 2
10753.2 2
10756.1 4
10756.2 4
10767.1 3
10767.2 3
10767.3 3
10767.4 3
10768.1 10
10768.2 10
10771.1 0
10771.2 0
10773.1 21
10773.2 18
10773.3 18
10773.4 21
10777.1 0
10777.2 0
10777.3 0
10777.4 0
10789.1 0
10789.2 0
10800.1 27
10801.1 0
10801.2 1
10801.3 1
10801.4 0
10803.1 4
10803.2 3
10803.3 3
10803.4 4
10804.1 6
10804.2 6
10804.3 6
10804.4 6
10809.1 9
10809.2 9
10816.1 8
10816.2 25
10816.3 8
10819.1 3
10819.2 2
10819.3 2
10819.4 3
10821.1 0
10821.2 0
10825.1 1
10825.2 1
10828.1 2
10828.2 2
10831.1 1
10831.2 1
10836.1 16
10836.2 18
10836.3 18
10836.4 16
10837.1 1
10837.2 1
10839.1 3
10839.2 3
10843.1 0
10843.2 1
10843.3 1
10843.4 0
10849.1 1
10849.2 0
10849.3 0
10849.4 1
10852.1 2
10852.2 2
10861.1 0
10861.2 0
10864.1 9
10864.2 8
10864.3 8
10864.4 9
10867.1 0
10867.2 0
10876.1 0
10876.2 0
10881.1 8
10881.2 19
10881.3 19
10881.4 8
10884.1 2
10884.2 2
10891.1 0
10891.2 0
10893.1 0
10893.2 0
10900.1 1
10900.2 1
10903.1 0
10903.2 0
10909.1 0
10909.2 0
10911.1 0
10911.2 0
10917.1 3
10917.2 3
10921.1 0
10921.2 0
10921.3 0
10921.4 0
10924.1 1
10924.2 1
10927.1 4
10927.2 6
10927.3 4
10927.4 4
10927.5 6
10927.6 4
10929.1 0
10929.2 0
10933.1 5
10933.2 5
10939.1 0
10939.2 0
10944.1 26
10944.2 26
10957.1 1
10957.2 1
10963.1 2
10963.2 2
10963.3 2
10963.4 2
10969.1 2
10969.2 0
10969.3 0
10969.4 2
10972.1 3
10972.2 12
10972.3 12
10972.4 3
10975.1 1
10975.2 1
10981.1 1
10981.2 2
10981.3 2
10981.4 1
10983.1 15
10983.2 11
10983.3 11
10983.4 15
10987.1 1
10987.2 1
10992.1 7
10992.2 7
10993.1 2
10993.2 2
10996.1 1
10996.2 1
11001.1 4
11001.2 6
11001.3 6
11001.4 4
11008.1 1
11008.2 1
11011.1 6
11011.2 6
11011.3 6
11011.4 6
11019.1 2
11019.2 2
11023.1 3
11023.2 5
11023.3 5
11023.4 3
11025.1 11
11025.2 39
11025.3 11
11028.1 16
11028.2 16
11037.1 6
11037.2 6
11037.3 6
11037.4 6
11041.1 1
11041.2 1
11041.3 1
11041.4 1
11043.1 4
11043.2 4
11047.1 2
11047.2 2
11052.1 15
11052.2 15
11053.1 2
11053.2 1
11053.3 1
11053.4 2
11056.1 0
11056.2 0
11059.1 0
11059.2 0
11068.1 0
11068.2 0
11071.1 1
11071.2 1
11073.1 0
11073.2 0
11079.1 2
11079.2 2
11083.1 1
11083.2 1
11089.1 2
11089.2 6
11089.3 6
11089.4 2
11091.1 6
11091.2 6
11100.1 7
11100.2 7
11109.1 16
11109.2 16
11113.1 0
11113.2 0
11116.1 1
11116.2 2
11116.3 2
11116.4 1
11119.1 1
11119.2 1
11124.1 8
11124.2 8
11127.1 0
11127.2 0
11131.1 1
11131.2 1
11133.1 6
11133.2 6
11137.1 7
11137.2 2
11137.3 3
11137.4 4
11137.5 4
11137.6 3
11137.7 2
11137.8 7
11149.1 0
11149.2 0
11161.1 1
11161.2 1
11163.1 0
11163.2 23
11163.3 0
11164.1 0
11164.2 0
11167.1 1
11167.2 1
11167.3 1
11167.4 1
11172.1 11
11172.2 29
11172.3 38
11172.4 38
11172.5 29
11172.6 11
11173.1 1
11173.2 1
11179.1 1
11179.2 1
11179.3 1
11179.4 1
11181.1 2
11181.2 2
11188.1 0
11188.2 0
11191.1 1
11191.2 3
11191.3 5
11191.4 5
11191.5 3
11191.6 1
11197.1 0
11197.2 0
11199.1 0
11199.2 0
11200.1 12
11200.2 12
11212.1 0
11212.2 0
11217.1 2
11217.2 2
11221.1 4
11221.2 0
11221.3 1
11221.4 1
11221.5 0
11221.6 4
11227.1 2
11227.2 1
11227.3 1
11227.4 2
11236.1 12
11239.1 0
11239.2 0
11241.1 10
11241.2 10
11244.1 7
11244.2 7
11248.1 0
11248.2 3
11248.3 3
11248.4 0
11251.1 1
11251.2 1
11253.1 8
11253.2 8
11257.1 1
11257.2 1
11259.1 11
11259.2 11
11263.1 3
11263.2 5
11263.3 5
11263.4 3
11268.1 15
11268.2 15
11271.1 12
11271.2 12
11284.1 13
11284.2 16
11284.3 6
11284.4 14
11284.5 14
11284.6 6
11284.7 16
11284.8 13
11287.1 0
11287.2 0
11299.1 1
11299.2 1
11307.1 2
11307.2 2
11311.1 0
11311.2 0
11317.1 1
11317.2 1
11323.1 0
11323.2 5
11323.3 4
11323.4 4
11323.5 5
11323.6 0
11325.1 3
11325.2 3
11329.1 0
11329.2 0
11332.1 0
11332.2 0
11343.1 9
11343.2 2
11343.3 2
11343.4 9
11344.1 0
11344.2 0
11347.1 0
11347.2 0
11347.3 0
11347.4 0
11349.1 4
11349.2 3
11349.3 3
11349.4 4
11353.1 0
11353.2 0
11359.1 1
11359.2 0
11359.3 0
11359.4 1
11361.1 4
11361.2 5
11361.3 5
11361.4 4
11367.1 8
11367.2 8
11376.1 4
11376.2 4
11377.1 0
11377.2 0
11377.3 0
11377.4 0
11379.1 0
11379.2 0
11383.1 2
11383.2 2
11388.1 15
11388.2 20
11388.3 20
11388.4 15
11389.1 0
11389.2 0
11389.3 0
11389.4 0
11401.1 2
11401.2 1
11401.3 1
11401.4 2
11403.1 3
11403.2 8
11403.3 8
11403.4 3
11404.1 2
11404.2 2
11419.1 1
11419.2 0
11419.3 0
11419.4 1
11425.1 0
11425.2 0
11428.1 3
11428.2 3
11433.1 1
11433.2 4
11433.3 4
11433.4 1
11437.1 1
11437.2 1
11443.1 0
11443.2 0
11449.1 9
11452.1 7
11452.2 5
11452.3 5
11452.4 7
11457.1 11
11457.2 10
11457.3 10
11457.4 11
11461.1 2
11461.2 2
11461.3 2
11461.4 2
11467.1 1
11467.2 1
11469.1 2
11469.2 2
11476.1 0
11476.2 2
11476.3 2
11476.4 0
11479.1 2
11479.2 2
11479.3 2
11479.4 2
11487.1 4
11487.2 2
11487.3 2
11487.4 4
11491.1 0
11491.2 0
11497.1 0
11497.2 0
11503.1 1
11503.2 1
11511.1 3
11511.2 3
11524.1 2
11524.2 4
11524.3 4
11524.4 2
11527.1 0
11527.2 0
11529.1 7
11529.2 4
11529.3 4
11529.4 7
11532.1 13
11532.2 37
11532.3 13
11533.1 0
11533.2 2
11533.3 2
11533.4 0
11536.1 8
11536.2 11
11536.3 11
11536.4 8
11541.1 0
11541.2 0
11548.1 0
11548.2 0
11551.1 1
11551.2 1
11557.1 2
11557.2 2
11557.3 3
11557.4 3
11557.5 3
11557.6 3
11557.7 2
11557.8 2
11559.1 3
11559.2 3
11563.1 1
11563.2 0
11563.3 0
11563.4 1
11568.1 13
11568.2 13
11575.1 2
11575.2 2
11581.1 0
11581.2 0
11581.3 0
11581.4 0
11584.1 3
11584.2 3
11587.1 2
11587.2 2
11593.1 1
11593.2 1
11596.1 4
11596.2 9
11596.3 9
11596.4 4
11599.1 2
11599.2 1
11599.3 1
11599.4 2
11604.1 6
11604.2 6
11613.1 10
11613.2 16
11613.3 17
11613.4 17
11613.5 16
11613.6 10
11617.1 1
11617.2 1
11619.1 1
11619.2 1
11631.1 3
11631.2 3
11632.1 2
11632.2 2
11641.1 5
11641.2 0
11641.3 0
11641.4 5
11647.1 2
11647.2 2
11647.3 2
11647.4 2
11653.1 1
11653.2 1
11653.3 1
11653.4 1
11664.1 15
11667.1 1
11667.2 1
11668.1 0
11668.2 0
11673.1 4
11673.2 4
11676.1 12
11676.2 19
11676.3 19
11676.4 12
11677.1 2
11677.2 2
11683.1 0
11683.2 3
11683.3 3
11683.4 0
11689.1 0
11689.2 0
11691.1 3
11691.2 3
11692.1 0
11692.2 0
11692.3 0
11692.4 0
11700.1 22
11700.2 22
11701.1 0
11701.2 0
11712.1 14
11712.2 14
11719.1 2
11719.2 2
11721.1 10
11721.2 10
11725.1 0
11725.2 1
11725.3 1
11725.4 0
11727.1 4
11727.2 4
11728.1 2
11728.2 2
11731.1 0
11731.2 0
11737.1 2
11737.2 2
11739.1 17
11739.2 17
11739.3 9
11739.4 13
11739.5 13
11739.6 9
11739.7 17
11739.8 17
11743.1 1
11743.2 1
11749.1 4
11749.2 3
11749.3 3
11749.4 4
11757.1 0
11757.2 0
11761.1 0
11761.2 0
11761.3 0
11761.4 0
11767.1 9
11767.2 9
11772.1 16
11772.2 16
11773.1 0
11773.2 0
11773.3 0
11773.4 0
11775.1 5
11775.2 5
11779.1 0
11779.2 0
11788.1 7
11788.2 8
11788.3 8
11788.4 7
11791.1 0
11791.2 2
11791.3 2
11791.4 0
11793.1 0
11793.2 0
11809.1 9
11809.2 5
11809.3 7
11809.4 7
11809.5 5
11809.6 9
11811.1 1
11811.2 6
11811.3 6
11811.4 1
11812.1 2
11812.2 2
11821.1 1
11821.2 1
11824.1 5
11824.2 5
11827.1 0
11827.2 0
11829.1 4
11829.2 4
11833.1 0
11833.2 0
11839.1 0
11839.2 0
11851.1 0
11851.2 0
11851.3 0
11851.4 0
11853.1 5
11853.2 5
11856.1 18
11856.2 11
11856.3 11
11856.4 18
11863.1 0
11863.2 0
11875.1 3
11875.2 3
11881.1 0
11881.2 8
11881.3 0
11884.1 3
11884.2 3
11887.1 1
11887.2 1
11889.1 8
11889.2 8
11892.1 4
11892.2 4
11893.1 0
11893.2 1
11893.3 1
11893.4 0
11899.1 2
11899.2 2
11899.3 2
11899.4 2
11901.1 1
11901.2 1
11907.1 0
11907.2 21
11907.3 0
11908.1 2
11908.2 1
11908.3 1
11908.4 2
11911.1 1
11911.2 1
11911.3 1
11911.4 1
11916.1 21
11916.2 21
11923.1 0
11923.2 0
11929.1 0
11929.2 1
11929.3 1
11929.4 0
11932.1 7
11932.2 3
11932.3 3
11932.4 7
11941.1 1
11941.2 1
11943.1 5
11943.2 5
11947.1 4
11947.2 4
11947.3 4
11947.4 4
11953.1 0
11953.2 0
11956.1 16
11956.2 3
11956.3 8
11956.4 8
11956.5 3
11956.6 16
11959.1 0
11959.2 0
11964.1 8
11964.2 8
11971.1 1
11971.2 1
11973.1 3
11973.2 6
11973.3 6
11973.4 3
11988.1 22
11988.2 22
11989.1 3
11989.2 1
11989.3 1
11989.4 3
11991.1 7
11991.2 4
11991.3 4
11991.4 7
11997.1 2
11997.2 10
11997.3 10
11997.4 2
12004.1 1
12004.2 1
12007.1 0
12007.2 0
12009.1 1
12009.2 1
12016.1 0
12016.2 0
12025.1 3
12025.2 4
12025.3 4
12025.4 3
12027.1 1
12027.2 6
12027.3 6
12027.4 1
12028.1 3
12028.2 6
12028.3 6
12028.4 3
12037.1 0
12037.2 0
12043.1 2
12043.2 2
12049.1 3
12049.2 3
12051.1 5
12051.2 2
12051.3 2
12051.4 5
12061.1 2
12061.2 2
12061.3 2
12061.4 2
12063.1 1
12063.2 1
12073.1 0
12073.2 0
12076.1 5
12076.2 5
12081.1 0
12081.2 0
12096.1 30
12096.2 30
12097.1 1
12097.2 1
12099.1 2
12099.2 5
12099.3 5
12099.4 2
12100.1 17
12103.1 4
12103.2 10
12103.3 6
12103.4 8
12103.5 1
12103.6 11
12103.7 11
12103.8 1
12103.9 8
12103.10 6
12103.11 10
12103.12 4
12108.1 7
12108.2 7
12109.1 0
12109.2 0
12112.1 6
12112.2 6
12117.1 5
12117.2 5
12117.3 5
12117.4 5
12124.1 4
12124.2 4
12124.3 4
12124.4 4
12127.1 1
12127.2 1
12127.3 1
12127.4 1
12132.1 8
12132.2 8
12139.1 0
12139.2 0
12139.3 0
12139.4 0
12148.1 0
12148.2 0
12153.1 4
12153.2 4
12157.1 0
12157.2 0
12159.1 15
12159.2 18
12159.3 18
12159.4 15
12163.1 0
12163.2 0
12169.1 3
12169.2 5
12169.3 5
12169.4 3
12171.1 1
12171.2 1
12175.1 0
12175.2 0
12181.1 0
12181.2 0
12181.3 0
12181.4 0
12187.1 3
12187.2 0
12187.3 0
12187.4 3
12196.1 3
12196.2 3
12207.1 4
12207.2 4
12207.3 4
12207.4 4
12208.1 1
12208.2 4
12208.3 4
12208.4 1
12211.1 0
12211.2 0
12217.1 0
12217.2 2
12217.3 2
12217.4 0
12225.1 2
12225.2 2
12229.1 0
12229.2 2
12229.3 2
12229.4 0
12231.1 2
12231.2 2
12241.1 0
12241.2 0
12244.1 0
12244.2 0
12247.1 3
12247.2 0
12247.3 0
12247.4 3
12252.1 12
12252.2 12
12253.1 0
12253.2 0
12261.1 2
12261.2 1
12261.3 1
12261.4 2
12268.1 1
12268.2 1
12271.1 2
12271.2 2
12271.3 2
12271.4 2
12277.1 0
12277.2 0
12279.1 0
12279.2 0
12288.1 41
12289.1 0
12289.2 0
12292.1 5
12292.2 6
12292.3 6
12292.4 5
12297.1 0
12297.2 0
12301.1 0
12301.2 0
12304.1 0
12304.2 0
12307.1 0
12307.2 2
12307.3 2
12307.4 0
12313.1 3
12313.2 3
12313.3 3
12313.4 3
12316.1 2
12316.2 2
12319.1 2
12319.2 1
12319.3 1
12319.4 2
12321.1 4
12321.2 27
12321.3 4
12324.1 9
12324.2 11
12324.3 11
12324.4 9
12333.1 0
12333.2 0
12337.1 4
12337.2 14
12337.3 16
12337.4 16
12337.5 14
12337.6 4
12339.1 11
12339.2 11
12343.1 0
12343.2 0
12348.1 1
12348.2 37
12348.3 37
12348.4 1
12352.1 3
12352.2 3
12369.1 3
12369.2 9
12369.3 14
12369.4 8
12369.5 8
12369.6 14
12369.7 9
12369.8 3
12373.1 0
12373.2 0
12379.1 1
12379.2 1
12387.1 1
12387.2 1
12388.1 6
12388.2 5
12388.3 5
12388.4 6
12391.1 1
12391.2 1
12396.1 3
12396.2 3
12400.1 10
12400.2 10
12403.1 0
12403.2 1
12403.3 1
12403.4 0
12409.1 0
12409.2 0
12421.1 0
12421.2 0
12427.1 3
12427.2 3
12429.1 3
12429.2 3
12432.1 3
12432.2 13
12432.3 13
12432.4 3
12433.1 1
12433.2 1
12436.1 1
12436.2 1
12439.1 8
12439.2 6
12439.3 6
12439.4 8
12451.1 0
12451.2 0
12457.1 0
12457.2 0
12459.1 3
12459.2 3
12463.1 2
12463.2 2
12468.1 0
12468.2 0
12469.1 1
12469.2 1
12469.3 1
12469.4 1
12475.1 0
12475.2 0
12477.1 2
12477.2 2
12481.1 1
12481.2 0
12481.3 0
12481.4 1
12483.1 13
12483.2 10
12483.3 10
12483.4 13
12484.1 3
12484.2 3
12487.1 0
12487.2 0
12493.1 4
12493.2 4
12493.3 3
12493.4 3
12493.5 4
12493.6 4
12501.1 14
12501.2 14
12511.1 0
12511.2 0
12513.1 4
12513.2 2
12513.3 2
12513.4 4
12517.1 3
12517.2 3
12523.1 0
12523.2 0
12523.3 0
12523.4 0
12531.1 3
12531.2 3
12532.1 6
12532.2 13
12532.3 13
12532.4 6
12537.1 14
12537.2 15
12537.3 15
12537.4 14
12541.1 1
12541.2 1
12544.1 8
12544.2 21
12544.3 8
12547.1 0
12547.2 0
12553.1 1
12553.2 1
12556.1 10
12556.2 7
12556.3 7
12556.4 10
12559.1 1
12559.2 1
12559.3 1
12559.4 1
12564.1 18
12564.2 18
12571.1 1
12571.2 1
12571.3 1
12571.4 1
12577.1 0
12577.2 0
12583.1 0
12583.2 0
12589.1 0
12589.2 0
12591.1 4
12591.2 4
12592.1 6
12592.2 6
12601.1 2
12601.2 2
12603.1 3
12603.2 3
12607.1 0
12607.2 0
12607.3 0
12607.4 0
12612.1 5
12612.2 5
12613.1 0
12613.2 0
12619.1 0
12619.2 0
12621.1 2
12621.2 8
12621.3 8
12621.4 2
12636.1 12
12636.2 12
12637.1 1
12637.2 1
12649.1 3
12649.2 7
12649.3 6
12649.4 3
12649.5 3
12649.6 6
12649.7 7
12649.8 3
12652.1 0
12652.2 0
12657.1 2
12657.2 2
12663.1 15
12663.2 14
12663.3 14
12663.4 15
12675.1 4
12675.2 27
12675.3 4
12676.1 2
12676.2 2
12679.1 0
12679.2 1
12679.3 1
12679.4 0
12684.1 11
12684.2 5
12684.3 5
12684.4 11
12688.1 9
12688.2 2
12688.3 2
12688.4 9
12691.1 9
12691.2 5
12691.3 7
12691.4 8
12691.5 8
12691.6 7
12691.7 5
12691.8 9
12693.1 10
12693.2 10
12697.1 0
12697.2 0
12700.1 5
12700.2 5
12703.1 1
12703.2 1
12711.1 2
12711.2 7
12711.3 7
12711.4 2
12717.1 2
12717.2 2
12721.1 0
12721.2 0
12724.1 7
12724.2 7
12729.1 1
12729.2 1
12736.1 4
12736.2 4
12739.1 0
12739.2 0
12747.1 1
12747.2 0
12747.3 0
12747.4 1
12748.1 2
12748.2 2
12753.1 11
12753.2 5
12753.3 5
12753.4 11
12756.1 0
12756.2 0
12757.1 0
12757.2 0
12763.1 0
12763.2 0
12769.1 11
12772.1 7
12772.2 9
12772.3 9
12772.4 7
12775.1 6
12775.2 5
12775.3 5
12775.4 6
12781.1 0
12781.2 0
12783.1 0
12783.2 0
12787.1 3
12787.2 4
12787.3 4
12787.4 3
12796.1 1
12796.2 6
12796.3 6
12796.4 1
12799.1 1
12799.2 1
12807.1 7
12807.2 7
12817.1 0
12817.2 1
12817.3 1
12817.4 0
12819.1 0
12819.2 0
12823.1 1
12823.2 1
12825.1 27
12825.2 27
12828.1 5
12828.2 5
12829.1 0
12829.2 0
12841.1 0
12841.2 0
12844.1 7
12844.2 12
12844.3 7
12844.4 7
12844.5 12
12844.6 7
12853.1 1
12853.2 1
12861.1 3
12861.2 3
12864.1 6
12864.2 6
12868.1 3
12868.2 3
12871.1 3
12871.2 1
12871.3 1
12871.4 3
12873.1 7
12873.2 5
12873.3 5
12873.4 7
12877.1 1
12877.2 2
12877.3 2
12877.4 1
12883.1 0
12883.2 1
12883.3 1
12883.4 0
12889.1 0
12889.2 0
12891.1 1
12891.2 1
12900.1 17
12900.2 17
12901.1 5
12901.2 5
12901.3 4
12901.4 5
12901.5 5
12901.6 4
12901.7 5
12901.8 5
12907.1 2
12907.2 2
12909.1 2
12909.2 2
12909.3 2
12909.4 2
12913.1 7
12913.2 3
12913.3 3
12913.4 7
12916.1 0
12916.2 0
12919.1 1
12919.2 1
12927.1 8
12927.2 8
12927.3 8
12927.4 8
12931.1 2
12931.2 1
12931.3 1
12931.4 2
12943.1 1
12943.2 8
12943.3 2
12943.4 2
12943.5 8
12943.6 1
12961.1 2
12961.2 3
12961.3 3
12961.4 2
12964.1 5
12964.2 4
12964.3 4
12964.4 5
12967.1 0
12967.2 0
12973.1 0
12973.2 0
12976.1 0
12976.2 0
12979.1 3
12979.2 3
12981.1 2
12981.2 2
12987.1 6
12987.2 19
12987.3 19
12987.4 6
12996.1 16
12996.2 59
12996.3 16
12999.1 2
12999.2 2
12999.3 2
12999.4 2
13003.1 0
13003.2 0
13008.1 2
13008.2 2
13009.1 2
13009.2 2
13012.1 3
13012.2 3
13017.1 1
13017.2 1
13023.1 3
13023.2 3
13027.1 0
13027.2 2
13027.3 2
13027.4 0
13033.1 0
13033.2 0
13036.1 0
13036.2 0
13044.1 0
13044.2 0
13051.1 4
13051.2 5
13051.3 5
13051.4 4
13053.1 3
13053.2 2
13053.3 2
13053.4 3
13063.1 1
13063.2 1
13068.1 33
13069.1 1
13069.2 0
13069.3 0
13069.4 1
13071.1 2
13071.2 2
13072.1 11
13072.2 1
13072.3 1
13072.4 11
13075.1 3
13075.2 3
13077.1 2
13077.2 2
13081.1 2
13081.2 1
13081.3 1
13081.4 2
13084.1 0
13084.2 0
13089.1 1
13089.2 1
13093.1 0
13093.2 0
13099.1 0
13099.2 0
13104.1 23
13104.2 17
13104.3 17
13104.4 23
13111.1 1
13111.2 5
13111.3 5
13111.4 1
13116.1 8
13116.2 8
13117.1 3
13117.2 3
13117.3 3
13117.4 3
13125.1 10
13125.2 10
13129.1 0
13129.2 0
13129.3 0
13129.4 0
13131.1 6
13131.2 6
13132.1 9
13132.2 10
13132.3 6
13132.4 6
13132.5 10
13132.6 9
13143.1 2
13143.2 4
13143.3 4
13143.4 2
13147.1 1
13147.2 1
13149.1 7
13149.2 7
13153.1 1
13153.2 0
13153.3 0
13153.4 1
13159.1 0
13159.2 0
13168.1 2
13168.2 2
13171.1 0
13171.2 0
13177.1 2
13177.2 2
13183.1 0
13183.2 0
13188.1 8
13188.2 13
13188.3 13
13188.4 8
13189.1 3
13189.2 3
13201.1 1
13201.2 3
13201.3 3
13201.4 1
13203.1 9
13203.2 9
13204.1 0
13204.2 0
13212.1 6
13212.2 6
13213.1 4
13213.2 2
13213.3 2
13213.4 4
13219.1 1
13219.2 1
13225.1 11
13228.1 0
13228.2 0
13237.1 7
13237.2 1
13237.3 2
13237.4 4
13237.5 4
13237.6 2
13237.7 1
13237.8 7
13239.1 4
13239.2 4
13249.1 0
13249.2 0
13251.1 5
13251.2 4
13251.3 4
13251.4 5
13252.1 2
13252.2 2
13264.1 0
13264.2 0
13267.1 0
13267.2 0
13269.1 1
13269.2 1
13273.1 1
13273.2 2
13273.3 2
13273.4 1
13276.1 3
13276.2 3
13279.1 6
13279.2 8
13279.3 10
13279.4 10
13279.5 8
13279.6 6
13287.1 1
13287.2 3
13287.3 3
13287.4 1
13291.1 0
13291.2 0
13293.1 9
13293.2 4
13293.3 4
13293.4 9
13296.1 0
13296.2 0
13297.1 1
13297.2 1
13300.1 20
13300.2 20
13300.3 20
13300.4 20
13309.1 0
13309.2 0
13312.1 22
13312.2 22
13323.1 0
13323.2 0
13324.1 0
13324.2 0
13327.1 0
13327.2 0
13333.1 1
13333.2 3
13333.3 3
13333.4 1
13339.1 0
13339.2 0
13341.1 1
13341.2 1
13347.1 0
13347.2 0
13351.1 0
13351.2 5
13351.3 7
13351.4 7
13351.5 5
13351.6 0
13357.1 3
13357.2 6
13357.3 7
13357.4 7
13357.5 6
13357.6 3
13359.1 9
13359.2 4
13359.3 4
13359.4 9
13372.1 0
13372.2 0
13377.1 13
13377.2 9
13377.3 38
13377.4 27
13377.5 27
13377.6 38
13377.7 9
13377.8 13
13381.1 0
13381.2 0
13392.1 24
13392.2 24
13399.1 2
13399.2 2
13401.1 4
13401.2 4
13404.1 5
13404.2 5
13411.1 0
13411.2 0
13417.1 0
13417.2 0
13423.1 0
13423.2 0
13423.3 0
13423.4 0
13428.1 9
13428.2 9
13429.1 0
13429.2 3
13429.3 3
13429.4 0
13431.1 8
13431.2 8
13441.1 2
13441.2 2
13444.1 4
13444.2 4
13449.1 3
13449.2 3
13456.1 15
13459.1 1
13459.2 2
13459.3 2
13459.4 1
13467.1 2
13467.2 23
13467.3 2
13468.1 6
13468.2 9
13468.3 17
13468.4 4
13468.5 4
13468.6 17
13468.7 9
13468.8 6
13471.1 1
13471.2 0
13471.3 0
13471.4 1
13473.1 5
13473.2 5
13476.1 2
13476.2 2
13477.1 2
13477.2 2
13483.1 2
13483.2 1
13483.3 1
13483.4 2
13492.1 0
13492.2 0
13503.1 2
13503.2 3
13503.3 3
13503.4 2
13504.1 1
13504.2 1
13507.1 0
13507.2 2
13507.3 2
13507.4 0
13509.1 2
13509.2 5
13509.3 5
13509.4 2
13513.1 1
13513.2 1
13516.1 4
13516.2 9
13516.3 9
13516.4 4
13521.1 1
13521.2 1
13525.1 0
13525.2 0
13531.1 6
13531.2 5
13531.3 5
13531.4 6
13537.1 0
13537.2 0
13539.1 1
13539.2 1
13548.1 1
13548.2 1
13552.1 14
13552.2 14
13557.1 0
13557.2 0
13564.1 0
13564.2 0
13567.1 1
13567.2 1
13573.1 3
13573.2 0
13573.3 1
13573.4 1
13573.5 0
13573.6 3
13575.1 2
13575.2 2
13579.1 2
13579.2 0
13579.3 0
13579.4 2
13584.1 8
13584.2 8
13588.1 4
13588.2 7
13588.3 7
13588.4 4
13591.1 0
13591.2 0
13597.1 1
13597.2 1
13603.1 0
13603.2 0
13603.3 0
13603.4 0
13609.1 0
13609.2 0
13609.3 0
13609.4 0
13611.1 5
13611.2 11
13611.3 11
13611.4 5
13627.1 0
13627.2 0
13633.1 1
13633.2 1
13636.1 1
13636.2 0
13636.3 0
13636.4 1
13644.1 20
13644.2 20
13647.1 8
13647.2 8
13648.1 6
13648.2 6
13657.1 0
13657.2 1
13657.3 1
13657.4 0
13663.1 1
13663.2 1
13663.3 1
13663.4 1
13669.1 0
13669.2 0
13671.1 23
13671.2 9
13671.3 25
13671.4 25
13671.5 9
13671.6 23
13675.1 1
13675.2 1
13681.1 0
13681.2 0
13683.1 1
13683.2 1
13687.1 0
13687.2 0
13689.1 8
13689.2 25
13689.3 8
13692.1 13
13692.2 3
13692.3 3
13692.4 13
13693.1 3
13693.2 3
13699.1 0
13699.2 11
13699.3 6
13699.4 2
13699.5 2
13699.6 6
13699.7 11
13699.8 0
13701.1 0
13701.2 0
13711.1 0
13711.2 0
13716.1 13
13716.2 13
13723.1 1
13723.2 1
13725.1 12
13725.2 12
13729.1 2
13729.2 2
13732.1 0
13732.2 0
13737.1 9
13737.2 6
13737.3 6
13737.4 9
13741.1 4
13741.2 4
13741.3 2
13741.4 0
13741.5 0
13741.6 2
13741.7 4
13741.8 4
13744.1 2
13744.2 2
13756.1 6
13756.2 9
13756.3 9
13756.4 6
13759.1 0
13759.2 0
13764.1 10
13764.2 15
13764.3 15
13764.4 10
13773.1 0
13773.2 0
13779.1 6
13779.2 6
13789.1 0
13789.2 0
13791.1 0
13791.2 0
13797.1 16
13797.2 21
13797.3 21
13797.4 16
13801.1 0
13801.2 1
13801.3 1
13801.4 0
13807.1 0
13807.2 0
13809.1 1
13809.2 1
13813.1 1
13813.2 1
13813.3 1
13813.4 1
13819.1 2
13819.2 0
13819.3 0
13819.4 2
13825.1 1
13825.2 3
13825.3 3
13825.4 1
13828.1 5
13828.2 5
13831.1 0
13831.2 0
13836.1 5
13836.2 5
13843.1 4
13843.2 1
13843.3 1
13843.4 4
13851.1 20
13851.2 20
13852.1 1
13852.2 1
13863.1 3
13863.2 3
13867.1 3
13867.2 9
13867.3 10
13867.4 10
13867.5 9
13867.6 3
13872.1 37
13873.1 1
13873.2 1
13876.1 0
13876.2 0
13879.1 1
13879.2 1
13881.1 4
13881.2 5
13881.3 5
13881.4 4
13887.1 5
13887.2 5
13888.1 8
13888.2 17
13888.3 17
13888.4 8
13897.1 2
13897.2 4
13897.3 4
13897.4 2
13900.1 5
13900.2 5
13903.1 1
13903.2 1
13908.1 4
13908.2 12
13908.3 12
13908.4 4
13909.1 1
13909.2 2
13909.3 2
13909.4 1
13917.1 0
13917.2 0
13921.1 1
13921.2 1
13924.1 18
13927.1 5
13927.2 0
13927.3 0
13927.4 5
13932.1 9
13932.2 9
13933.1 0
13933.2 0
13936.1 6
13936.2 5
13936.3 5
13936.4 6
13941.1 8
13941.2 8
13951.1 5
13951.2 0
13951.3 0
13951.4 5
13953.1 0
13953.2 0
13963.1 0
13963.2 0
13968.1 10
13968.2 10
13969.1 0
13969.2 0
13969.3 0
13969.4 0
13971.1 0
13971.2 0
13972.1 2
13972.2 7
13972.3 7
13972.4 2
13975.1 3
13975.2 3
13975.3 3
13975.4 3
13989.1 2
13989.2 2
13993.1 4
13993.2 8
13993.3 8
13993.4 4
13996.1 0
13996.2 0
13999.1 1
13999.2 1
14011.1 0
14011.2 0
14016.1 21
14016.2 21
14023.1 4
14023.2 3
14023.3 3
14023.4 4
14029.1 1
14029.2 1
14032.1 0
14032.2 0
14041.1 1
14041.2 4
14041.3 4
14041.4 1
14043.1 10
14043.2 7
14043.3 7
14043.4 10
14044.1 3
14044.2 3
14049.1 11
14049.2 10
14049.3 10
14049.4 11
14052.1 6
14052.2 6
14061.1 4
14061.2 1
14061.3 1
14061.4 4
14068.1 0
14068.2 0
14071.1 1
14071.2 1
14077.1 0
14077.2 2
14077.3 2
14077.4 0
14079.1 10
14079.2 13
14079.3 3
14079.4 3
14079.5 13
14079.6 10
14083.1 0
14083.2 0
14089.1 3
14089.2 2
14089.3 2
14089.4 3
14092.1 4
14092.2 6
14092.3 6
14092.4 4
14097.1 4
14097.2 3
14097.3 3
14097.4 4
14103.1 2
14103.2 2
14107.1 1
14107.2 1
14116.1 3
14116.2 3
14119.1 2
14119.2 1
14119.3 1
14119.4 2
14121.1 16
14121.2 16
14128.1 1
14128.2 1
14131.1 4
14131.2 1
14131.3 1
14131.4 4
14133.1 15
14133.2 8
14133.3 8
14133.4 15
14137.1 2
14137.2 3
14137.3 3
14137.4 2
14143.1 0
14143.2 0
14149.1 0
14149.2 0
14157.1 12
14157.2 12
14161.1 8
14161.2 17
14161.3 8
14164.1 2
14164.2 2
14167.1 1
14167.2 0
14167.3 0
14167.4 1
14169.1 0
14169.2 0
14173.1 0
14173.2 0
14175.1 16
14175.2 16
14187.1 1
14187.2 1
14188.1 0
14188.2 0
14196.1 8
14196.2 43
14196.3 18
14196.4 18
14196.5 43
14196.6 8
14197.1 1
14197.2 1
14203.1 2
14203.2 1
14203.3 1
14203.4 2
14209.1 3
14209.2 3
14209.3 3
14209.4 3
14211.1 2
14211.2 2
14221.1 0
14221.2 0
14224.1 13
14224.2 6
14224.3 6
14224.4 13
14233.1 1
14233.2 1
14233.3 1
14233.4 1
14236.1 6
14236.2 6
14251.1 0
14251.2 0
14259.1 24
14259.2 13
14259.3 18
14259.4 18
14259.5 13
14259.6 24
14269.1 2
14269.2 0
14269.3 0
14269.4 2
14272.1 2
14272.2 2
14275.1 2
14275.2 2
14277.1 0
14277.2 0
14281.1 1
14281.2 1
14283.1 25
14284.1 1
14284.2 1
14287.1 3
14287.2 8
14287.3 5
14287.4 7
14287.5 7
14287.6 5
14287.7 8
14287.8 3
14292.1 13
14292.2 13
14293.1 0
14293.2 0
14299.1 0
14299.2 0
14299.3 0
14299.4 0
14308.1 16
14308.2 17
14308.3 13
14308.4 13
14308.5 17
14308.6 16
14313.1 1
14313.2 5
14313.3 5
14313.4 1
14317.1 1
14317.2 2
14317.3 2
14317.4 1
14319.1 6
14319.2 6
14319.3 6
14319.4 6
14323.1 4
14323.2 4
14332.1 0
14332.2 0
14341.1 1
14341.2 1
14347.1 3
14347.2 3
14349.1 2
14349.2 2
14353.1 1
14353.2 3
14353.3 3
14353.4 1
14356.1 2
14356.2 2
14356.3 2
14356.4 2
14364.1 38
14364.2 44
14364.3 44
14364.4 38
14367.1 2
14367.2 2
14371.1 3
14371.2 0
14371.3 0
14371.4 3
14373.1 3
14373.2 3
14383.1 3
14383.2 3
14383.3 3
14383.4 3
14389.1 0
14389.2 0
14400.1 39
14401.1 0
14401.2 0
14403.1 2
14403.2 2
14404.1 5
14404.2 2
14404.3 2
14404.4 5
14407.1 1
14407.2 1
14412.1 10
14412.2 10
14419.1 1
14419.2 1
14425.1 9
14425.2 9
14427.1 11
14427.2 6
14427.3 6
14427.4 11
14428.1 1
14428.2 1
14431.1 0
14431.2 0
14437.1 1
14437.2 1
14439.1 5
14439.2 5
14448.1 21
14448.2 9
14448.3 9
14448.4 21
14449.1 5
14449.2 5
14452.1 4
14452.2 4
14457.1 3
14457.2 2
14457.3 2
14457.4 3
14461.1 0
14461.2 0
14475.1 7
14475.2 7
14479.1 0
14479.2 0
14481.1 16
14481.2 16
14491.1 3
14491.2 3
14491.3 3
14491.4 3
14493.1 4
14493.2 4
14497.1 2
14497.2 3
14497.3 0
14497.4 7
14497.5 7
14497.6 0
14497.7 3
14497.8 2
14503.1 1
14503.2 1
14508.1 26
14508.2 27
14508.3 27
14508.4 26
14511.1 8
14511.2 0
14511.3 0
14511.4 8
14512.1 0
14512.2 0
14521.1 0
14521.2 0
14521.3 0
14521.4 0
14524.1 1
14524.2 1
14527.1 4
14527.2 2
14527.3 2
14527.4 4
14533.1 4
14533.2 4
14539.1 8
14539.2 4
14539.3 4
14539.4 2
14539.5 2
14539.6 4
14539.7 4
14539.8 8
14547.1 3
14547.2 1
14547.3 1
14547.4 3
14548.1 2
14548.2 2
14551.1 1
14551.2 1
14556.1 3
14556.2 3
14557.1 1
14557.2 1
14563.1 0
14563.2 0
14572.1 2
14572.2 2
14581.1 2
14581.2 0
14581.3 0
14581.4 2
14583.1 1
14583.2 1
14589.1 0
14589.2 0
14592.1 25
14592.2 25
14593.1 0
14593.2 0
14599.1 0
14599.2 0
14599.3 0
14599.4 0
14601.1 1
14601.2 6
14601.3 6
14601.4 1
14607.1 6
14607.2 6
14611.1 1
14611.2 0
14611.3 0
14611.4 1
14623.1 3
14623.2 1
14623.3 1
14623.4 3
14629.1 0
14629.2 0
14641.1 18
14643.1 6
14643.2 6
14644.1 12
14644.2 12
14644.3 12
14644.4 12
14647.1 1
14647.2 2
14647.3 2
14647.4 1
14653.1 1
14653.2 1
14656.1 3
14656.2 3
14661.1 5
14661.2 5
14668.1 1
14668.2 3
14668.3 3
14668.4 1
14673.1 5
14673.2 5
14673.3 5
14673.4 5
14677.1 0
14677.2 0
14677.3 0
14677.4 0
14683.1 0
14683.2 0
14689.1 0
14689.2 3
14689.3 3
14689.4 0
14692.1 3
14692.2 3
14700.1 21
14700.2 67
14700.3 21
14701.1 3
14701.2 2
14701.3 2
14701.4 3
14704.1 12
14704.2 12
14709.1 0
14709.2 0
14713.1 0
14713.2 0
14716.1 4
14716.2 5
14716.3 5
14716.4 4
14724.1 16
14724.2 16
14725.1 6
14725.2 4
14725.3 4
14725.4 6
14727.1 2
14727.2 2
14731.1 0
14731.2 0
14736.1 11
14736.2 11
14737.1 0
14737.2 0
14749.1 9
14749.2 5
14749.3 14
14749.4 10
14749.5 10
14749.6 14
14749.7 5
14749.8 9
14763.1 13
14763.2 12
14763.3 24
14763.4 7
14763.5 7
14763.6 24
14763.7 12
14763.8 13
14764.1 3
14764.2 3
14767.1 0
14767.2 0
14769.1 1
14769.2 1
14772.1 0
14772.2 0
14779.1 0
14779.2 0
14781.1 14
14781.2 16
14781.3 16
14781.4 14
14788.1 3
14788.2 3
14791.1 2
14791.2 3
14791.3 3
14791.4 2
14797.1 0
14797.2 0
14799.1 1
14799.2 1
14800.1 3
14800.2 3
14812.1 11
14812.2 11
14821.1 0
14821.2 0
14823.1 2
14823.2 2
14827.1 2
14827.2 2
14832.1 10
14832.2 10
14833.1 1
14833.2 1
14833.3 1
14833.4 2
14833.5 2
14833.6 1
14833.7 1
14833.8 1
14836.1 0
14836.2 0
14844.1 7
14844.2 7
14851.1 0
14851.2 0
14853.1 1
14853.2 1
14859.1 7
14859.2 6
14859.3 6
14859.4 7
14869.1 1
14869.2 1
14871.1 1
14871.2 1
14884.1 0
14884.2 26
14884.3 0
14887.1 0
14887.2 0
14889.1 3
14889.2 1
14889.3 1
14889.4 3
14896.1 7
14896.2 21
14896.3 20
14896.4 20
14896.5 21
14896.6 7
14907.1 2
14907.2 2
14908.1 4
14908.2 4
14911.1 2
14911.2 6
14911.3 7
14911.4 2
14911.5 2
14911.6 7
14911.7 6
14911.8 2
14913.1 1
14913.2 1
14917.1 2
14917.2 0
14917.3 0
14917.4 2
14923.1 0
14923.2 0
14925.1 9
14925.2 9
14929.1 2
14929.2 2
14931.1 11
14931.2 18
14931.3 18
14931.4 11
14932.1 1
14932.2 1
14941.1 0
14941.2 1
14941.3 1
14941.4 0
14947.1 0
14947.2 0
14953.1 0
14953.2 0
14953.3 0
14953.4 0
14956.1 1
14956.2 1
14959.1 0
14959.2 0
14959.3 0
14959.4 0
14961.1 4
14961.2 4
14967.1 1
14967.2 1
14979.1 10
14979.2 10
14983.1 0
14983.2 0
14988.1 14
14988.2 14
14989.1 1
14989.2 1
14989.3 1
14989.4 1
14992.1 7
14992.2 7
14997.1 3
14997.2 3
15001.1 1
15001.2 2
15001.3 2
15001.4 1
15004.1 7
15004.2 7
15007.1 4
15007.2 6
15007.3 6
15007.4 4
15012.1 21
15012.2 21
15013.1 1
15013.2 1
15021.1 3
15021.2 3
15024.1 15
15024.2 15
15025.1 0
15025.2 0
15028.1 14
15028.2 14
15031.1 1
15031.2 1
15033.1 2
15033.2 2
15043.1 11
15043.2 4
15043.3 16
15043.4 16
15043.5 4
15043.6 11
15061.1 1
15061.2 1
15067.1 5
15067.2 1
15067.3 2
15067.4 3
15067.5 3
15067.6 2
15067.7 1
15067.8 5
15069.1 4
15069.2 4
15073.1 0
15073.2 0
15075.1 11
15075.2 11
15076.1 2
15076.2 2
15091.1 1
15091.2 1
15093.1 10
15093.2 13
15093.3 13
15093.4 10
15097.1 0
15097.2 0
15097.3 0
15097.4 0
15100.1 2
15100.2 2
15121.1 1
15121.2 1
15123.1 29
15124.1 7
15124.2 5
15124.3 5
15124.4 7
15127.1 2
15127.2 1
15127.3 1
15127.4 2
15129.1 28
15132.1 9
15132.2 13
15132.3 13
15132.4 9
15133.1 1
15133.2 0
15133.3 0
15133.4 1
15139.1 1
15139.2 1
15141.1 10
15141.2 21
15141.3 10
15141.4 10
15141.5 21
15141.6 10
15148.1 4
15148.2 4
15148.3 4
15148.4 4
15151.1 2
15151.2 2
15151.3 2
15151.4 2
15156.1 14
15156.2 14
15159.1 0
15159.2 5
15159.3 5
15159.4 0
15168.1 8
15168.2 8
15172.1 1
15172.2 1
15175.1 0
15175.2 0
15177.1 0
15177.2 0
15183.1 17
15183.2 14
15183.3 14
15183.4 17
15184.1 8
15184.2 13
15184.3 13
15184.4 8
15187.1 0
15187.2 0
15193.1 1
15193.2 1
15199.1 0
15199.2 0
15204.1 8
15204.2 12
15204.3 12
15204.4 8
15217.1 1
15217.2 1
15223.1 0
15223.2 0
15223.3 0
15223.4 0
15229.1 0
15229.2 0
15229.3 0
15229.4 0
15231.1 0
15231.2 0
15237.1 0
15237.2 0
15241.1 2
15241.2 2
15244.1 3
15244.2 6
15244.3 6
15244.4 3
15247.1 0
15247.2 0
15247.3 0
15247.4 0
15253.1 4
15253.2 4
15253.3 4
15253.4 4
15259.1 2
15259.2 2
15267.1 2
15267.2 6
15267.3 6
15267.4 2
15271.1 0
15271.2 0
15276.1 15
15276.2 9
15276.3 9
15276.4 15
15277.1 1
15277.2 1
15289.1 1
15289.2 1
15291.1 1
15291.2 1
15292.1 1
15292.2 1
15303.1 0
15303.2 0
15307.1 0
15307.2 0
15309.1 14
15309.2 14
15313.1 0
15313.2 0
15316.1 5
15316.2 5
15316.3 5
15316.4 5
15319.1 0
15319.2 0
15321.1 0
15321.2 0
15325.1 7
15325.2 7
15331.1 1
15331.2 1
15337.1 6
15337.2 1
15337.3 7
15337.4 7
15337.5 1
15337.6 6
15339.1 4
15339.2 4
15343.1 1
15343.2 0
15343.3 0
15343.4 1
15348.1 5
15348.2 5
15349.1 2
15349.2 2
15357.1 0
15357.2 0
15361.1 1
15361.2 1
15367.1 5
15367.2 5
15372.1 10
15372.2 3
15372.3 3
15372.4 10
15373.1 2
15373.2 2
15376.1 14
15376.2 24
15376.3 14
15379.1 0
15379.2 11
15379.3 17
15379.4 4
15379.5 4
15379.6 17
15379.7 11
15379.8 0
15388.1 1
15388.2 1
15391.1 1
15391.2 1
15393.1 7
15393.2 8
15393.3 8
15393.4 7
15403.1 3
15403.2 3
15403.3 3
15403.4 3
15409.1 2
15409.2 1
15409.3 1
15409.4 2
15412.1 3
15412.2 3
15417.1 6
15417.2 6
15421.1 0
15421.2 0
15421.3 0
15421.4 0
15424.1 9
15424.2 9
15427.1 0
15427.2 0
15429.1 5
15429.2 4
15429.3 4
15429.4 5
15439.1 0
15439.2 0
15447.1 0
15447.2 4
15447.3 4
15447.4 0
15451.1 3
15451.2 3
15463.1 16
15463.2 16
15469.1 0
15469.2 1
15469.3 1
15469.4 0
15472.1 7
15472.2 7
15475.1 1
15475.2 1
15483.1 6
15483.2 3
15483.3 3
15483.4 6
15484.1 8
15484.2 14
15484.3 13
15484.4 13
15484.5 14
15484.6 8
15492.1 2
15492.2 2
15493.1 0
15493.2 0
15501.1 3
15501.2 3
15507.1 6
15507.2 6
15508.1 3
15508.2 3
15511.1 0
15511.2 0
15519.1 10
15519.2 8
15519.3 8
15519.4 10
15523.1 5
15523.2 4
15523.3 7
15523.4 7
15523.5 4
15523.6 5
15537.1 3
15537.2 3
15541.1 2
15541.2 2
15547.1 2
15547.2 2
15547.3 2
15547.4 2
15552.1 15
15553.1 0
15553.2 0
15553.3 0
15553.4 0
15556.1 0
15556.2 0
15559.1 0
15559.2 0
15561.1 21
15561.2 24
15561.3 19
15561.4 32
15561.5 32
15561.6 19
15561.7 24
15561.8 21
15564.1 2
15564.2 2
15568.1 7
15568.2 13
15568.3 13
15568.4 7
15577.1 6
15577.2 3
15577.3 3
15577.4 6
15579.1 12
15579.2 12
15583.1 3
15583.2 3
15588.1 9
15588.2 9
15591.1 0
15591.2 0
15600.1 19
15600.2 19
15601.1 0
15601.2 0
15607.1 0
15607.2 0
15609.1 7
15609.2 7
15613.1 4
15613.2 4
15613.3 4
15613.4 4
15616.1 7
15616.2 7
15619.1 0
15619.2 0
15625.1 12
15627.1 1
15627.2 1
15628.1 7
15628.2 7
15633.1 15
15633.2 15
15636.1 5
15636.2 5
15637.1 0
15637.2 2
15637.3 2
15637.4 0
15643.1 1
15643.2 1
15649.1 0
15649.2 0
15652.1 14
15652.2 15
15652.3 12
15652.4 8
15652.5 8
15652.6 12
15652.7 15
15652.8 14
15661.1 0
15661.2 0
15667.1 2
15667.2 2
15669.1 4
15669.2 4
15673.1 2
15673.2 2
15673.3 2
15673.4 2
15676.1 0
15676.2 0
15679.1 0
15679.2 0
15681.1 1
15681.2 1
15696.1 12
15696.2 12
15699.1 2
15699.2 2
15700.1 5
15700.2 5
15717.1 0
15717.2 14
15717.3 19
15717.4 19
15717.5 14
15717.6 0
15721.1 0
15721.2 0
15721.3 0
15721.4 0
15723.1 5
15723.2 5
15724.1 2
15724.2 2
15727.1 0
15727.2 0
15733.1 0
15733.2 0
15739.1 0
15739.2 0
15748.1 5
15748.2 9
15748.3 9
15748.4 5
15751.1 0
15751.2 1
15751.3 1
15751.4 0
15757.1 2
15757.2 1
15757.3 1
15757.4 2
15769.1 0
15769.2 1
15769.3 1
15769.4 0
15771.1 5
15771.2 0
15771.3 0
15771.4 5
15772.1 5
15772.2 5
15775.1 3
15775.2 3
15777.1 1
15777.2 1
15781.1 2
15781.2 1
15781.3 1
15781.4 2
15787.1 0
15787.2 0
15789.1 2
15789.2 4
15789.3 4
15789.4 2
15799.1 0
15799.2 0
15799.3 1
15799.4 0
15799.5 0
15799.6 1
15799.7 0
15799.8 0
15804.1 14
15804.2 14
15808.1 17
15808.2 9
15808.3 9
15808.4 17
15811.1 1
15811.2 1
15811.3 1
15811.4 1
15817.1 0
15817.2 0
15823.1 0
15823.2 0
15825.1 3
15825.2 3
15831.1 8
15831.2 8
15841.1 11
15841.2 4
15841.3 5
15841.4 8
15841.5 8
15841.6 5
15841.7 4
15841.8 11
15843.1 3
15843.2 3
15852.1 9
15852.2 9
15856.1 2
15856.2 2
15859.1 1
15859.2 1
15868.1 1
15868.2 1
15876.1 30
15876.2 55
15876.3 30
15877.1 2
15877.2 2
15879.1 0
15879.2 7
15879.3 7
15879.4 0
15883.1 3
15883.2 3
15883.3 3
15883.4 3
15888.1 13
15888.2 13
15889.1 0
15889.2 0
15897.1 5
15897.2 5
15897.3 5
15897.4 5
15901.1 0
15901.2 0
15903.1 16
15903.2 15
15903.3 15
15903.4 16
15907.1 0
15907.2 0
15913.1 0
15913.2 0
15919.1 2
15919.2 2
15924.1 7
15924.2 7
15925.1 7
15925.2 7
15925.3 11
15925.4 11
15925.5 7
15925.6 7
15937.1 1
15937.2 1
15951.1 5
15951.2 1
15951.3 1
15951.4 5
15952.1 3
15952.2 3
15964.1 4
15964.2 8
15964.3 8
15964.4 4
15967.1 4
15967.2 5
15967.3 5
15967.4 4
15969.1 1
15969.2 1
15973.1 1
15973.2 1
15979.1 5
15979.2 5
15984.1 16
15984.2 16
15987.1 6
15987.2 31
15987.3 6
15988.1 4
15988.2 4
15988.3 4
15988.4 4
15991.1 0
15991.2 0
15993.1 9
15993.2 9
15996.1 7
15996.2 24
15996.3 24
15996.4 7
16003.1 1
16003.2 2
16003.3 2
16003.4 1
16009.1 1
16009.2 3
16009.3 3
16009.4 1
16012.1 2
16012.2 2
16021.1 0
16021.2 0
16021.3 0
16021.4 0
16023.1 18
16023.2 16
16023.3 16
16023.4 16
16023.5 16
16023.6 18
16033.1 1
16033.2 1
16036.1 2
16036.2 6
16036.3 6
16036.4 2
16039.1 2
16039.2 2
16039.3 2
16039.4 2
16041.1 5
16041.2 5
16047.1 0
16047.2 0
16051.1 0
16051.2 3
16051.3 3
16051.4 0
16057.1 2
16057.2 2
16063.1 0
16063.2 0
16068.1 4
16068.2 8
16068.3 8
16068.4 4
16069.1 0
16069.2 0
16075.1 1
16075.2 1
16081.1 3
16081.2 2
16081.3 2
16081.4 3
16084.1 0
16084.2 0
16087.1 1
16087.2 1
16093.1 5
16093.2 4
16093.3 4
16093.4 5
16101.1 1
16101.2 1
16108.1 1
16108.2 1
16111.1 1
16111.2 1
16119.1 16
16119.2 16
16128.1 64
16128.2 64
16129.1 1
16129.2 20
16129.3 1
16131.1 4
16131.2 5
16131.3 5
16131.4 4
16132.1 3
16132.2 5
16132.3 5
16132.4 3
16141.1 0
16141.2 0
16144.1 4
16144.2 4
16147.1 3
16147.2 2
16147.3 2
16147.4 3
16149.1 4
16149.2 7
16149.3 7
16149.4 4
16156.1 9
16156.2 9
16156.3 9
16156.4 9
16171.1 2
16171.2 3
16171.3 3
16171.4 2
16176.1 5
16176.2 5
16177.1 1
16177.2 1
16177.3 1
16177.4 1
16183.1 1
16183.2 1
16189.1 0
16189.2 0
16204.1 2
16204.2 2
16207.1 6
16207.2 2
16207.3 2
16207.4 6
16209.1 2
16209.2 2
16212.1 19
16212.2 23
16212.3 23
16212.4 19
16213.1 7
16213.2 2
16213.3 2
16213.4 7
16219.1 5
16219.2 2
16219.3 1
16219.4 1
16219.5 2
16219.6 5
16221.1 2
16221.2 2
16227.1 10
16227.2 10
16228.1 0
16228.2 0
16231.1 0
16231.2 0
16237.1 4
16237.2 5
16237.3 5
16237.4 4
16239.1 4
16239.2 4
16243.1 0
16243.2 1
16243.3 1
16243.4 0
16249.1 1
16249.2 1
16257.1 3
16257.2 3
16263.1 15
16263.2 18
16263.3 18
16263.4 15
16267.1 0
16267.2 0
16273.1 1
16273.2 1
16275.1 19
16275.2 12
16275.3 12
16275.4 19
16276.1 2
16276.2 2
16276.3 2
16276.4 2
16279.1 3
16279.2 3
16279.3 3
16279.4 3
16281.1 7
16281.2 7
16293.1 0
16293.2 0
16297.1 7
16297.2 6
16297.3 6
16297.4 7
16300.1 1
16300.2 1
16308.1 4
16308.2 4
16311.1 0
16311.2 0
16317.1 21
16317.2 16
16317.3 26
16317.4 26
16317.5 16
16317.6 21
16321.1 1
16321.2 1
16321.3 1
16321.4 1
16329.1 1
16329.2 1
16333.1 2
16333.2 2
16336.1 3
16336.2 3
16339.1 1
16339.2 1
16347.1 0
16347.2 0
16348.1 1
16348.2 2
16348.3 2
16348.4 1
16363.1 0
16363.2 0
16369.1 1
16369.2 1
16372.1 0
16372.2 0
16381.1 1
16381.2 1
16383.1 6
16383.2 5
16383.3 5
16383.4 6
16384.1 29
16387.1 0
16387.2 2
16387.3 2
16387.4 0
16389.1 2
16389.2 2
16393.1 2
16393.2 2
16393.3 5
16393.4 5
16393.5 2
16393.6 2
16396.1 0
16396.2 0
16399.1 5
16399.2 5
16411.1 0
16411.2 0
16417.1 0
16417.2 0
16419.1 9
16419.2 13
16419.3 13
16419.4 9
16425.1 16
16425.2 16
16428.1 2
16428.2 39
16428.3 2
16429.1 1
16429.2 1
16429.3 1
16429.4 1
16432.1 2
16432.2 5
16432.3 5
16432.4 2
16437.1 3
16437.2 3
16444.1 1
16444.2 1
16447.1 0
16447.2 0
16452.1 14
16452.2 14
16453.1 0
16453.2 0
16459.1 1
16459.2 0
16459.3 0
16459.4 1
16464.1 5
16464.2 34
16464.3 34
16464.4 5
16471.1 1
16471.2 4
16471.3 3
16471.4 1
16471.5 1
16471.6 3
16471.7 4
16471.8 1
16473.1 10
16473.2 10
16477.1 0
16477.2 0
16479.1 0
16479.2 0
16492.1 4
16492.2 27
16492.3 17
16492.4 17
16492.5 17
16492.6 17
16492.7 27
16492.8 4
16509.1 2
16509.2 2
16513.1 6
16513.2 8
16513.3 3
16513.4 3
16513.5 8
16513.6 6
16516.1 0
16516.2 0
16519.1 0
16519.2 0
16525.1 1
16525.2 1
16527.1 5
16527.2 7
16527.3 7
16527.4 5
16528.1 2
16528.2 2
16531.1 0
16531.2 1
16531.3 1
16531.4 0
16549.1 3
16549.2 5
16549.3 1
16549.4 5
16549.5 5
16549.6 1
16549.7 5
16549.8 3
16551.1 8
16551.2 8
16561.1 0
16561.2 0
16563.1 3
16563.2 3
16567.1 2
16567.2 2
16572.1 3
16572.2 3
16573.1 3
16573.2 3
16576.1 1
16576.2 6
16576.3 6
16576.4 1
16581.1 6
16581.2 6
16587.1 10
16587.2 6
16587.3 6
16587.4 10
16597.1 3
16597.2 3
16597.3 3
16597.4 3
16603.1 0
16603.2 0
16612.1 3
16612.2 3
16624.1 0
16624.2 0
16627.1 0
16627.2 1
16627.3 1
16627.4 0
16633.1 4
16633.2 4
16636.1 2
16636.2 2
16639.1 1
16639.2 0
16639.3 0
16639.4 1
16641.1 1
16641.2 31
16641.3 1
16644.1 24
16644.2 21
16644.3 21
16644.4 24
16651.1 0
16651.2 0
16653.1 17
16653.2 9
16653.3 7
16653.4 12
16653.5 12
16653.6 7
16653.7 9
16653.8 17
16657.1 1
16657.2 1
16663.1 0
16663.2 1
16663.3 1
16663.4 0
16668.1 23
16668.2 23
16669.1 1
16669.2 2
16669.3 2
16669.4 1
16671.1 0
16671.2 0
16681.1 0
16681.2 1
16681.3 1
16681.4 0
16684.1 2
16684.2 2
16684.3 2
16684.4 2
16689.1 0
16689.2 0
16693.1 0
16693.2 0
16699.1 0
16699.2 0
16707.1 1
16707.2 1
16708.1 4
16708.2 4
16713.1 3
16713.2 3
16716.1 19
16716.2 23
16716.3 23
16716.4 19
16717.1 2
16717.2 2
16717.3 2
16717.4 2
16723.1 1
16723.2 1
16723.3 1
16723.4 1
16725.1 8
16725.2 8
16729.1 1
16729.2 1
16741.1 0
16741.2 0
16743.1 1
16743.2 1
16747.1 0
16747.2 0
16749.1 0
16749.2 0
16752.1 15
16752.2 15
16759.1 2
16759.2 2
16761.1 3
16761.2 5
16761.3 5
16761.4 3
16771.1 0
16771.2 3
16771.3 3
16771.4 0
16777.1 3
16777.2 1
16777.3 1
16777.4 3
16783.1 1
16783.2 0
16783.3 0
16783.4 1
16788.1 5
16788.2 5
16789.1 0
16789.2 3
16789.3 3
16789.4 0
16803.1 7
16803.2 7
16804.1 4
16804.2 4
16807.1 1
16807.2 9
16807.3 18
16807.4 18
16807.5 9
16807.6 1
16816.1 3
16816.2 3
16819.1 4
16819.2 4
16825.1 5
16825.2 5
16828.1 4
16828.2 4
16828.3 4
16828.4 4
16831.1 0
16831.2 0
16833.1 13
16833.2 1
16833.3 1
16833.4 13
16843.1 1
16843.2 1
16848.1 19
16848.2 19
16857.1 2
16857.2 2
16861.1 1
16861.2 0
16861.3 0
16861.4 1
16869.1 2
16869.2 2
16875.1 25
16876.1 2
16876.2 2
16879.1 1
16879.2 1
16884.1 23
16884.2 25
16884.3 25
16884.4 23
16887.1 3
16887.2 3
16887.3 3
16887.4 3
16891.1 3
16891.2 6
16891.3 3
16891.4 4
16891.5 4
16891.6 3
16891.7 6
16891.8 3
16897.1 3
16897.2 0
16897.3 0
16897.4 3
16900.1 0
16900.2 17
16900.3 0
16903.1 0
16903.2 0
16909.1 1
16909.2 0
16909.3 0
16909.4 1
16911.1 0
16911.2 0
16912.1 13
16912.2 6
16912.3 6
16912.4 13
16921.1 3
16921.2 3
16923.1 4
16923.2 4
16924.1 8
16924.2 8
16927.1 1
16927.2 1
16939.1 2
16939.2 2
16939.3 2
16939.4 2
16941.1 1
16941.2 1
16948.1 0
16948.2 2
16948.3 2
16948.4 0
16956.1 4
16956.2 4
16957.1 1
16957.2 2
16957.3 2
16957.4 1
16959.1 2
16959.2 2
16963.1 0
16963.2 0
16972.1 2
16972.2 2
16975.1 9
16975.2 5
16975.3 5
16975.4 9
16977.1 0
16977.2 0
16981.1 0
16981.2 0
16987.1 0
16987.2 0
16993.1 0
16993.2 0
16996.1 3
16996.2 1
16996.3 1
16996.4 3
17004.1 15
17004.2 11
17004.3 11
17004.4 15
17008.1 0
17008.2 0
17011.1 3
17011.2 3
17019.1 11
17019.2 5
17019.3 5
17019.4 11
17029.1 0
17029.2 0
17031.1 4
17031.2 7
17031.3 7
17031.4 4
17037.1 1
17037.2 1
17041.1 1
17041.2 1
17044.1 0
17044.2 0
17047.1 0
17047.2 0
17049.1 4
17049.2 4
17053.1 1
17053.2 1
17059.1 3
17059.2 1
17059.3 1
17059.4 3
17067.1 1
17067.2 1
17071.1 2
17071.2 2
17071.3 2
17071.4 2
17073.1 14
17073.2 15
17073.3 15
17073.4 14
17076.1 9
17076.2 9
17077.1 0
17077.2 0
17091.1 6
17091.2 6
17092.1 0
17092.2 0
17100.1 52
17100.2 52
17101.1 3
17101.2 5
17101.3 5
17101.4 5
17101.5 5
17101.6 3
17103.1 0
17103.2 0
17104.1 3
17104.2 3
17107.1 0
17107.2 0
17113.1 1
17113.2 0
17113.3 0
17113.4 1
17121.1 0
17121.2 1
17121.3 1
17121.4 0
17131.1 3
17131.2 1
17131.3 1
17131.4 3
17137.1 4
17137.2 4
17143.1 3
17143.2 2
17143.3 0
17143.4 7
17143.5 7
17143.6 0
17143.7 2
17143.8 3
17148.1 2
17148.2 2
17152.1 4
17152.2 4
17157.1 15
17157.2 8
17157.3 13
17157.4 16
17157.5 16
17157.6 13
17157.7 8
17157.8 15
17161.1 11
17164.1 7
17164.2 8
17164.3 8
17164.4 7
17167.1 0
17167.2 0
17173.1 0
17173.2 0
17173.3 0
17173.4 0
17175.1 7
17175.2 7
17188.1 0
17188.2 0
17191.1 0
17191.2 0
17199.1 33
17199.2 22
17199.3 41
17199.4 41
17199.5 22
17199.6 33
17200.1 5
17200.2 5
17203.1 0
17203.2 0
17209.1 1
17209.2 1
17211.1 4
17211.2 4
17212.1 4
17212.2 3
17212.3 3
17212.4 4
17229.1 0
17229.2 0
17233.1 1
17233.2 0
17233.3 0
17233.4 1
17236.1 9
17236.2 7
17236.3 7
17236.4 9
17239.1 1
17239.2 1
17247.1 0
17247.2 0
17251.1 0
17251.2 0
17251.3 0
17251.4 0
17257.1 0
17257.2 0
17263.1 2
17263.2 4
17263.3 4
17263.4 2
17269.1 2
17269.2 4
17269.3 4
17269.4 2
17275.1 0
17275.2 0
17283.1 1
17283.2 4
17283.3 4
17283.4 1
17293.1 1
17293.2 1
17299.1 1
17299.2 1
17301.1 7
17301.2 5
17301.3 5
17301.4 7
17308.1 1
17308.2 1
17311.1 2
17311.2 2
17311.3 2
17311.4 2
17316.1 7
17316.2 25
17316.3 25
17316.4 7
17317.1 1
17317.2 1
17328.1 6
17328.2 59
17328.3 6
17329.1 4
17329.2 5
17329.3 9
17329.4 5
17329.5 5
17329.6 9
17329.7 5
17329.8 4
17332.1 4
17332.2 2
17332.3 2
17332.4 4
17337.1 0
17337.2 0
17341.1 0
17341.2 0
17344.1 0
17344.2 0
17353.1 1
17353.2 0
17353.3 3
17353.4 0
17353.5 0
17353.6 3
17353.7 0
17353.8 1
17356.1 1
17356.2 1
17359.1 1
17359.2 1
17361.1 5
17361.2 5
17364.1 3
17364.2 3
17373.1 1
17373.2 1
17377.1 0
17377.2 0
17383.1 0
17383.2 0
17389.1 1
17389.2 1
17392.1 0
17392.2 0
17397.1 8
17397.2 8
17401.1 1
17401.2 1
17404.1 0
17404.2 0
17404.3 0
17404.4 0
17407.1 0
17407.2 10
17407.3 2
17407.4 2
17407.5 10
17407.6 0
17409.1 2
17409.2 3
17409.3 3
17409.4 2
17419.1 0
17419.2 0
17424.1 49
17427.1 12
17427.2 3
17427.3 3
17427.4 12
17428.1 2
17428.2 2
17431.1 1
17431.2 1
17436.1 3
17436.2 3
17443.1 0
17443.2 0
17449.1 0
17449.2 0
17451.1 9
17451.2 3
17451.3 3
17451.4 9
17452.1 0
17452.2 0
17461.1 4
17461.2 4
17461.3 4
17461.4 4
17463.1 6
17463.2 6
17467.1 0
17467.2 0
17472.1 47
17472.2 32
17472.3 32
17472.4 47
17481.1 0
17481.2 0
17488.1 6
17488.2 6
17491.1 1
17491.2 1
17497.1 1
17497.2 1
17499.1 2
17499.2 10
17499.3 10
17499.4 2
17500.1 11
17500.2 11
17508.1 14
17508.2 14
17509.1 0
17509.2 0
17517.1 3
17517.2 3
17521.1 0
17521.2 1
17521.3 1
17521.4 0
17524.1 4
17524.2 4
17524.3 4
17524.4 4
17532.1 5
17532.2 5
17539.1 0
17539.2 0
17551.1 0
17551.2 0
17553.1 1
17553.2 1
17557.1 0
17557.2 0
17557.3 0
17557.4 0
17559.1 3
17559.2 3
17563.1 4
17563.2 8
17563.3 3
17563.4 5
17563.5 5
17563.6 3
17563.7 8
17563.8 4
17569.1 1
17569.2 1
17571.1 0
17571.2 0
17575.1 4
17575.2 7
17575.3 7
17575.4 4
17577.1 25
17577.2 16
17577.3 16
17577.4 25
17581.1 1
17581.2 1
17584.1 3
17584.2 6
17584.3 6
17584.4 3
17587.1 1
17587.2 2
17587.3 2
17587.4 1
17593.1 4
17593.2 5
17593.3 5
17593.4 4
17599.1 1
17599.2 1
17604.1 14
17604.2 14
17607.1 0
17607.2 0
17613.1 11
17613.2 12
17613.3 12
17613.4 11
17616.1 6
17616.2 6
17617.1 0
17617.2 0
17617.3 0
17617.4 0
17623.1 0
17623.2 0
17629.1 2
17629.2 2
17643.1 2
17643.2 2
17647.1 1
17647.2 1
17647.3 1
17647.4 1
17652.1 12
17652.2 12
17653.1 2
17653.2 1
17653.3 1
17653.4 2
17659.1 0
17659.2 0
17661.1 22
17661.2 22
17667.1 0
17667.2 6
17667.3 6
17667.4 0
17668.1 5
17668.2 2
17668.3 2
17668.4 5
17683.1 2
17683.2 2
17689.1 6
17689.2 19
17689.3 14
17689.4 8
17689.5 29
17689.6 8
17689.7 14
17689.8 19
17689.9 6
17692.1 0
17692.2 0
17701.1 0
17701.2 1
17701.3 1
17701.4 0
17707.1 0
17707.2 0
17713.1 0
17713.2 0
17716.1 6
17716.2 6
17716.3 6
17716.4 6
17724.1 15
17724.2 6
17724.3 6
17724.4 15
17725.1 1
17725.2 1
17728.1 4
17728.2 4
17737.1 0
17737.2 0
17739.1 16
17739.2 16
17749.1 0
17749.2 0
17751.1 0
17751.2 3
17751.3 3
17751.4 0
17761.1 1
17761.2 1
17764.1 1
17764.2 1
17767.1 0
17767.2 2
17767.3 2
17767.4 0
17769.1 3
17769.2 3
17773.1 1
17773.2 0
17773.3 0
17773.4 1
17775.1 5
17775.2 5
17787.1 20
17787.2 39
17787.3 20
17788.1 1
17788.2 1
17791.1 0
17791.2 0
17796.1 0
17796.2 0
17797.1 6
17797.2 7
17797.3 3
17797.4 3
17797.5 7
17797.6 6
17803.1 0
17803.2 3
17803.3 3
17803.4 0
17812.1 9
17812.2 6
17812.3 6
17812.4 9
17823.1 5
17823.2 9
17823.3 9
17823.4 5
17827.1 0
17827.2 0
17829.1 8
17829.2 17
17829.3 17
17829.4 8
17836.1 6
17836.2 16
17836.3 20
17836.4 24
17836.5 24
17836.6 20
17836.7 16
17836.8 6
17839.1 0
17839.2 0
17841.1 3
17841.2 6
17841.3 6
17841.4 3
17847.1 9
17847.2 9
17851.1 2
17851.2 2
17856.1 23
17856.2 23
17857.1 4
17857.2 0
17857.3 0
17857.4 4
17859.1 4
17859.2 4
17863.1 0
17863.2 0
17868.1 3
17868.2 3
17872.1 0
17872.2 0
17881.1 1
17881.2 1
17883.1 5
17883.2 5
17887.1 2
17887.2 2
17887.3 2
17887.4 2
17899.1 0
17899.2 3
17899.3 3
17899.4 0
17904.1 11
17904.2 11
17908.1 8
17908.2 8
17911.1 0
17911.2 0
17913.1 6
17913.2 5
17913.3 5
17913.4 6
17923.1 0
17923.2 0
17929.1 0
17929.2 0
17931.1 13
17931.2 6
17931.3 6
17931.4 13
17932.1 5
17932.2 5
17937.1 7
17937.2 7
17949.1 9
17949.2 4
17949.3 4
17949.4 9
17953.1 0
17953.2 1
17953.3 1
17953.4 0
17956.1 0
17956.2 16
17956.3 0
17959.1 0
17959.2 0
17964.1 10
17964.2 10
17968.1 0
17968.2 0
17971.1 1
17971.2 1
17977.1 1
17977.2 1
17983.1 0
17983.2 2
17983.3 4
17983.4 4
17983.5 2
17983.6 0
17989.1 0
17989.2 0
17991.1 6
17991.2 6
18004.1 0
18004.2 0
18004.3 0
18004.4 0
18012.1 8
18012.2 13
18012.3 13
18012.4 8
18013.1 2
18013.2 2
18019.1 0
18019.2 2
18019.3 2
18019.4 0
18021.1 4
18021.2 4
18025.1 4
18025.2 6
18025.3 6
18025.4 4
18028.1 0
18028.2 0
18031.1 5
18031.2 9
18031.3 4
18031.4 10
18031.5 10
18031.6 4
18031.7 9
18031.8 5
18039.1 0
18039.2 2
18039.3 2
18039.4 0
18043.1 0
18043.2 0
18049.1 0
18049.2 0
18052.1 0
18052.2 0
18057.1 13
18057.2 10
18057.3 10
18057.4 13
18061.1 1
18061.2 1
18063.1 14
18063.2 14
18064.1 2
18064.2 2
18075.1 11
18075.2 11
18076.1 0
18076.2 0
18091.1 0
18091.2 0
18091.3 0
18091.4 0
18093.1 0
18093.2 2
18093.3 2
18093.4 0
18097.1 0
18097.2 0
18099.1 5
18099.2 5
18100.1 0
18100.2 0
18103.1 5
18103.2 7
18103.3 7
18103.4 5
18109.1 3
18109.2 3
18109.3 2
18109.4 2
18109.5 2
18109.6 2
18109.7 3
18109.8 3
18111.1 0
18111.2 0
18112.1 6
18112.2 6
18121.1 0
18121.2 0
18127.1 0
18127.2 0
18129.1 0
18129.2 0
18133.1 0
18133.2 0
18148.1 7
18148.2 13
18148.3 13
18148.4 7
18151.1 0
18151.2 0
18151.3 0
18151.4 0
18153.1 1
18153.2 1
18157.1 1
18157.2 2
18157.3 2
18157.4 1
18169.1 0
18169.2 0
18171.1 5
18171.2 5
18175.1 1
18175.2 1
18181.1 0
18181.2 0
18187.1 0
18187.2 0
18187.3 0
18187.4 0
18192.1 16
18192.2 16
18196.1 6
18196.2 6
18199.1 0
18199.2 0
18201.1 0
18201.2 0
18207.1 27
18207.2 27
18211.1 0
18211.2 0
18217.1 0
18217.2 0
18219.1 2
18219.2 2
18223.1 0
18223.2 0
18225.1 25
18228.1 41
18228.2 36
18228.3 53
18228.4 53
18228.5 36
18228.6 41
18229.1 1
18229.2 1
18237.1 0
18237.2 0
18244.1 0
18244.2 0
18252.1 18
18252.2 49
18252.3 18
18253.1 0
18253.2 0
18256.1 8
18256.2 6
18256.3 6
18256.4 8
18259.1 2
18259.2 9
18259.3 3
18259.4 3
18259.5 9
18259.6 2
18261.1 7
18261.2 7
18268.1 1
18268.2 1
18271.1 5
18271.2 5
18273.1 1
18273.2 1
18277.1 10
18277.2 1
18277.3 9
18277.4 9
18277.5 1
18277.6 10
18288.1 20
18288.2 20
18289.1 0
18289.2 0
18291.1 8
18291.2 6
18291.3 8
18291.4 5
18291.5 5
18291.6 8
18291.7 6
18291.8 8
18300.1 14
18300.2 14
18301.1 0
18301.2 0
18307.1 2
18307.2 2
18313.1 2
18313.2 2
18316.1 8
18316.2 4
18316.3 4
18316.4 8
18319.1 1
18319.2 1
18319.3 1
18319.4 1
18325.1 0
18325.2 0
18333.1 21
18333.2 15
18333.3 15
18333.4 21
18352.1 4
18352.2 10
18352.3 10
18352.4 4
18361.1 3
18361.2 4
18361.3 3
18361.4 1
18361.5 1
18361.6 3
18361.7 4
18361.8 3
18363.1 1
18363.2 1
18364.1 0
18364.2 0
18367.1 0
18367.2 0
18369.1 10
18369.2 7
18369.3 7
18369.4 10
18372.1 11
18372.2 11
18373.1 2
18373.2 1
18373.3 1
18373.4 2
18379.1 2
18379.2 2
18388.1 0
18388.2 0
18396.1 39
18396.2 32
18396.3 32
18396.4 39
18397.1 1
18397.2 1
18399.1 2
18399.2 2
18412.1 1
18412.2 1
18417.1 3
18417.2 3
18417.3 3
18417.4 3
18421.1 6
18421.2 3
18421.3 11
18421.4 11
18421.5 3
18421.6 6
18427.1 1
18427.2 1
18433.1 2
18433.2 2
18439.1 1
18439.2 1
18448.1 3
18448.2 3
18451.1 2
18451.2 2
18453.1 3
18453.2 3
18457.1 2
18457.2 2
18463.1 1
18463.2 1
18463.3 1
18463.4 1
18468.1 25
18468.2 25
18475.1 1
18475.2 1
18477.1 2
18477.2 2
18481.1 2
18481.2 2
18484.1 4
18484.2 4
18487.1 3
18487.2 4
18487.3 6
18487.4 3
18487.5 3
18487.6 6
18487.7 4
18487.8 3
18489.1 1
18489.2 1
18493.1 0
18493.2 0
18496.1 19
18499.1 2
18499.2 2
18499.3 2
18499.4 2
18507.1 3
18507.2 4
18507.3 4
18507.4 3
18508.1 3
18508.2 1
18508.3 1
18508.4 3
18516.1 9
18516.2 9
18517.1 1
18517.2 1
18523.1 2
18523.2 2
18525.1 13
18525.2 11
18525.3 11
18525.4 13
18529.1 3
18529.2 2
18529.3 2
18529.4 3
18541.1 1
18541.2 1
18543.1 5
18543.2 6
18543.3 6
18543.4 5
18544.1 0
18544.2 0
18544.3 0
18544.4 0
18549.1 5
18549.2 5
18553.1 0
18553.2 0
18556.1 1
18556.2 1
18559.1 0
18559.2 1
18559.3 1
18559.4 0
18571.1 8
18571.2 9
18571.3 13
18571.4 13
18571.5 9
18571.6 8
18576.1 11
18576.2 11
18577.1 2
18577.2 1
18577.3 1
18577.4 2
18583.1 0
18583.2 0
18588.1 15
18588.2 15
18597.1 0
18597.2 0
18604.1 1
18604.2 1
18613.1 0
18613.2 1
18613.3 1
18613.4 0
18619.1 1
18619.2 1
18619.3 1
18619.4 1
18624.1 14
18624.2 14
18628.1 2
18628.2 2
18631.1 0
18631.2 0
18631.3 0
18631.4 0
18633.1 2
18633.2 2
18637.1 2
18637.2 2
18639.1 11
18639.2 13
18639.3 13
18639.4 11
18643.1 0
18643.2 0
18643.3 0
18643.4 0
18651.1 3
18651.2 3
18652.1 1
18652.2 1
18657.1 2
18657.2 2
18661.1 0
18661.2 0
18669.1 6
18669.2 15
18669.3 12
18669.4 12
18669.5 15
18669.6 6
18679.1 0
18679.2 0
18687.1 2
18687.2 2
18688.1 14
18688.2 14
18691.1 2
18691.2 2
18693.1 6
18693.2 5
18693.3 5
18693.4 6
18697.1 0
18697.2 1
18697.3 1
18697.4 0
18721.1 0
18721.2 4
18721.3 4
18721.4 0
18723.1 1
18723.2 31
18723.3 1
18724.1 12
18724.2 7
18724.3 7
18724.4 12
18727.1 1
18727.2 0
18727.3 0
18727.4 1
18732.1 9
18732.2 14
18732.3 14
18732.4 9
18736.1 4
18736.2 4
18739.1 1
18739.2 0
18739.3 0
18739.4 1
18741.1 2
18741.2 2
18747.1 3
18747.2 3
18748.1 5
18748.2 3
18748.3 3
18748.4 5
18757.1 1
18757.2 1
18759.1 7
18759.2 9
18759.3 19
18759.4 19
18759.5 9
18759.6 7
18769.1 13
18772.1 4
18772.2 10
18772.3 2
18772.4 2
18772.5 10
18772.6 4
18775.1 2
18775.2 2
18781.1 0
18781.2 1
18781.3 1
18781.4 0
18787.1 0
18787.2 0
18793.1 0
18793.2 0
18796.1 5
18796.2 5
18796.3 5
18796.4 5
18801.1 2
18801.2 2
18804.1 4
18804.2 4
18811.1 0
18811.2 0
18811.3 0
18811.4 0
18813.1 1
18813.2 1
18817.1 0
18817.2 0
18817.3 0
18817.4 0
18823.1 4
18823.2 4
18823.3 4
18823.4 4
18828.1 28
18828.2 28
18829.1 0
18829.2 0
18829.3 0
18829.4 0
18831.1 2
18831.2 2
18844.1 17
18844.2 13
18844.3 13
18844.4 17
18849.1 2
18849.2 0
18849.3 0
18849.4 2
18859.1 2
18859.2 2
18867.1 3
18867.2 5
18867.3 5
18867.4 3
18876.1 21
18876.2 21
18877.1 1
18877.2 1
18877.3 1
18877.4 1
18889.1 1
18889.2 0
18889.3 0
18889.4 1
18892.1 1
18892.2 1
18900.1 41
18900.2 41
18903.1 1
18903.2 1
18907.1 5
18907.2 5
18907.3 4
18907.4 5
18907.5 5
18907.6 4
18907.7 5
18907.8 5
18913.1 0
18913.2 0
18916.1 2
18916.2 2
18919.1 0
18919.2 0
18925.1 3
18925.2 3
18928.1 5
18928.2 17
18928.3 14
18928.4 14
18928.5 17
18928.6 5
18943.1 4
18943.2 2
18943.3 2
18943.4 4
18948.1 3
18948.2 3
18949.1 2
18949.2 5
18949.3 5
18949.4 2
18961.1 3
18961.2 2
18961.3 2
18961.4 3
18963.1 21
18963.2 23
18963.3 31
18963.4 31
18963.5 23
18963.6 21
18967.1 4
18967.2 4
18967.3 4
18967.4 4
18973.1 2
18973.2 2
18979.1 0
18979.2 0
18981.1 16
18981.2 22
18981.3 22
18981.4 16
18991.1 0
18991.2 1
18991.3 1
18991.4 0
18993.1 3
18993.2 0
18993.3 0
18993.4 3
18997.1 3
18997.2 3
19003.1 3
19003.2 2
19003.3 2
19003.4 3
19009.1 1
19009.2 1
19011.1 2
19011.2 2
19012.1 23
19012.2 18
19012.3 26
19012.4 26
19012.5 18
19012.6 23
19017.1 4
19017.2 4
19029.1 3
19029.2 3
19033.1 0
19033.2 1
19033.3 1
19033.4 0
19036.1 1
19036.2 1
19039.1 2
19039.2 3
19039.3 3
19039.4 2
19044.1 43
19047.1 1
19047.2 4
19047.3 4
19047.4 1
19051.1 0
19051.2 0
19056.1 7
19056.2 7
19069.1 1
19069.2 1
19071.1 8
19071.2 8
19071.3 8
19071.4 8
19075.1 0
19075.2 2
19075.3 2
19075.4 0
19081.1 0
19081.2 0
19083.1 4
19083.2 4
19084.1 3
19084.2 4
19084.3 4
19084.4 3
19087.1 2
19087.2 2
19092.1 7
19092.2 17
19092.3 17
19092.4 7
19093.1 0
19093.2 0
19093.3 0
19093.4 0
19101.1 2
19101.2 2
19117.1 1
19117.2 1
19117.3 1
19117.4 1
19119.1 0
19119.2 0
19123.1 6
19123.2 4
19123.3 4
19123.4 6
19132.1 2
19132.2 2
19137.1 0
19137.2 0
19141.1 0
19141.2 0
19143.1 5
19143.2 5
19152.1 31
19152.2 40
19152.3 40
19152.4 31
19156.1 1
19156.2 1
19164.1 4
19164.2 4
19171.1 6
19171.2 5
19171.3 5
19171.4 6
19177.1 2
19177.2 2
19177.3 2
19177.4 2
19179.1 5
19179.2 5
19183.1 3
19183.2 3
19189.1 0
19189.2 0
19189.3 0
19189.4 0
19191.1 2
19191.2 2
19197.1 3
19197.2 3
19200.1 57
19201.1 5
19201.2 8
19201.3 12
19201.4 2
19201.5 2
19201.6 12
19201.7 8
19201.8 5
19204.1 3
19204.2 3
19207.1 0
19207.2 0
19209.1 2
19209.2 2
19209.3 2
19209.4 2
19213.1 0
19213.2 0
19216.1 10
19216.2 10
19219.1 0
19219.2 0
19225.1 0
19225.2 0
19231.1 1
19231.2 1
19233.1 4
19233.2 4
19236.1 13
19236.2 16
19236.3 16
19236.4 13
19237.1 1
19237.2 1
19243.1 1
19243.2 0
19243.3 0
19243.4 1
19249.1 0
19249.2 0
19252.1 2
19252.2 2
19263.1 2
19263.2 2
19264.1 15
19264.2 4
19264.3 4
19264.4 15
19267.1 1
19267.2 1
19273.1 0
19273.2 0
19276.1 3
19276.2 5
19276.3 5
19276.4 3
19279.1 0
19279.2 0
19279.3 0
19279.4 0
19281.1 4
19281.2 4
19287.1 9
19287.2 9
19299.1 13
19299.2 10
19299.3 10
19299.4 13
19300.1 1
19300.2 1
19303.1 0
19303.2 0
19303.3 0
19303.4 0
19308.1 17
19308.2 17
19309.1 0
19309.2 0
19321.1 4
19321.2 15
19321.3 4
19324.1 6
19324.2 6
19333.1 0
19333.2 0
19341.1 21
19341.2 11
19341.3 11
19341.4 21
19344.1 25
19344.2 26
19344.3 26
19344.4 25
19348.1 6
19348.2 0
19348.3 0
19348.4 6
19351.1 2
19351.2 2
19351.3 2
19351.4 2
19353.1 6
19353.2 6
19357.1 0
19357.2 0
19357.3 0
19357.4 0
19363.1 3
19363.2 3
19369.1 0
19369.2 0
19369.3 0
19369.4 0
19375.1 4
19375.2 4
19381.1 0
19381.2 0
19387.1 0
19387.2 0
19396.1 6
19396.2 6
19396.3 6
19396.4 6
19399.1 3
19399.2 1
19399.3 1
19399.4 3
19407.1 3
19407.2 3
19408.1 1
19408.2 1
19417.1 1
19417.2 1
19423.1 0
19423.2 0
19425.1 6
19425.2 11
19425.3 11
19425.4 6
19429.1 0
19429.2 0
19441.1 0
19441.2 0
19443.1 6
19443.2 6
19444.1 0
19444.2 0
19447.1 2
19447.2 2
19449.1 2
19449.2 2
19452.1 2
19452.2 2
19453.1 0
19453.2 4
19453.3 5
19453.4 5
19453.5 4
19453.6 0
19456.1 8
19456.2 8
19461.1 0
19461.2 0
19461.3 0
19461.4 0
19467.1 8
19467.2 21
19467.3 21
19467.4 8
19468.1 6
19468.2 12
19468.3 12
19468.4 6
19471.1 0
19471.2 0
19476.1 4
19476.2 4
19477.1 1
19477.2 1
19479.1 4
19479.2 5
19479.3 5
19479.4 4
19483.1 1
19483.2 1
19489.1 1
19489.2 1
19497.1 6
19497.2 3
19497.3 3
19497.4 6
19501.1 0
19501.2 0
19507.1 3
19507.2 3
19513.1 2
19513.2 4
19513.3 5
19513.4 2
19513.5 2
19513.6 5
19513.7 4
19513.8 2
19521.1 14
19521.2 14
19524.1 7
19524.2 7
19531.1 1
19531.2 1
19537.1 0
19537.2 3
19537.3 3
19537.4 0
19543.1 0
19543.2 0
19548.1 4
19548.2 4
19551.1 5
19551.2 20
19551.3 33
19551.4 33
19551.5 33
19551.6 33
19551.7 20
19551.8 5
19561.1 1
19561.2 2
19561.3 2
19561.4 1
19564.1 4
19564.2 4
19564.3 4
19564.4 4
19573.1 4
19573.2 4
19579.1 0
19579.2 0
19579.3 0
19579.4 0
19587.1 2
19587.2 2
19597.1 0
19597.2 0
19600.1 14
19600.2 35
19600.3 14
19603.1 1
19603.2 1
19609.1 0
19609.2 0
19611.1 8
19611.2 8
19612.1 0
19612.2 0
19621.1 1
19621.2 0
19621.3 0
19621.4 1
19623.1 2
19623.2 2
19623.3 2
19623.4 2
19627.1 0
19627.2 1
19627.3 1
19627.4 0
19629.1 7
19629.2 7
19632.1 10
19632.2 10
19636.1 1
19636.2 1
19641.1 3
19641.2 3
19648.1 4
19648.2 4
19651.1 1
19651.2 2
19651.3 2
19651.4 1
19659.1 6
19659.2 6
19663.1 8
19663.2 8
19675.1 2
19675.2 2
19677.1 5
19677.2 2
19677.3 2
19677.4 5
19681.1 0
19681.2 0
19683.1 20
19684.1 6
19684.2 11
19684.3 27
19684.4 13
19684.5 13
19684.6 27
19684.7 11
19684.8 6
19687.1 1
19687.2 1
19692.1 13
19692.2 13
19696.1 1
19696.2 1
19699.1 1
19699.2 1
19708.1 10
19708.2 12
19708.3 12
19708.4 10
19713.1 7
19713.2 7
19717.1 0
19717.2 0
19719.1 21
19719.2 13
19719.3 13
19719.4 21
19723.1 2
19723.2 2
19729.1 0
19729.2 1
19729.3 1
19729.4 0
19731.1 0
19731.2 0
19732.1 1
19732.2 1
19741.1 1
19741.2 0
19741.3 0
19741.4 1
19747.1 12
19747.2 6
19747.3 3
19747.4 6
19747.5 3
19747.6 2
19747.7 2
19747.8 3
19747.9 6
19747.10 3
19747.11 6
19747.12 12
19753.1 0
19753.2 0
19759.1 0
19759.2 0
19764.1 9
19764.2 9
19773.1 0
19773.2 31
19773.3 31
19773.4 0
19776.1 17
19776.2 17
19777.1 0
19777.2 0
19783.1 3
19783.2 2
19783.3 2
19783.4 3
19791.1 6
19791.2 6
19792.1 3
19792.2 3
19801.1 0
19801.2 0
19804.1 0
19804.2 0
19812.1 10
19812.2 13
19812.3 13
19812.4 10
19813.1 0
19813.2 0
19819.1 0
19819.2 0
19821.1 0
19821.2 0
19825.1 5
19825.2 2
19825.3 2
19825.4 5
19827.1 4
19827.2 4
19828.1 2
19828.2 2
19831.1 1
19831.2 0
19831.3 0
19831.4 1
19843.1 0
19843.2 0
19852.1 2
19852.2 0
19852.3 0
19852.4 2
19857.1 2
19857.2 2
19861.1 1
19861.2 1
19867.1 1
19867.2 1
19876.1 4
19876.2 4
19879.1 2
19879.2 1
19879.3 1
19879.4 2
19881.1 40
19884.1 1
19884.2 1
19891.1 1
19891.2 1
19893.1 5
19893.2 4
19893.3 4
19893.4 5
19900.1 5
19900.2 5
19903.1 2
19903.2 2
19903.3 2
19903.4 2
19908.1 17
19908.2 28
19908.3 28
19908.4 17
19909.1 3
19909.2 3
19909.3 3
19909.4 3
19911.1 1
19911.2 1
19927.1 0
19927.2 0
19929.1 17
19929.2 30
19929.3 31
19929.4 18
19929.5 18
19929.6 31
19929.7 30
19929.8 17
19933.1 0
19933.2 1
19933.3 1
19933.4 0
19939.1 2
19939.2 2
19939.3 2
19939.4 2
19947.1 0
19947.2 4
19947.3 4
19947.4 0
19948.1 1
19948.2 1
19953.1 12
19953.2 12
19956.1 2
19956.2 2
19957.1 0
19957.2 0
19957.3 0
19957.4 0
19963.1 0
19963.2 0
19969.1 1
19969.2 2
19969.3 2
19969.4 1
19972.1 8
19972.2 8
19983.1 0
19983.2 0
19984.1 8
19984.2 8
19989.1 5
19989.2 5
19993.1 2
19993.2 2
19996.1 5
19996.2 5
19999.1 3
19999.2 5
19999.3 5
19999.4 3
