Level 0 7
1.1 0 0
3.1 0 0
4.1 0 0
7.1 0 0
7.2 0 0
9.1 0 0
12.1 0 0
13.1 0 0
13.2 0 0
16.1 0 0
19.1 0 0
19.2 0 0
21.1 0 0
21.2 0 0
25.1 0 0
27.1 0 0
28.1 0 0
28.2 0 0
31.1 0 0
31.2 0 0
36.1 0 0
37.1 0 0
37.2 0 0
39.1 0 0
39.2 0 0
43.1 0 1
43.2 0 1
48.1 0 0
49.1 0 0
49.2 0 0
49.3 0 0
52.1 0 0
52.2 0 0
57.1 0 0
57.2 0 0
61.1 0 0
61.2 0 0
63.1 0 0
63.2 0 0
64.1 0 0
67.1 0 0
67.2 0 0
73.1 1 1
73.2 1 1
75.1 1 1
76.1 0 0
76.2 0 0
79.1 0 0
79.2 0 0
81.1 0 0
84.1 0 0
84.2 0 0
91.1 0 0
91.2 0 0
91.3 0 0
91.4 0 0
93.1 0 0
93.2 0 0
97.1 0 0
97.2 0 0
100.1 0 0
103.1 0 0
103.2 0 0
108.1 0 0
109.1 0 0
109.2 0 0
111.1 0 0
111.2 0 0
112.1 0 0
112.2 0 0
117.1 0 0
117.2 0 0
121.1 1 1
124.1 1 1
124.2 1 1
127.1 0 1
127.2 0 1
129.1 0 1
129.2 0 1
133.1 0 0
133.2 0 0
133.3 0 0
133.4 0 0
139.1 0 0
139.2 0 0
144.1 0 0
147.1 0 0
147.2 1 1
147.3 0 0
148.1 0 0
148.2 0 0
151.1 0 0
151.2 0 0
156.1 0 0
156.2 0 0
157.1 0 0
157.2 0 0
163.1 0 0
163.2 0 0
169.1 0 0
169.2 0 0
169.3 0 0
171.1 1 1
171.2 1 1
172.1 0 1
172.2 0 1
175.1 0 0
175.2 0 0
181.1 0 0
181.2 0 0
183.1 0 0
183.2 0 0
189.1 0 0
189.2 0 0
192.1 1 1
193.1 0 0
193.2 0 0
196.1 0 0
196.2 1 1
196.3 0 0
199.1 0 0
199.2 0 0
201.1 0 0
201.2 0 0
208.1 0 0
208.2 0 0
211.1 0 1
211.2 0 1
217.1 0 0
217.2 0 0
217.3 0 0
217.4 0 0
219.1 2 2
219.2 2 2
223.1 0 0
223.2 0 0
225.1 2 2
228.1 1 1
228.2 1 1
229.1 0 0
229.2 0 0
237.1 0 0
237.2 0 0
241.1 1 1
241.2 1 1
243.1 0 0
244.1 0 0
244.2 0 0
247.1 0 0
247.2 0 0
247.3 0 0
247.4 0 0
252.1 0 0
252.2 0 0
256.1 0 0
259.1 0 0
259.2 0 0
259.3 0 0
259.4 0 0
268.1 0 0
268.2 0 0
271.1 0 0
271.2 0 0
273.1 1 1
273.2 1 1
273.3 1 1
273.4 1 1
277.1 0 0
277.2 0 0
279.1 0 0
279.2 0 0
283.1 1 1
283.2 1 1
289.1 1 1
291.1 0 0
291.2 0 0
292.1 2 2
292.2 2 2
300.1 3 3
301.1 0 1
301.2 0 1
301.3 0 1
301.4 0 1
304.1 0 0
304.2 0 0
307.1 0 0
307.2 0 0
309.1 0 0
309.2 0 0
313.1 0 0
313.2 0 0
316.1 0 0
316.2 0 0
324.1 1 1
325.1 0 0
325.2 0 0
327.1 0 0
327.2 0 0
331.1 0 0
331.2 0 0
333.1 0 0
333.2 0 0
336.1 0 0
336.2 0 0
337.1 0 1
337.2 0 1
343.1 0 1
343.2 1 1
343.3 1 1
343.4 0 1
349.1 0 1
349.2 0 1
351.1 0 0
351.2 0 0
361.1 0 0
361.2 1 1
361.3 0 0
363.1 3 3
364.1 0 0
364.2 0 0
364.3 0 0
364.4 0 0
367.1 0 0
367.2 0 0
372.1 2 2
372.2 2 2
373.1 0 0
373.2 0 0
379.1 1 2
379.2 1 2
381.1 0 1
381.2 0 1
387.1 0 1
387.2 0 1
388.1 0 0
388.2 0 0
397.1 0 0
397.2 0 0
399.1 0 0
399.2 1 1
399.3 1 1
399.4 0 0
400.1 1 1
403.1 0 0
403.2 0 0
403.3 0 0
403.4 0 0
409.1 0 0
409.2 0 0
412.1 1 1
412.2 1 1
417.1 1 1
417.2 1 1
421.1 0 2
421.2 0 2
427.1 0 0
427.2 0 0
427.3 0 0
427.4 0 0
432.1 0 0
433.1 0 0
433.2 0 0
436.1 0 0
436.2 0 0
439.1 0 0
439.2 0 0
441.1 0 0
441.2 3 3
441.3 0 0
444.1 0 0
444.2 0 0
448.1 0 0
448.2 0 0
453.1 0 0
453.2 0 0
457.1 0 0
457.2 0 0
463.1 0 1
463.2 0 1
468.1 0 0
468.2 0 0
469.1 0 0
469.2 0 0
469.3 0 0
469.4 0 0
471.1 0 0
471.2 0 0
475.1 1 1
475.2 1 1
481.1 0 0
481.2 1 1
481.3 1 1
481.4 0 0
484.1 2 2
487.1 0 0
487.2 0 0
489.1 0 0
489.2 0 0
496.1 2 2
496.2 2 2
499.1 0 0
499.2 0 0
507.1 0 0
507.2 3 3
507.3 0 0
508.1 0 1
508.2 0 1
511.1 2 2
511.2 2 2
511.3 2 2
511.4 2 2
513.1 3 3
513.2 3 3
516.1 0 1
516.2 0 1
523.1 1 1
523.2 1 1
525.1 2 2
525.2 2 2
529.1 2 2
532.1 0 0
532.2 2 2
532.3 2 2
532.4 0 0
541.1 0 0
541.2 0 0
543.1 0 0
543.2 0 0
547.1 0 1
547.2 0 1
549.1 0 0
549.2 0 0
553.1 0 0
553.2 1 1
553.3 1 1
553.4 0 0
556.1 0 1
556.2 0 1
559.1 0 2
559.2 0 2
559.3 0 2
559.4 0 2
567.1 0 0
567.2 0 0
571.1 0 0
571.2 0 0
576.1 2 2
577.1 1 1
577.2 1 1
579.1 2 2
579.2 2 2
588.1 0 0
588.2 5 5
588.3 0 0
589.1 0 0
589.2 0 1
589.3 0 1
589.4 0 0
592.1 0 0
592.2 0 0
597.1 0 1
597.2 0 1
601.1 0 0
601.2 0 0
603.1 1 1
603.2 1 1
604.1 0 0
604.2 0 0
607.1 0 0
607.2 0 0
613.1 1 1
613.2 1 1
619.1 0 0
619.2 0 0
624.1 0 0
624.2 0 0
625.1 0 0
628.1 0 0
628.2 0 0
631.1 0 1
631.2 0 1
633.1 0 1
633.2 0 1
637.1 0 0
637.2 0 0
637.3 0 0
637.4 0 0
637.5 0 0
637.6 0 0
643.1 0 0
643.2 0 0
651.1 1 1
651.2 1 1
651.3 1 1
651.4 1 1
652.1 0 0
652.2 0 0
657.1 3 3
657.2 3 3
661.1 0 0
661.2 0 0
669.1 0 1
669.2 0 1
673.1 1 2
673.2 1 2
675.1 3 3
676.1 0 0
676.2 2 2
676.3 0 0
679.1 1 1
679.2 1 1
679.3 1 1
679.4 1 1
684.1 4 4
684.2 4 4
687.1 0 1
687.2 0 1
688.1 0 1
688.2 0 1
691.1 0 0
691.2 0 0
700.1 1 1
700.2 1 1
703.1 0 0
703.2 1 1
703.3 1 1
703.4 0 0
709.1 0 0
709.2 0 0
711.1 0 0
711.2 0 0
721.1 0 0
721.2 1 1
721.3 1 1
721.4 0 0
723.1 3 3
723.2 3 3
724.1 0 0
724.2 0 0
727.1 0 0
727.2 0 0
729.1 1 1
732.1 0 0
732.2 0 0
733.1 0 0
733.2 0 0
739.1 0 0
739.2 0 0
741.1 1 1
741.2 0 0
741.3 0 0
741.4 1 1
751.1 0 0
751.2 0 0
756.1 1 1
756.2 1 1
757.1 1 2
757.2 1 2
763.1 0 0
763.2 0 1
763.3 0 1
763.4 0 0
768.1 3 3
769.1 0 0
769.2 0 0
772.1 0 0
772.2 0 0
775.1 0 0
775.2 0 0
777.1 0 0
777.2 0 1
777.3 0 1
777.4 0 0
784.1 0 0
784.2 2 2
784.3 0 0
787.1 0 0
787.2 0 0
793.1 1 1
793.2 0 0
793.3 0 0
793.4 1 1
796.1 0 1
796.2 0 1
804.1 1 1
804.2 1 1
811.1 0 0
811.2 0 0
813.1 0 0
813.2 0 0
817.1 0 3
817.2 0 1
817.3 0 1
817.4 0 3
819.1 2 2
819.2 2 2
819.3 2 2
819.4 2 2
823.1 0 0
823.2 0 0
829.1 0 0
829.2 0 0
831.1 0 0
831.2 0 0
832.1 2 2
832.2 2 2
837.1 1 1
837.2 1 1
841.1 2 2
844.1 0 1
844.2 0 1
847.1 2 2
847.2 2 2
849.1 2 2
849.2 2 2
853.1 1 1
853.2 1 1
859.1 0 0
859.2 0 0
867.1 5 5
868.1 2 2
868.2 5 5
868.3 5 5
868.4 2 2
871.1 0 0
871.2 1 1
871.3 1 1
871.4 0 0
873.1 0 0
873.2 0 0
876.1 5 5
876.2 5 5
877.1 0 0
877.2 0 0
883.1 0 1
883.2 0 1
889.1 0 1
889.2 0 1
889.3 0 1
889.4 0 1
892.1 0 0
892.2 0 0
900.1 7 7
903.1 1 2
903.2 1 2
903.3 1 2
903.4 1 2
907.1 0 0
907.2 0 0
912.1 2 2
912.2 2 2
916.1 0 0
916.2 0 0
919.1 2 2
919.2 2 2
921.1 0 0
921.2 0 0
925.1 0 0
925.2 0 0
927.1 0 0
927.2 0 0
931.1 0 0
931.2 1 2
931.3 0 0
931.4 0 0
931.5 1 2
931.6 0 0
937.1 0 0
937.2 0 0
939.1 1 1
939.2 1 1
948.1 0 0
948.2 0 0
949.1 2 2
949.2 4 4
949.3 4 4
949.4 2 2
961.1 0 0
961.2 2 2
961.3 0 0
964.1 2 2
964.2 2 2
967.1 0 1
967.2 0 1
972.1 2 2
973.1 0 1
973.2 0 1
973.3 0 1
973.4 0 1
975.1 2 2
975.2 2 2
976.1 0 0
976.2 0 0
981.1 0 1
981.2 0 1
988.1 0 1
988.2 0 0
988.3 0 0
988.4 0 1
991.1 0 0
991.2 0 0
993.1 0 1
993.2 0 1
997.1 0 1
997.2 0 1
999.1 1 1
999.2 1 1
1008.1 1 1
1008.2 1 1
1009.1 1 2
1009.2 1 2
1011.1 0 1
1011.2 0 1
1021.1 0 0
1021.2 0 0
1024.1 1 1
1027.1 0 0
1027.2 0 1
1027.3 0 1
1027.4 0 0
1029.1 0 1
1029.2 4 4
1029.3 4 4
1029.4 0 1
1033.1 0 0
1033.2 0 0
1036.1 0 0
1036.2 1 1
1036.3 1 1
1036.4 0 0
1039.1 0 0
1039.2 0 0
1047.1 0 2
1047.2 0 2
1051.1 0 1
1051.2 0 1
1053.1 0 0
1053.2 0 0
1057.1 0 1
1057.2 0 0
1057.3 0 0
1057.4 0 1
1063.1 0 0
1063.2 0 0
1069.1 0 1
1069.2 0 1
1072.1 0 0
1072.2 0 0
1075.1 0 1
1075.2 0 1
1083.1 0 0
1083.2 5 5
1083.3 0 0
1084.1 0 0
1084.2 0 0
1087.1 0 0
1087.2 0 0
1089.1 6 6
1092.1 2 2
1092.2 2 2
1092.3 2 2
1092.4 2 2
1093.1 1 2
1093.2 1 2
1099.1 0 0
1099.2 2 2
1099.3 2 2
1099.4 0 0
1101.1 0 0
1101.2 0 0
1108.1 0 0
1108.2 0 0
1116.1 4 4
1116.2 4 4
1117.1 0 0
1117.2 0 0
1119.1 0 0
1119.2 0 0
1123.1 0 0
1123.2 0 0
1129.1 0 0
1129.2 0 0
1132.1 2 2
1132.2 2 2
1137.1 3 4
1137.2 3 4
1141.1 0 0
1141.2 0 0
1141.3 0 0
1141.4 0 0
1143.1 0 1
1143.2 0 1
1147.1 0 0
1147.2 2 2
1147.3 2 2
1147.4 0 0
1153.1 0 0
1153.2 0 0
1156.1 3 3
1159.1 0 0
1159.2 0 0
1159.3 0 0
1159.4 0 0
1161.1 0 1
1161.2 0 1
1164.1 1 1
1164.2 1 1
1168.1 3 3
1168.2 3 3
1171.1 0 0
1171.2 0 0
1183.1 0 0
1183.2 0 1
1183.3 2 2
1183.4 2 2
1183.5 0 1
1183.6 0 0
1191.1 1 1
1191.2 1 1
1197.1 4 4
1197.2 4 4
1197.3 4 4
1197.4 4 4
1200.1 7 7
1201.1 0 2
1201.2 0 2
1204.1 2 3
1204.2 0 2
1204.3 0 2
1204.4 2 3
1209.1 0 0
1209.2 2 2
1209.3 2 2
1209.4 0 0
1213.1 0 0
1213.2 0 0
1216.1 0 0
1216.2 0 0
1225.1 0 0
1225.2 3 3
1225.3 0 0
1227.1 0 0
1227.2 0 0
1228.1 1 1
1228.2 1 1
1231.1 0 0
1231.2 0 0
1236.1 2 2
1236.2 2 2
1237.1 0 1
1237.2 0 1
1249.1 2 2
1249.2 2 2
1251.1 4 4
1251.2 4 4
1252.1 0 0
1252.2 0 0
1261.1 0 0
1261.2 0 0
1261.3 0 0
1261.4 0 0
1263.1 2 4
1263.2 2 4
1264.1 0 0
1264.2 0 0
1267.1 0 0
1267.2 0 0
1267.3 0 0
1267.4 0 0
1273.1 0 1
1273.2 0 0
1273.3 0 0
1273.4 0 1
1279.1 0 0
1279.2 0 0
1281.1 0 0
1281.2 0 0
1281.3 0 0
1281.4 0 0
1291.1 0 0
1291.2 0 0
1296.1 2 2
1297.1 0 0
1297.2 0 0
1299.1 0 0
1299.2 0 0
1300.1 0 0
1300.2 0 0
1303.1 0 1
1303.2 0 1
1308.1 1 1
1308.2 1 1
1317.1 0 0
1317.2 0 0
1321.1 0 0
1321.2 0 0
1323.1 0 0
1323.2 5 5
1323.3 0 0
1324.1 0 1
1324.2 0 1
1327.1 0 0
1327.2 0 0
1332.1 0 1
1332.2 0 1
1333.1 0 1
1333.2 1 2
1333.3 1 2
1333.4 0 1
1339.1 0 0
1339.2 0 0
1339.3 0 0
1339.4 0 0
1344.1 4 4
1344.2 4 4
1348.1 0 1
1348.2 0 1
1351.1 0 0
1351.2 0 2
1351.3 0 2
1351.4 0 0
1359.1 0 0
1359.2 0 0
1369.1 0 0
1369.2 2 2
1369.3 0 0
1371.1 0 1
1371.2 0 1
1372.1 0 1
1372.2 4 4
1372.3 4 4
1372.4 0 1
1381.1 0 0
1381.2 0 0
1387.1 2 2
1387.2 2 2
1387.3 2 2
1387.4 2 2
1389.1 3 4
1389.2 3 4
1393.1 0 1
1393.2 1 1
1393.3 1 1
1393.4 0 1
1396.1 2 3
1396.2 2 3
1399.1 0 0
1399.2 0 0
1404.1 2 2
1404.2 2 2
1407.1 1 1
1407.2 0 0
1407.3 0 0
1407.4 1 1
1413.1 0 0
1413.2 0 0
1417.1 1 2
1417.2 1 1
1417.3 1 1
1417.4 1 2
1423.1 0 1
1423.2 0 1
1425.1 4 5
1425.2 4 5
1429.1 0 1
1429.2 0 1
1443.1 1 1
1443.2 3 3
1443.3 3 3
1443.4 1 1
1444.1 0 0
1444.2 4 4
1444.3 0 0
1447.1 0 0
1447.2 0 0
1452.1 9 9
1453.1 0 0
1453.2 0 0
1456.1 1 1
1456.2 0 0
1456.3 0 0
1456.4 1 1
1459.1 2 2
1459.2 2 2
1461.1 0 0
1461.2 0 0
1467.1 2 2
1467.2 2 2
1468.1 0 0
1468.2 0 0
1471.1 0 2
1471.2 0 2
1477.1 0 2
1477.2 0 1
1477.3 0 1
1477.4 0 2
1483.1 0 0
1483.2 0 0
1488.1 4 4
1488.2 4 4
1489.1 0 0
1489.2 0 0
1492.1 1 2
1492.2 1 2
1497.1 0 0
1497.2 0 0
1501.1 0 0
1501.2 0 0
1501.3 0 0
1501.4 0 0
1516.1 2 3
1516.2 2 3
1519.1 1 1
1519.2 0 0
1519.3 0 0
1519.4 0 0
1519.5 0 0
1519.6 1 1
1521.1 0 0
1521.2 7 7
1521.3 0 0
1524.1 1 2
1524.2 1 2
1525.1 0 0
1525.2 0 0
1531.1 1 1
1531.2 1 1
1533.1 5 5
1533.2 5 5
1533.3 5 5
1533.4 5 5
1539.1 5 5
1539.2 5 5
1543.1 0 0
1543.2 0 0
1548.1 1 2
1548.2 1 2
1549.1 0 0
1549.2 0 0
1552.1 1 1
1552.2 1 1
1561.1 0 0
1561.2 0 0
1561.3 0 0
1561.4 0 0
1567.1 0 0
1567.2 0 0
1569.1 3 4
1569.2 3 4
1573.1 2 2
1573.2 2 2
1575.1 4 4
1575.2 4 4
1579.1 0 0
1579.2 0 0
1587.1 7 7
1588.1 0 0
1588.2 0 0
1591.1 0 2
1591.2 0 1
1591.3 0 1
1591.4 0 2
1596.1 2 2
1596.2 8 8
1596.3 8 8
1596.4 2 2
1597.1 0 1
1597.2 0 1
1600.1 3 3
1603.1 0 0
1603.2 0 0
1603.3 0 0
1603.4 0 0
1609.1 1 1
1609.2 1 1
1612.1 3 4
1612.2 3 3
1612.3 3 3
1612.4 3 4
1621.1 0 0
1621.2 0 0
1623.1 0 1
1623.2 0 1
1627.1 0 0
1627.2 0 0
1629.1 0 0
1629.2 0 0
1636.1 1 1
1636.2 1 1
1641.1 0 1
1641.2 0 1
1647.1 0 0
1647.2 0 0
1648.1 3 3
1648.2 3 3
1651.1 0 1
1651.2 0 1
1651.3 0 1
1651.4 0 1
1657.1 0 0
1657.2 0 0
1659.1 1 1
1659.2 4 4
1659.3 4 4
1659.4 1 1
1663.1 0 0
1663.2 0 0
1668.1 2 3
1668.2 2 3
1669.1 0 0
1669.2 0 0
1675.1 0 0
1675.2 0 0
1677.1 0 3
1677.2 0 3
1677.3 0 3
1677.4 0 3
1681.1 3 5
1684.1 0 3
1684.2 0 3
1687.1 3 3
1687.2 2 2
1687.3 2 2
1687.4 3 3
1693.1 0 0
1693.2 0 0
1699.1 0 0
1699.2 0 0
1701.1 0 0
1701.2 0 0
1708.1 1 1
1708.2 0 0
1708.3 0 0
1708.4 1 1
1713.1 0 1
1713.2 0 1
1723.1 0 1
1723.2 0 1
1728.1 3 3
1729.1 0 0
1729.2 2 2
1729.3 0 1
1729.4 0 0
1729.5 0 0
1729.6 0 1
1729.7 2 2
1729.8 0 0
1731.1 2 2
1731.2 2 2
1732.1 0 2
1732.2 0 2
1737.1 4 4
1737.2 4 4
1741.1 0 0
1741.2 0 0
1744.1 0 0
1744.2 0 0
1747.1 0 0
1747.2 0 0
1753.1 0 0
1753.2 0 0
1756.1 2 2
1756.2 2 2
1759.1 1 1
1759.2 1 1
1764.1 0 0
1764.2 11 11
1764.3 0 0
1767.1 0 0
1767.2 0 2
1767.3 0 2
1767.4 0 0
1776.1 1 1
1776.2 1 1
1777.1 3 3
1777.2 3 3
1783.1 0 0
1783.2 0 0
1789.1 0 0
1789.2 0 0
1791.1 2 4
1791.2 2 4
1792.1 0 0
1792.2 0 0
1801.1 0 0
1801.2 0 0
1803.1 1 1
1803.2 1 1
1807.1 0 1
1807.2 2 2
1807.3 2 2
1807.4 0 1
1809.1 3 3
1809.2 3 3
1812.1 0 0
1812.2 0 0
1813.1 1 1
1813.2 1 2
1813.3 1 1
1813.4 1 1
1813.5 1 2
1813.6 1 1
1821.1 0 0
1821.2 0 0
1825.1 2 2
1825.2 2 2
1828.1 0 0
1828.2 0 0
1831.1 0 0
1831.2 0 0
1839.1 2 2
1839.2 2 2
1843.1 0 1
1843.2 0 1
1843.3 0 1
1843.4 0 1
1849.1 0 1
1849.2 3 5
1849.3 0 1
1852.1 0 2
1852.2 0 2
1857.1 0 0
1857.2 0 0
1861.1 0 0
1861.2 0 0
1867.1 0 0
1867.2 0 0
1872.1 1 1
1872.2 1 1
1873.1 0 0
1873.2 0 0
1875.1 5 5
1876.1 0 1
1876.2 0 0
1876.3 0 0
1876.4 0 1
1879.1 0 0
1879.2 0 0
1884.1 0 0
1884.2 0 0
1891.1 2 2
1891.2 0 0
1891.3 0 0
1891.4 2 2
1893.1 0 1
1893.2 0 1
1897.1 2 2
1897.2 1 3
1897.3 1 3
1897.4 2 2
1899.1 1 2
1899.2 1 2
1900.1 4 4
1900.2 4 4
1911.1 5 5
1911.2 2 3
1911.3 8 8
1911.4 8 8
1911.5 2 3
1911.6 5 5
1924.1 0 0
1924.2 2 3
1924.3 2 3
1924.4 0 0
1929.1 1 1
1929.2 1 1
1933.1 2 3
1933.2 2 3
1936.1 4 4
1939.1 0 0
1939.2 0 0
1939.3 0 0
1939.4 0 0
1948.1 0 0
1948.2 0 0
1951.1 0 0
1951.2 0 0
1953.1 4 4
1953.2 3 3
1953.3 3 3
1953.4 4 4
1956.1 0 0
1956.2 0 0
1957.1 0 0
1957.2 1 2
1957.3 1 2
1957.4 0 0
1963.1 0 0
1963.2 0 0
1963.3 0 0
1963.4 0 0
1971.1 5 6
1971.2 5 6
1975.1 0 0
1975.2 0 0
1981.1 2 2
1981.2 4 4
1981.3 4 4
1981.4 2 2
1983.1 0 1
1983.2 0 1
1984.1 3 3
1984.2 3 3
1987.1 0 0
1987.2 0 0
1993.1 0 0
1993.2 0 0
1996.1 0 1
1996.2 0 1
1999.1 2 2
1999.2 2 2
2007.1 0 4
2007.2 0 4
2011.1 0 0
2011.2 0 0
2017.1 0 1
2017.2 0 1
2019.1 2 3
2019.2 2 3
2023.1 3 3
2023.2 3 3
2025.1 7 7
2028.1 0 0
2028.2 11 11
2028.3 0 0
2029.1 0 0
2029.2 0 0
2032.1 2 3
2032.2 2 3
2037.1 3 3
2037.2 2 2
2037.3 2 2
2037.4 3 3
2041.1 0 1
2041.2 1 1
2041.3 1 1
2041.4 0 1
2044.1 5 5
2044.2 4 4
2044.3 4 4
2044.4 5 5
2052.1 9 9
2052.2 9 9
2053.1 0 0
2053.2 0 0
2061.1 0 2
2061.2 0 2
2064.1 0 1
2064.2 0 1
2071.1 1 1
2071.2 0 0
2071.3 0 0
2071.4 1 1
2073.1 0 0
2073.2 0 0
2077.1 0 0
2077.2 0 1
2077.3 0 1
2077.4 0 0
2083.1 0 0
2083.2 0 0
2089.1 0 0
2089.2 0 0
2092.1 4 4
2092.2 4 4
2100.1 8 8
2100.2 8 8
2107.1 1 3
2107.2 0 1
2107.3 0 1
2107.4 0 1
2107.5 0 1
2107.6 1 3
2109.1 1 1
2109.2 2 2
2109.3 2 2
2109.4 1 1
2113.1 1 1
2113.2 1 1
2116.1 5 5
2119.1 0 0
2119.2 0 0
2119.3 0 0
2119.4 0 0
2127.1 0 0
2127.2 0 0
2128.1 0 0
2128.2 4 4
2128.3 4 4
2128.4 0 0
2131.1 0 0
2131.2 0 0
2133.1 0 1
2133.2 0 1
2137.1 0 0
2137.2 0 0
2143.1 0 1
2143.2 0 1
2149.1 3 5
2149.2 0 1
2149.3 0 1
2149.4 3 5
2161.1 0 0
2161.2 0 0
2163.1 0 0
2163.2 3 3
2163.3 3 3
2163.4 0 0
2164.1 0 0
2164.2 0 0
2169.1 6 6
2169.2 6 6
2172.1 0 0
2172.2 0 0
2179.1 0 2
2179.2 0 2
2181.1 0 1
2181.2 0 1
2187.1 4 4
2188.1 1 2
2188.2 1 2
2191.1 0 2
2191.2 0 0
2191.3 0 0
2191.4 0 2
2196.1 0 0
2196.2 0 0
2197.1 0 0
2197.2 0 4
2197.3 0 4
2197.4 0 0
2199.1 2 2
2199.2 2 2
2203.1 0 0
2203.2 0 0
2209.1 6 6
2212.1 0 0
2212.2 2 3
2212.3 2 3
2212.4 0 0
2217.1 2 3
2217.2 2 3
2221.1 1 1
2221.2 1 1
2223.1 6 6
2223.2 2 2
2223.3 2 2
2223.4 6 6
2224.1 0 2
2224.2 0 2
2236.1 0 3
2236.2 0 3
2236.3 0 3
2236.4 0 3
2239.1 0 1
2239.2 0 1
2251.1 0 0
2251.2 0 0
2253.1 0 0
2253.2 0 0
2257.1 0 0
2257.2 0 0
2257.3 0 0
2257.4 0 0
2263.1 2 3
2263.2 2 2
2263.3 2 2
2263.4 2 3
2268.1 5 5
2268.2 5 5
2269.1 0 2
2269.2 0 2
2271.1 2 3
2271.2 2 3
2275.1 0 1
2275.2 0 1
2275.3 0 1
2275.4 0 1
2281.1 1 2
2281.2 1 2
2284.1 1 1
2284.2 1 1
2287.1 0 0
2287.2 0 0
2289.1 0 0
2289.2 0 3
2289.3 0 3
2289.4 0 0
2293.1 0 0
2293.2 0 0
2299.1 2 2
2299.2 2 2
2304.1 8 8
2307.1 1 2
2307.2 1 2
2308.1 3 3
2308.2 3 3
2311.1 0 1
2311.2 0 1
2316.1 5 5
2316.2 5 5
2317.1 0 0
2317.2 0 0
2317.3 0 0
2317.4 0 0
2325.1 2 3
2325.2 2 3
2331.1 2 2
2331.2 1 3
2331.3 1 3
2331.4 2 2
2341.1 0 0
2341.2 0 0
2347.1 0 0
2347.2 0 0
2352.1 1 1
2352.2 11 11
2352.3 1 1
2353.1 0 0
2353.2 1 1
2353.3 1 1
2353.4 0 0
2356.1 2 2
2356.2 3 5
2356.3 3 5
2356.4 2 2
2359.1 0 1
2359.2 1 2
2359.3 1 2
2359.4 0 1
2361.1 1 2
2361.2 1 2
2368.1 0 0
2368.2 0 0
2371.1 1 1
2371.2 1 1
2377.1 0 0
2377.2 0 0
2379.1 4 4
2379.2 1 1
2379.3 1 1
2379.4 4 4
2383.1 0 0
2383.2 0 0
2388.1 2 5
2388.2 2 5
2389.1 0 0
2389.2 0 0
2401.1 0 1
2401.2 2 3
2401.3 5 5
2401.4 2 3
2401.5 0 1
2404.1 0 0
2404.2 0 0
2412.1 4 4
2412.2 4 4
2413.1 1 2
2413.2 0 1
2413.3 0 1
2413.4 1 2
2416.1 2 2
2416.2 2 2
2425.1 1 1
2425.2 1 1
2428.1 0 0
2428.2 0 0
2433.1 1 1
2433.2 1 1
2437.1 0 1
2437.2 0 1
2439.1 2 2
2439.2 2 2
2443.1 0 2
2443.2 0 2
2443.3 0 2
2443.4 0 2
2449.1 0 1
2449.2 0 0
2449.3 0 0
2449.4 0 1
2451.1 0 5
2451.2 2 3
2451.3 2 3
2451.4 0 5
2452.1 3 3
2452.2 3 3
2457.1 4 4
2457.2 4 5
2457.3 4 5
2457.4 4 4
2467.1 0 1
2467.2 0 1
2469.1 0 0
2469.2 0 0
2473.1 0 1
2473.2 0 1
2476.1 0 1
2476.2 0 1
2479.1 0 0
2479.2 0 0
2479.3 0 0
2479.4 0 0
2487.1 0 0
2487.2 0 0
2493.1 0 1
2493.2 0 1
2496.1 7 7
2496.2 7 7
2500.1 2 2
2503.1 0 0
2503.2 0 0
2509.1 0 0
2509.2 0 0
2509.3 0 0
2509.4 0 0
2511.1 3 3
2511.2 3 3
2512.1 0 0
2512.2 0 0
2521.1 0 1
2521.2 0 1
2523.1 9 9
2524.1 0 1
2524.2 0 1
2527.1 2 2
2527.2 5 5
2527.3 1 1
2527.4 1 1
2527.5 5 5
2527.6 2 2
2532.1 0 1
2532.2 0 1
2539.1 0 0
2539.2 0 0
2541.1 7 7
2541.2 7 7
2547.1 4 4
2547.2 4 4
2548.1 0 1
2548.2 2 5
2548.3 2 2
2548.4 2 2
2548.5 2 5
2548.6 0 1
2551.1 0 0
2551.2 0 0
2557.1 0 0
2557.2 0 0
2559.1 2 2
2559.2 2 2
2569.1 0 0
2569.2 0 1
2569.3 0 1
2569.4 0 0
2572.1 0 0
2572.2 0 0
2575.1 0 1
2575.2 0 1
2577.1 0 0
2577.2 0 0
2587.1 0 0
2587.2 0 0
2587.3 0 0
2587.4 0 0
2593.1 0 0
2593.2 0 0
2601.1 12 12
2604.1 8 8
2604.2 12 12
2604.3 12 12
2604.4 8 8
2608.1 0 0
2608.2 0 0
2611.1 3 4
2611.2 0 0
2611.3 0 0
2611.4 3 4
2613.1 0 0
2613.2 2 2
2613.3 2 2
2613.4 0 0
2617.1 0 0
2617.2 0 0
2619.1 2 2
2619.2 2 2
2623.1 0 1
2623.2 0 2
2623.3 0 2
2623.4 0 1
2628.1 11 11
2628.2 11 11
2631.1 0 0
2631.2 0 0
2641.1 0 1
2641.2 0 1
2641.3 0 1
2641.4 0 1
2644.1 0 0
2644.2 0 0
2647.1 0 1
2647.2 0 1
2649.1 0 1
2649.2 0 1
2653.1 2 4
2653.2 4 5
2653.3 4 5
2653.4 2 4
2659.1 0 0
2659.2 0 0
2667.1 0 1
2667.2 0 1
2667.3 0 1
2667.4 0 1
2671.1 0 0
2671.2 0 0
2676.1 1 3
2676.2 1 3
2677.1 0 0
2677.2 0 0
2683.1 0 0
2683.2 0 0
2689.1 1 2
2689.2 1 2
2692.1 4 5
2692.2 4 5
2700.1 13 13
2701.1 2 2
2701.2 2 2
2701.3 2 2
2701.4 2 2
2704.1 0 0
2704.2 7 7
2704.3 0 0
2707.1 0 1
2707.2 0 1
2709.1 2 4
2709.2 4 5
2709.3 4 5
2709.4 2 4
2713.1 0 0
2713.2 0 0
2716.1 4 4
2716.2 3 3
2716.3 3 3
2716.4 4 4
2719.1 0 0
2719.2 0 0
2721.1 0 0
2721.2 0 0
2725.1 0 0
2725.2 0 0
2731.1 0 1
2731.2 0 1
2736.1 7 7
2736.2 7 7
2743.1 0 1
2743.2 2 4
2743.3 2 4
2743.4 0 1
2748.1 2 4
2748.2 2 4
2749.1 0 0
2749.2 0 0
2752.1 0 1
2752.2 0 1
2757.1 5 5
2757.2 5 5
2763.1 1 2
2763.2 1 2
2764.1 0 0
2764.2 0 0
2767.1 0 0
2767.2 0 0
2775.1 2 2
2775.2 2 2
2779.1 0 0
2779.2 0 1
2779.3 0 1
2779.4 0 0
2781.1 0 1
2781.2 0 1
2791.1 0 0
2791.2 0 0
2793.1 2 2
2793.2 4 6
2793.3 6 6
2793.4 6 6
2793.5 4 6
2793.6 2 2
2797.1 0 0
2797.2 0 0
2800.1 4 4
2800.2 4 4
2803.1 0 0
2803.2 0 0
2809.1 4 4
2811.1 0 0
2811.2 0 0
2812.1 0 0
2812.2 2 2
2812.3 2 2
2812.4 0 0
2817.1 3 3
2817.2 3 3
2821.1 0 1
2821.2 1 1
2821.3 0 0
2821.4 0 0
2821.5 0 0
2821.6 0 0
2821.7 1 1
2821.8 0 1
2833.1 0 0
2833.2 0 0
2836.1 0 0
2836.2 0 0
2844.1 0 2
2844.2 0 2
2847.1 4 5
2847.2 8 8
2847.3 8 8
2847.4 4 5
2851.1 0 0
2851.2 0 0
2857.1 1 2
2857.2 1 2
2863.1 0 0
2863.2 0 0
2863.3 0 0
2863.4 0 0
2869.1 0 0
2869.2 0 0
2869.3 0 0
2869.4 0 0
2881.1 0 1
2881.2 0 2
2881.3 0 2
2881.4 0 1
2883.1 1 1
2883.2 9 9
2883.3 1 1
2884.1 3 3
2884.2 5 5
2884.3 5 5
2884.4 3 3
2887.1 0 0
2887.2 0 0
2892.1 6 6
2892.2 6 6
2896.1 0 1
2896.2 0 1
2899.1 0 1
2899.2 0 2
2899.3 0 2
2899.4 0 1
2901.1 0 1
2901.2 0 1
2908.1 1 1
2908.2 1 1
2916.1 7 7
2917.1 0 0
2917.2 0 0
2919.1 3 4
2919.2 2 3
2919.3 2 3
2919.4 3 4
2923.1 0 0
2923.2 0 0
2923.3 0 0
2923.4 0 0
2925.1 5 6
2925.2 5 6
2928.1 1 1
2928.2 1 1
2932.1 0 1
2932.2 0 1
2943.1 0 3
2943.2 0 3
2947.1 0 3
2947.2 0 4
2947.3 0 4
2947.4 0 3
2953.1 0 1
2953.2 0 1
2956.1 0 2
2956.2 0 2
2964.1 5 7
2964.2 2 3
2964.3 2 3
2964.4 5 7
2971.1 0 0
2971.2 0 0
2973.1 1 1
2973.2 1 1
2977.1 0 0
2977.2 0 0
2977.3 0 0
2977.4 0 0
2979.1 0 4
2979.2 0 4
2983.1 0 3
2983.2 0 1
2983.3 0 1
2983.4 0 3
2989.1 4 4
2989.2 0 0
2989.3 1 1
2989.4 1 1
2989.5 0 0
2989.6 4 4
2991.1 0 3
2991.2 0 3
2997.1 4 4
2997.2 4 4
3001.1 0 0
3001.2 0 0
3004.1 0 0
3004.2 0 0
3007.1 0 0
3007.2 0 0
3007.3 0 0
3007.4 0 0
3019.1 1 2
3019.2 1 2
3024.1 4 4
3024.2 4 4
3025.1 5 5
3027.1 2 3
3027.2 2 3
3028.1 2 4
3028.2 2 4
3031.1 0 0
3031.2 0 0
3031.3 0 0
3031.4 0 0
3033.1 0 1
3033.2 0 1
3037.1 0 0
3037.2 0 0
3049.1 0 0
3049.2 0 0
3052.1 0 0
3052.2 0 2
3052.3 0 2
3052.4 0 0
3061.1 0 0
3061.2 0 0
3063.1 2 2
3063.2 2 2
3067.1 0 1
3067.2 0 1
3072.1 13 13
3073.1 0 0
3073.2 0 0
3073.3 0 0
3073.4 0 0
3076.1 0 0
3076.2 0 0
3079.1 0 0
3079.2 0 0
3081.1 2 3
3081.2 1 3
3081.3 1 3
3081.4 2 3
3087.1 0 1
3087.2 10 10
3087.3 10 10
3087.4 0 1
3088.1 0 0
3088.2 0 0
3097.1 0 1
3097.2 2 2
3097.3 2 2
3097.4 0 1
3099.1 0 0
3099.2 0 0
3100.1 3 3
3100.2 3 3
3108.1 0 0
3108.2 4 5
3108.3 4 5
3108.4 0 0
3109.1 0 1
3109.2 0 1
3117.1 0 0
3117.2 0 0
3121.1 1 1
3121.2 1 1
3133.1 2 2
3133.2 6 6
3133.3 6 6
3133.4 2 2
3136.1 1 2
3136.2 5 5
3136.3 1 2
3139.1 4 5
3139.2 2 3
3139.3 2 3
3139.4 4 5
3141.1 0 3
3141.2 0 3
3148.1 0 2
3148.2 0 2
3153.1 2 3
3153.2 2 3
3159.1 0 0
3159.2 0 0
3163.1 0 0
3163.2 0 0
3169.1 0 0
3169.2 0 0
3171.1 0 2
3171.2 0 0
3171.3 0 0
3171.4 0 2
3172.1 5 5
3172.2 0 1
3172.3 0 1
3172.4 5 5
3175.1 0 2
3175.2 0 2
3181.1 1 1
3181.2 1 1
3184.1 0 2
3184.2 0 2
3187.1 1 1
3187.2 1 1
3189.1 0 0
3189.2 0 0
3193.1 0 0
3193.2 0 0
3193.3 0 0
3193.4 0 0
3199.1 0 0
3199.2 1 2
3199.3 1 2
3199.4 0 0
3207.1 0 2
3207.2 0 2
3211.1 0 2
3211.2 2 2
3211.3 0 1
3211.4 0 1
3211.5 2 2
3211.6 0 2
3216.1 2 2
3216.2 2 2
3217.1 1 1
3217.2 1 1
3225.1 5 6
3225.2 5 6
3229.1 0 0
3229.2 0 0
3241.1 0 1
3241.2 0 1
3241.3 0 1
3241.4 0 1
3244.1 0 0
3244.2 0 0
3249.1 3 3
3249.2 15 15
3249.3 3 3
3252.1 0 0
3252.2 0 0
3253.1 0 0
3253.2 0 0
3259.1 0 0
3259.2 0 0
3261.1 0 0
3261.2 0 0
3267.1 9 9
3268.1 0 6
3268.2 0 1
3268.3 0 1
3268.4 0 6
3271.1 0 0
3271.2 0 0
3276.1 6 6
3276.2 5 5
3276.3 5 5
3276.4 6 6
3279.1 2 3
3279.2 2 3
3283.1 1 1
3283.2 3 4
3283.3 0 0
3283.4 0 0
3283.5 3 4
3283.6 1 1
3292.1 0 1
3292.2 0 1
3297.1 1 2
3297.2 5 5
3297.3 5 5
3297.4 1 2
3301.1 0 0
3301.2 0 0
3303.1 0 0
3303.2 0 0
3307.1 0 0
3307.2 0 0
3313.1 0 0
3313.2 0 0
3316.1 0 0
3316.2 0 0
3319.1 0 1
3319.2 0 1
3324.1 0 0
3324.2 0 0
3325.1 5 6
3325.2 4 4
3325.3 4 4
3325.4 5 6
3328.1 8 8
3328.2 8 8
3331.1 0 0
3331.2 0 0
3343.1 0 0
3343.2 0 0
3348.1 9 10
3348.2 9 10
3351.1 1 2
3351.2 1 2
3357.1 0 0
3357.2 0 0
3361.1 1 2
3361.2 1 2
3364.1 6 6
3367.1 0 1
3367.2 2 2
3367.3 5 5
3367.4 1 1
3367.5 1 1
3367.6 5 5
3367.7 2 2
3367.8 0 1
3369.1 0 1
3369.2 0 1
3373.1 0 0
3373.2 0 0
3376.1 0 1
3376.2 0 1
3379.1 0 0
3379.2 0 1
3379.3 0 1
3379.4 0 0
3387.1 0 0
3387.2 0 0
3388.1 4 4
3388.2 4 4
3391.1 0 0
3391.2 0 0
3396.1 4 4
3396.2 4 4
3397.1 0 1
3397.2 0 4
3397.3 0 4
3397.4 0 1
3409.1 0 0
3409.2 0 0
3409.3 0 0
3409.4 0 0
3411.1 6 7
3411.2 6 7
3412.1 3 3
3412.2 3 3
3423.1 2 2
3423.2 0 0
3423.3 0 0
3423.4 2 2
3429.1 0 1
3429.2 0 1
3433.1 0 0
3433.2 0 0
3436.1 0 1
3436.2 0 1
3439.1 2 2
3439.2 0 1
3439.3 0 1
3439.4 2 2
3441.1 0 0
3441.2 4 4
3441.3 4 4
3441.4 0 0
3457.1 2 2
3457.2 2 2
3459.1 0 0
3459.2 0 0
3463.1 0 0
3463.2 0 0
3468.1 15 15
3469.1 0 0
3469.2 0 0
3472.1 4 4
3472.2 10 10
3472.3 10 10
3472.4 4 4
3475.1 0 1
3475.2 0 1
3477.1 0 0
3477.2 0 2
3477.3 0 2
3477.4 0 0
3481.1 5 5
3483.1 0 1
3483.2 0 1
3484.1 3 3
3484.2 2 2
3484.3 2 2
3484.4 3 3
3492.1 2 3
3492.2 2 3
3493.1 0 0
3493.2 1 1
3493.3 1 1
3493.4 0 0
3499.1 0 0
3499.2 0 0
3504.1 8 8
3504.2 8 8
3508.1 0 0
3508.2 0 0
3511.1 0 0
3511.2 0 0
3513.1 0 1
3513.2 0 1
3517.1 0 0
3517.2 0 0
3523.1 0 1
3523.2 0 2
3523.3 0 2
3523.4 0 1
3529.1 0 1
3529.2 0 1
3532.1 0 1
3532.2 0 1
3541.1 0 0
3541.2 0 0
3547.1 0 0
3547.2 0 0
3549.1 3 3
3549.2 12 13
3549.3 7 7
3549.4 7 7
3549.5 12 13
3549.6 3 3
3556.1 0 3
3556.2 0 1
3556.3 0 1
3556.4 0 3
3559.1 0 3
3559.2 0 3
3568.1 0 0
3568.2 0 0
3571.1 0 1
3571.2 0 1
3573.1 3 3
3573.2 3 3
3577.1 3 4
3577.2 5 7
3577.3 4 4
3577.4 4 4
3577.5 5 7
3577.6 3 4
3583.1 0 0
3583.2 0 0
3589.1 0 1
3589.2 0 1
3589.3 0 1
3589.4 0 1
3591.1 11 12
3591.2 10 10
3591.3 10 10
3591.4 11 12
3600.1 15 15
3601.1 1 2
3601.2 0 0
3601.3 0 0
3601.4 1 2
3603.1 0 4
3603.2 0 4
3607.1 0 0
3607.2 0 0
3612.1 6 7
3612.2 3 5
3612.3 3 5
3612.4 6 7
3613.1 0 2
3613.2 0 2
3627.1 0 1
3627.2 7 7
3627.3 7 7
3627.4 0 1
3628.1 0 0
3628.2 0 0
3631.1 0 0
3631.2 0 0
3637.1 0 0
3637.2 0 0
3639.1 0 1
3639.2 0 1
3643.1 0 0
3643.2 0 0
3648.1 7 7
3648.2 7 7
3661.1 4 4
3661.2 2 3
3661.3 2 3
3661.4 4 4
3664.1 0 0
3664.2 0 0
3667.1 0 0
3667.2 0 1
3667.3 0 1
3667.4 0 0
3673.1 0 1
3673.2 0 1
3675.1 3 3
3675.2 17 17
3675.3 3 3
3676.1 5 6
3676.2 5 6
3679.1 2 2
3679.2 2 2
3679.3 2 2
3679.4 2 2
3681.1 1 2
3681.2 1 2
3684.1 4 5
3684.2 4 5
3691.1 0 0
3691.2 0 0
3693.1 0 0
3693.2 0 0
3697.1 0 2
3697.2 0 2
3700.1 0 0
3700.2 0 0
3703.1 4 4
3703.2 4 4
3708.1 3 3
3708.2 3 3
3709.1 0 0
3709.2 0 0
3711.1 2 3
3711.2 2 3
3721.1 0 0
3721.2 6 6
3721.3 0 0
3724.1 1 1
3724.2 8 10
3724.3 9 9
3724.4 9 9
3724.5 8 10
3724.6 1 1
3727.1 0 1
3727.2 0 1
3733.1 0 0
3733.2 0 0
3739.1 0 1
3739.2 0 1
3747.1 4 5
3747.2 4 5
3748.1 0 2
3748.2 0 2
3751.1 2 2
3751.2 2 2
3753.1 7 7
3753.2 7 7
3756.1 4 5
3756.2 4 5
3757.1 3 3
3757.2 3 3
3769.1 0 1
3769.2 0 1
3775.1 0 0
3775.2 0 0
3781.1 2 2
3781.2 0 0
3781.3 0 0
3781.4 2 2
3783.1 0 1
3783.2 0 1
3783.3 0 1
3783.4 0 1
3787.1 0 1
3787.2 0 1
3787.3 0 1
3787.4 0 1
3789.1 4 6
3789.2 4 6
3792.1 0 0
3792.2 0 0
3793.1 0 0
3793.2 0 0
3796.1 5 5
3796.2 8 8
3796.3 8 8
3796.4 5 5
3801.1 1 1
3801.2 1 1
3801.3 1 1
3801.4 1 1
3811.1 0 0
3811.2 0 1
3811.3 0 1
3811.4 0 0
3819.1 1 3
3819.2 0 0
3819.3 0 0
3819.4 1 3
3823.1 0 1
3823.2 0 1
3829.1 0 2
3829.2 0 1
3829.3 0 1
3829.4 0 2
3837.1 0 1
3837.2 0 1
3843.1 2 2
3843.2 1 1
3843.3 1 1
3843.4 2 2
3844.1 5 5
3844.2 11 11
3844.3 5 5
3847.1 0 0
3847.2 0 0
3853.1 1 1
3853.2 1 1
3856.1 5 5
3856.2 5 5
3868.1 0 3
3868.2 0 3
3871.1 1 2
3871.2 4 5
3871.3 4 4
3871.4 4 4
3871.5 4 5
3871.6 1 2
3873.1 0 0
3873.2 0 0
3877.1 0 0
3877.2 0 0
3888.1 4 4
3889.1 0 0
3889.2 0 0
3891.1 1 1
3891.2 1 1
3892.1 0 3
3892.2 2 6
3892.3 2 6
3892.4 0 3
3897.1 1 1
3897.2 1 1
3900.1 6 8
3900.2 6 8
3904.1 1 1
3904.2 1 1
3907.1 3 3
3907.2 3 3
3909.1 1 2
3909.2 1 2
3913.1 1 5
3913.2 1 5
3913.3 0 3
3913.4 0 3
3913.5 0 3
3913.6 0 3
3913.7 1 5
3913.8 1 5
3919.1 0 0
3919.2 0 0
3924.1 4 6
3924.2 4 6
3925.1 0 1
3925.2 0 1
3931.1 0 0
3931.2 0 0
3937.1 0 1
3937.2 0 3
3937.3 0 3
3937.4 0 1
3943.1 0 1
3943.2 0 1
3951.1 1 1
3951.2 1 1
3952.1 2 4
3952.2 1 1
3952.3 1 1
3952.4 2 4
3963.1 1 2
3963.2 1 2
3964.1 0 1
3964.2 0 1
3967.1 0 0
3967.2 0 0
3969.1 0 0
3969.2 13 13
3969.3 0 0
3972.1 3 7
3972.2 3 7
3981.1 0 1
3981.2 0 1
3988.1 0 2
3988.2 0 2
3991.1 0 0
3991.2 1 1
3991.3 1 1
3991.4 0 0
3996.1 3 6
3996.2 3 6
3997.1 0 1
3997.2 0 0
3997.3 0 0
3997.4 0 1
3999.1 0 1
3999.2 3 5
3999.3 3 5
3999.4 0 1
4003.1 0 0
4003.2 0 0
4009.1 0 1
4009.2 2 3
4009.3 2 3
4009.4 0 1
4017.1 0 0
4017.2 0 0
4017.3 0 0
4017.4 0 0
4021.1 0 0
4021.2 0 0
4027.1 0 0
4027.2 0 0
4032.1 14 14
4032.2 14 14
4033.1 1 1
4033.2 0 2
4033.3 0 2
4033.4 1 1
4036.1 2 3
4036.2 2 3
4039.1 2 2
4039.2 2 2
4039.3 2 2
4039.4 2 2
4044.1 0 3
4044.2 0 3
4051.1 1 1
4051.2 1 1
4053.1 4 5
4053.2 5 10
4053.3 5 10
4053.4 4 5
4057.1 0 0
4057.2 0 0
4069.1 0 1
4069.2 0 0
4069.3 0 0
4069.4 0 1
4075.1 0 0
4075.2 0 0
4077.1 0 0
4077.2 0 0
4084.1 0 1
4084.2 0 1
4087.1 0 0
4087.2 0 0
4087.3 0 0
4087.4 0 0
4093.1 0 0
4093.2 0 0
4096.1 7 7
4099.1 0 0
4099.2 0 0
4107.1 0 0
4107.2 11 13
4107.3 0 0
4108.1 0 1
4108.2 0 2
4108.3 0 2
4108.4 0 1
4111.1 0 0
4111.2 0 0
4113.1 0 5
4113.2 0 5
4116.1 0 1
4116.2 15 16
4116.3 15 16
4116.4 0 1
4123.1 0 0
4123.2 0 3
4123.3 0 3
4123.4 0 0
4123.5 0 0
4123.6 0 3
4123.7 0 3
4123.8 0 0
4129.1 0 0
4129.2 0 0
4132.1 0 1
4132.2 0 1
4143.1 0 0
4143.2 0 0
4144.1 0 0
4144.2 2 3
4144.3 2 3
4144.4 0 0
4153.1 1 1
4153.2 1 1
4156.1 0 0
4156.2 0 0
4159.1 0 1
4159.2 0 1
4161.1 5 6
4161.2 5 5
4161.3 5 5
4161.4 5 6
4167.1 7 8
4167.2 7 8
4171.1 0 1
4171.2 0 1
4171.3 0 1
4171.4 0 1
4177.1 0 1
4177.2 0 1
4179.1 1 4
4179.2 3 5
4179.3 3 5
4179.4 1 4
4188.1 5 8
4188.2 5 8
4197.1 2 2
4197.2 2 2
4201.1 1 2
4201.2 1 2
4204.1 0 1
4204.2 0 1
4207.1 0 0
4207.2 2 2
4207.3 2 2
4207.4 0 0
4212.1 7 7
4212.2 7 7
4219.1 1 1
4219.2 1 1
4221.1 5 6
4221.2 5 5
4221.3 5 5
4221.4 5 6
4225.1 0 0
4225.2 5 5
4225.3 0 0
4228.1 3 5
4228.2 1 1
4228.3 1 1
4228.4 3 5
4231.1 4 4
4231.2 4 4
4237.1 0 0
4237.2 0 0
4237.3 0 0
4237.4 0 0
4239.1 0 1
4239.2 0 1
4243.1 0 1
4243.2 0 1
4249.1 0 0
4249.2 0 0
4249.3 0 0
4249.4 0 0
4251.1 3 5
4251.2 2 2
4251.3 2 2
4251.4 3 5
4252.1 0 0
4252.2 0 0
4261.1 0 0
4261.2 0 0
4269.1 2 4
4269.2 2 4
4273.1 0 0
4273.2 0 0
4275.1 12 14
4275.2 12 14
4276.1 0 2
4276.2 0 2
4287.1 0 1
4287.2 0 1
4288.1 0 0
4288.2 0 0
4291.1 2 2
4291.2 2 2
4291.3 2 2
4291.4 2 2
4297.1 0 0
4297.2 0 0
4300.1 0 2
4300.2 0 2
4303.1 0 0
4303.2 0 0
4303.3 0 0
4303.4 0 0
4309.1 0 2
4309.2 0 2
4309.3 0 2
4309.4 0 2
4327.1 0 1
4327.2 0 1
4329.1 2 2
4329.2 9 9
4329.3 9 9
4329.4 2 2
4332.1 3 3
4332.2 23 23
4332.3 3 3
4333.1 0 1
4333.2 0 0
4333.3 0 0
4333.4 0 1
4336.1 0 0
4336.2 0 0
4339.1 0 0
4339.2 0 0
4341.1 1 1
4341.2 1 1
4348.1 0 0
4348.2 0 0
4351.1 0 0
4351.2 0 0
4351.3 0 0
4351.4 0 0
4356.1 21 21
4357.1 0 1
4357.2 0 1
4359.1 0 1
4359.2 0 1
4363.1 0 0
4363.2 0 0
4368.1 6 6
4368.2 3 3
4368.3 3 3
4368.4 6 6
4372.1 3 4
4372.2 3 4
4375.1 0 0
4375.2 0 0
4377.1 4 4
4377.2 4 4
4381.1 0 1
4381.2 0 2
4381.3 0 2
4381.4 0 1
4383.1 2 2
4383.2 2 2
4396.1 0 1
4396.2 4 4
4396.3 4 4
4396.4 0 1
4401.1 4 4
4401.2 4 4
4404.1 1 1
4404.2 1 1
4413.1 0 3
4413.2 0 3
4417.1 2 3
4417.2 0 1
4417.3 0 1
4417.4 2 3
4423.1 0 0
4423.2 0 0
4429.1 0 1
4429.2 1 2
4429.3 1 2
4429.4 0 1
4431.1 0 4
4431.2 0 1
4431.3 0 1
4431.4 0 4
4432.1 0 0
4432.2 0 0
4441.1 0 0
4441.2 0 0
4447.1 0 0
4447.2 0 0
4449.1 0 0
4449.2 0 0
4453.1 3 3
4453.2 2 2
4453.3 2 2
4453.4 3 3
4459.1 0 2
4459.2 0 2
4459.3 5 7
4459.4 2 4
4459.5 2 4
4459.6 5 7
4459.7 0 2
4459.8 0 2
4464.1 9 9
4464.2 9 9
4467.1 1 1
4467.2 1 1
4468.1 0 0
4468.2 0 0
4476.1 3 5
4476.2 3 5
4477.1 2 3
4477.2 2 3
4483.1 1 1
4483.2 1 1
4489.1 0 0
4489.2 5 5
4489.3 0 0
4491.1 1 2
4491.2 1 2
4492.1 0 0
4492.2 0 0
4501.1 0 0
4501.2 0 0
4501.3 0 0
4501.4 0 0
4503.1 0 0
4503.2 0 1
4503.3 0 1
4503.4 0 0
4507.1 0 0
4507.2 0 0
4513.1 0 0
4513.2 0 0
4516.1 0 0
4516.2 0 0
4519.1 0 0
4519.2 0 0
4525.1 0 0
4525.2 0 0
4528.1 3 3
4528.2 3 3
4537.1 0 2
4537.2 3 4
4537.3 3 4
4537.4 0 2
4548.1 7 9
4548.2 7 9
4549.1 0 2
4549.2 0 2
4557.1 7 8
4557.2 3 3
4557.3 6 7
4557.4 6 7
4557.5 3 3
4557.6 7 8
4561.1 0 0
4561.2 0 0
4563.1 2 2
4563.2 11 11
4563.3 2 2
4564.1 3 4
4564.2 1 1
4564.3 1 1
4564.4 3 4
4567.1 0 0
4567.2 0 0
4572.1 4 5
4572.2 4 5
4575.1 3 3
4575.2 3 3
4579.1 3 3
4579.2 2 2
4579.3 2 2
4579.4 3 3
4588.1 2 2
4588.2 6 6
4588.3 6 6
4588.4 2 2
4591.1 0 0
4591.2 0 0
4593.1 2 3
4593.2 2 3
4597.1 0 0
4597.2 0 0
4599.1 8 8
4599.2 8 8
4599.3 8 8
4599.4 8 8
4603.1 0 0
4603.2 0 0
4612.1 1 1
4612.2 1 1
4617.1 7 7
4617.2 7 7
4621.1 0 2
4621.2 0 2
4624.1 9 9
4627.1 1 1
4627.2 0 0
4627.3 0 0
4627.4 1 1
4629.1 2 2
4629.2 2 2
4636.1 0 0
4636.2 0 0
4636.3 0 0
4636.4 0 0
4639.1 0 0
4639.2 0 0
4644.1 2 4
4644.2 2 4
4647.1 4 4
4647.2 4 4
4651.1 0 0
4651.2 0 0
4656.1 4 4
4656.2 4 4
4657.1 0 0
4657.2 0 0
4663.1 0 1
4663.2 0 1
4672.1 6 6
4672.2 6 6
4681.1 2 4
4681.2 1 2
4681.3 1 2
4681.4 2 4
4683.1 1 2
4683.2 1 3
4683.3 1 3
4683.4 1 2
4684.1 2 2
4684.2 2 2
4687.1 0 1
4687.2 0 1
4687.3 0 1
4687.4 0 1
4693.1 0 0
4693.2 2 2
4693.3 0 0
4693.4 0 0
4693.5 2 2
4693.6 0 0
4699.1 1 2
4699.2 0 1
4699.3 0 1
4699.4 1 2
4701.1 0 0
4701.2 0 0
4707.1 7 9
4707.2 7 9
4711.1 5 6
4711.2 3 4
4711.3 3 4
4711.4 5 6
4719.1 6 6
4719.2 6 6
4723.1 0 0
4723.2 0 0
4725.1 6 7
4725.2 6 7
4729.1 0 0
4729.2 0 0
4732.1 0 0
4732.2 4 5
4732.3 4 6
4732.4 4 6
4732.5 4 5
4732.6 0 0
4737.1 0 1
4737.2 0 1
4753.1 6 7
4753.2 5 6
4753.3 7 7
4753.4 7 7
4753.5 5 6
4753.6 6 7
4759.1 0 0
4759.2 0 0
4761.1 14 14
4764.1 3 3
4764.2 3 3
4771.1 0 0
4771.2 0 2
4771.3 0 2
4771.4 0 0
4773.1 0 3
4773.2 1 2
4773.3 1 2
4773.4 0 3
4783.1 0 1
4783.2 0 1
4788.1 13 13
4788.2 20 20
4788.3 20 20
4788.4 13 13
4789.1 0 1
4789.2 0 1
4791.1 0 1
4791.2 0 1
4800.1 17 17
4801.1 1 1
4801.2 1 1
4804.1 1 5
4804.2 1 5
4809.1 2 4
4809.2 2 3
4809.3 2 3
4809.4 2 4
4813.1 0 1
4813.2 0 1
4816.1 6 7
4816.2 0 3
4816.3 0 3
4816.4 6 7
4819.1 0 0
4819.2 0 1
4819.3 0 1
4819.4 0 0
4825.1 0 0
4825.2 0 0
4827.1 7 8
4827.2 7 8
4831.1 0 2
4831.2 0 2
4836.1 10 12
4836.2 10 10
4836.3 10 10
4836.4 10 12
4837.1 3 3
4837.2 0 0
4837.3 0 0
4837.4 3 3
4849.1 0 1
4849.2 0 0
4849.3 0 0
4849.4 0 1
4852.1 0 0
4852.2 0 0
4861.1 0 0
4861.2 0 0
4863.1 0 0
4863.2 0 0
4864.1 0 0
4864.2 0 0
4867.1 0 0
4867.2 2 3
4867.3 2 3
4867.4 0 0
4869.1 0 2
4869.2 0 2
4881.1 0 3
4881.2 0 3
4887.1 0 1
4887.2 0 1
4891.1 2 2
4891.2 2 2
4891.3 2 2
4891.4 2 2
4900.1 3 5
4900.2 15 15
4900.3 3 5
4903.1 0 0
4903.2 0 0
4908.1 4 5
4908.2 4 5
4909.1 0 0
4909.2 0 0
4912.1 2 2
4912.2 2 2
4921.1 0 3
4921.2 3 4
4921.3 11 11
4921.4 0 0
4921.5 0 0
4921.6 11 11
4921.7 3 4
4921.8 0 3
4923.1 0 1
4923.2 0 1
4924.1 0 0
4924.2 0 0
4927.1 4 5
4927.2 2 6
4927.3 2 6
4927.4 4 5
4933.1 0 0
4933.2 0 0
4941.1 0 1
4941.2 0 1
4944.1 6 6
4944.2 6 6
4948.1 0 2
4948.2 0 2
4951.1 0 0
4951.2 0 0
4953.1 1 3
4953.2 0 3
4953.3 0 3
4953.4 1 3
4957.1 0 1
4957.2 0 1
4963.1 0 1
4963.2 0 0
4963.3 0 0
4963.4 0 1
4969.1 0 1
4969.2 0 1
4971.1 0 0
4971.2 0 0
4975.1 0 1
4975.2 0 1
4977.1 3 3
4977.2 8 8
4977.3 8 8
4977.4 3 3
4987.1 0 0
4987.2 0 0
4989.1 0 0
4989.2 0 0
4993.1 2 2
4993.2 2 2
4996.1 4 4
4996.2 4 4
4999.1 1 2
4999.2 1 2
5004.1 8 9
5004.2 8 9
5007.1 0 0
5007.2 0 0
5008.1 2 2
5008.2 2 2
5011.1 0 1
5011.2 0 1
5023.1 0 2
5023.2 0 2
5025.1 3 4
5025.2 3 4
5031.1 0 5
5031.2 3 7
5031.3 3 7
5031.4 0 5
5041.1 6 6
5043.1 13 15
5044.1 2 2
5044.2 1 2
5044.3 1 2
5044.4 2 2
5047.1 0 1
5047.2 6 7
5047.3 2 3
5047.4 2 3
5047.5 6 7
5047.6 0 1
5052.1 4 8
5052.2 4 8
5053.1 0 0
5053.2 0 2
5053.3 0 2
5053.4 0 0
5056.1 0 2
5056.2 0 2
5059.1 0 0
5059.2 0 0
5061.1 9 9
5061.2 7 7
5061.3 7 7
5061.4 9 9
5068.1 0 2
5068.2 0 3
5068.3 0 3
5068.4 0 2
5077.1 0 0
5077.2 0 0
5079.1 0 0
5079.2 0 0
5089.1 0 0
5089.2 0 1
5089.3 0 1
5089.4 0 0
5092.1 0 4
5092.2 0 1
5092.3 0 1
5092.4 0 4
5097.1 0 0
5097.2 0 0
5101.1 0 0
5101.2 0 0
5103.1 4 4
5103.2 4 4
5107.1 0 0
5107.2 0 0
5113.1 1 1
5113.2 1 1
5116.1 1 1
5116.2 1 1
5119.1 0 0
5119.2 0 0
5124.1 2 2
5124.2 0 0
5124.3 0 0
5124.4 2 2
5131.1 0 0
5131.2 0 2
5131.3 0 2
5131.4 0 0
5139.1 1 3
5139.2 1 3
5143.1 0 1
5143.2 0 1
5143.3 0 1
5143.4 0 1
5149.1 0 0
5149.2 0 0
5149.3 0 0
5149.4 0 0
5161.1 0 0
5161.2 0 0
5161.3 0 0
5161.4 0 0
5164.1 0 0
5164.2 0 0
5167.1 0 2
5167.2 0 2
5169.1 0 3
5169.2 0 3
5173.1 0 1
5173.2 0 0
5173.3 0 0
5173.4 0 1
5179.1 0 0
5179.2 0 0
5184.1 9 9
5187.1 4 4
5187.2 9 10
5187.3 4 5
5187.4 9 9
5187.5 9 9
5187.6 4 5
5187.7 9 10
5187.8 4 4
5188.1 0 0
5188.2 0 0
5193.1 5 5
5193.2 5 5
5196.1 0 4
5196.2 0 4
5197.1 0 0
5197.2 0 0
5200.1 2 2
5200.2 2 2
5203.1 2 3
5203.2 2 3
5209.1 0 1
5209.2 0 1
5211.1 7 9
5211.2 7 9
5212.1 0 1
5212.2 0 1
5223.1 0 0
5223.2 0 0
5227.1 0 0
5227.2 0 0
5232.1 2 2
5232.2 2 2
5233.1 1 1
5233.2 1 1
5239.1 0 0
5239.2 4 4
5239.3 0 1
5239.4 0 1
5239.5 4 4
5239.6 0 0
5241.1 0 0
5241.2 0 0
5257.1 0 2
5257.2 0 0
5257.3 0 0
5257.4 0 2
5259.1 0 0
5259.2 0 0
5263.1 0 0
5263.2 0 1
5263.3 0 1
5263.4 0 0
5268.1 6 6
5268.2 6 6
5275.1 0 1
5275.2 0 1
5277.1 4 4
5277.2 4 4
5281.1 0 0
5281.2 0 0
5284.1 0 1
5284.2 0 1
5292.1 9 10
5292.2 21 21
5292.3 9 10
5293.1 0 0
5293.2 2 3
5293.3 2 3
5293.4 0 0
5296.1 0 2
5296.2 0 2
5299.1 2 3
5299.2 2 3
5299.3 2 3
5299.4 2 3
5301.1 3 5
5301.2 2 5
5301.3 2 5
5301.4 3 5
5308.1 0 1
5308.2 0 1
5317.1 2 2
5317.2 0 0
5317.3 0 0
5317.4 2 2
5323.1 0 0
5323.2 0 0
5328.1 3 5
5328.2 3 5
5329.1 3 3
5329.2 9 9
5329.3 3 3
5331.1 6 6
5331.2 6 6
5332.1 3 4
5332.2 9 10
5332.3 9 10
5332.4 3 4
5341.1 2 4
5341.2 0 2
5341.3 0 4
5341.4 0 4
5341.5 0 2
5341.6 2 4
5347.1 0 2
5347.2 0 2
5349.1 0 0
5349.2 0 0
5356.1 2 2
5356.2 4 4
5356.3 4 4
5356.4 2 2
5367.1 0 0
5367.2 0 0
5373.1 6 9
5373.2 6 9
5376.1 18 18
5376.2 18 18
5377.1 2 2
5377.2 2 2
5377.3 2 2
5377.4 2 2
5383.1 0 0
5383.2 0 0
5383.3 0 0
5383.4 0 0
5392.1 0 1
5392.2 0 1
5403.1 1 1
5403.2 1 1
5404.1 0 1
5404.2 0 4
5404.3 0 4
5404.4 0 1
5407.1 1 1
5407.2 1 1
5409.1 2 5
5409.2 2 5
5413.1 0 0
5413.2 0 0
5419.1 0 1
5419.2 0 1
5421.1 3 5
5421.2 6 6
5421.3 6 6
5421.4 3 5
5425.1 3 5
5425.2 1 1
5425.3 1 1
5425.4 3 5
5427.1 5 5
5427.2 5 5
5431.1 0 0
5431.2 0 0
5436.1 0 1
5436.2 0 1
5437.1 0 0
5437.2 0 0
5439.1 5 6
5439.2 2 6
5439.3 5 8
5439.4 5 8
5439.5 2 6
5439.6 5 6
5443.1 0 0
5443.2 0 0
5449.1 0 0
5449.2 0 0
5461.1 0 3
5461.2 0 3
5461.3 0 3
5461.4 0 3
5463.1 0 0
5463.2 0 0
5473.1 0 3
5473.2 1 4
5473.3 1 4
5473.4 0 3
5475.1 6 8
5475.2 6 8
5476.1 0 0
5476.2 8 8
5476.3 0 0
5479.1 0 1
5479.2 0 1
5484.1 1 4
5484.2 1 4
5488.1 0 1
5488.2 7 7
5488.3 7 7
5488.4 0 1
5491.1 2 2
5491.2 2 2
5493.1 0 0
5493.2 0 0
5503.1 0 1
5503.2 0 1
5509.1 0 0
5509.2 0 1
5509.3 0 1
5509.4 0 0
5517.1 3 3
5517.2 3 3
5521.1 0 0
5521.2 0 0
5524.1 0 0
5524.2 0 0
5527.1 1 1
5527.2 1 1
5529.1 1 3
5529.2 0 2
5529.3 0 2
5529.4 1 3
5547.1 0 1
5547.2 13 15
5547.3 0 1
5548.1 4 5
5548.2 4 5
5548.3 4 5
5548.4 4 5
5551.1 4 4
5551.2 0 1
5551.3 0 0
5551.4 2 2
5551.5 2 2
5551.6 0 0
5551.7 0 1
5551.8 4 4
5556.1 8 10
5556.2 8 10
5557.1 0 0
5557.2 0 0
5563.1 0 0
5563.2 0 0
5569.1 0 0
5569.2 0 0
5571.1 0 1
5571.2 0 1
5572.1 0 5
5572.2 5 7
5572.3 5 7
5572.4 0 5
5575.1 0 1
5575.2 0 1
5581.1 0 0
5581.2 0 0
5583.1 0 0
5583.2 0 0
5584.1 4 5
5584.2 4 5
5587.1 0 0
5587.2 0 2
5587.3 0 2
5587.4 0 0
5596.1 0 0
5596.2 0 0
5601.1 1 1
5601.2 1 1
5611.1 4 4
5611.2 0 0
5611.3 0 0
5611.4 4 4
5616.1 7 7
5616.2 7 7
5619.1 0 1
5619.2 0 1
5623.1 0 1
5623.2 0 1
5625.1 15 15
5628.1 5 6
5628.2 3 4
5628.3 3 4
5628.4 5 6
5629.1 1 1
5629.2 0 0
5629.3 0 0
5629.4 1 1
5637.1 0 0
5637.2 0 0
5641.1 0 2
5641.2 0 2
5647.1 0 0
5647.2 0 0
5652.1 0 0
5652.2 0 0
5653.1 0 0
5653.2 0 0
5659.1 0 0
5659.2 0 0
5668.1 2 4
5668.2 2 2
5668.3 2 2
5668.4 2 4
5673.1 5 5
5673.2 1 1
5673.3 1 1
5673.4 5 5
5677.1 0 0
5677.2 0 2
5677.3 0 2
5677.4 0 0
5679.1 0 1
5679.2 0 1
5683.1 0 0
5683.2 0 0
5689.1 0 0
5689.2 0 0
5691.1 5 5
5691.2 3 7
5691.3 3 7
5691.4 5 5
5692.1 0 2
5692.2 0 2
5697.1 2 4
5697.2 2 4
5700.1 19 20
5700.2 19 20
5701.1 0 0
5701.2 0 0
5707.1 0 0
5707.2 0 0
5707.3 0 0
5707.4 0 0
5716.1 0 1
5716.2 0 1
5719.1 0 7
5719.2 0 1
5719.3 1 2
5719.4 0 5
5719.5 0 5
5719.6 1 2
5719.7 0 1
5719.8 0 7
5725.1 0 1
5725.2 0 1
5733.1 14 14
5733.2 5 8
5733.3 21 21
5733.4 21 21
5733.5 5 8
5733.6 14 14
5737.1 1 1
5737.2 1 1
5743.1 0 0
5743.2 0 0
5749.1 0 0
5749.2 0 0
5761.1 0 0
5761.2 2 2
5761.3 2 2
5761.4 0 0
5767.1 2 3
5767.2 2 2
5767.3 2 2
5767.4 2 3
5772.1 2 2
5772.2 7 8
5772.3 7 8
5772.4 2 2
5776.1 0 0
5776.2 12 12
5776.3 0 0
5779.1 0 0
5779.2 0 0
5787.1 2 2
5787.2 2 2
5788.1 0 0
5788.2 0 0
5791.1 0 0
5791.2 0 0
5799.1 4 5
5799.2 4 5
5803.1 0 1
5803.2 0 0
5803.3 0 0
5803.4 0 1
5808.1 19 19
5809.1 4 4
5809.2 1 1
5809.3 1 1
5809.4 4 4
5812.1 0 0
5812.2 0 0
5817.1 0 1
5817.2 0 0
5817.3 0 0
5817.4 0 1
5821.1 0 2
5821.2 0 2
5824.1 11 11
5824.2 4 4
5824.3 4 4
5824.4 11 11
5827.1 0 0
5827.2 0 0
5833.1 0 1
5833.2 4 5
5833.3 4 5
5833.4 0 1
5836.1 5 5
5836.2 5 5
5839.1 0 2
5839.2 0 2
5844.1 0 0
5844.2 0 0
5851.1 0 0
5851.2 0 0
5853.1 0 0
5853.2 0 0
5857.1 0 0
5857.2 0 0
5859.1 12 12
5859.2 7 8
5859.3 7 8
5859.4 12 12
5868.1 7 7
5868.2 7 7
5869.1 0 0
5869.2 0 0
5871.1 3 3
5871.2 3 5
5871.3 3 5
5871.4 3 3
5872.1 0 0
5872.2 0 0
5881.1 0 1
5881.2 0 1
5884.1 3 6
5884.2 3 6
5887.1 4 5
5887.2 4 5
5889.1 0 0
5889.2 0 1
5889.3 0 1
5889.4 0 0
5908.1 2 5
5908.2 0 2
5908.3 0 2
5908.4 2 5
5913.1 9 11
5913.2 9 11
5917.1 0 0
5917.2 0 1
5917.3 0 1
5917.4 0 0
5923.1 0 2
5923.2 0 2
5925.1 2 2
5925.2 2 2
5929.1 5 7
5929.2 9 9
5929.3 5 7
5932.1 0 0
5932.2 0 0
5941.1 1 1
5941.2 0 2
5941.3 0 2
5941.4 1 1
5943.1 4 4
5943.2 8 8
5943.3 8 8
5943.4 4 4
5947.1 0 0
5947.2 0 0
5947.3 0 0
5947.4 0 0
5949.1 0 3
5949.2 0 3
5952.1 8 9
5952.2 8 9
5953.1 0 2
5953.2 0 2
5956.1 0 0
5956.2 0 0
5961.1 0 1
5961.2 0 1
5968.1 2 4
5968.2 2 4
5971.1 2 2
5971.2 2 2
5971.3 2 2
5971.4 2 2
5977.1 0 3
5977.2 0 1
5977.3 0 1
5977.4 0 3
5979.1 1 1
5979.2 1 1
5983.1 0 0
5983.2 0 0
5983.3 0 0
5983.4 0 0
5988.1 0 3
5988.2 0 3
5997.1 4 4
5997.2 4 4
6004.1 0 0
6004.2 4 4
6004.3 4 4
6004.4 0 0
6007.1 0 1
6007.2 0 1
6013.1 0 0
6013.2 0 1
6013.3 0 1
6013.4 0 0
6019.1 0 1
6019.2 0 2
6019.3 0 2
6019.4 0 1
6021.1 0 8
6021.2 0 8
6025.1 2 2
6025.2 2 2
6031.1 0 0
6031.2 0 0
6031.3 0 0
6031.4 0 0
6033.1 0 0
6033.2 0 0
6037.1 0 0
6037.2 0 0
6043.1 0 0
6043.2 0 0
6051.1 0 1
6051.2 0 1
6057.1 3 4
6057.2 3 4
6064.1 4 5
6064.2 4 5
6067.1 0 0
6067.2 0 0
6069.1 12 12
6069.2 12 12
6073.1 0 1
6073.2 0 1
6075.1 11 11
6076.1 9 10
6076.2 12 13
6076.3 15 15
6076.4 15 15
6076.5 12 13
6076.6 9 10
6079.1 0 0
6079.2 0 0
6084.1 4 4
6084.2 25 25
6084.3 4 4
6087.1 1 2
6087.2 1 2
6091.1 0 1
6091.2 0 1
6096.1 6 8
6096.2 6 8
6097.1 1 2
6097.2 2 2
6097.3 2 2
6097.4 0 0
6097.5 0 0
6097.6 2 2
6097.7 2 2
6097.8 1 2
6100.1 0 1
6100.2 0 1
6111.1 8 8
6111.2 4 4
6111.3 4 4
6111.4 8 8
6121.1 0 0
6121.2 0 0
6123.1 0 3
6123.2 2 4
6123.3 2 4
6123.4 0 3
6124.1 3 4
6124.2 3 4
6132.1 18 18
6132.2 12 12
6132.3 12 12
6132.4 18 18
6133.1 0 1
6133.2 0 1
6139.1 0 0
6139.2 0 1
6139.3 0 1
6139.4 0 0
6151.1 0 0
6151.2 0 0
6156.1 17 17
6156.2 17 17
6159.1 0 0
6159.2 0 0
6163.1 0 0
6163.2 0 0
6169.1 0 0
6169.2 0 1
6169.3 0 1
6169.4 0 0
6172.1 2 2
6172.2 2 2
6175.1 2 2
6175.2 2 2
6175.3 2 2
6175.4 2 2
6181.1 0 2
6181.2 0 3
6181.3 0 3
6181.4 0 2
6183.1 0 3
6183.2 0 3
6192.1 2 3
6192.2 2 3
6196.1 2 3
6196.2 2 3
6199.1 0 0
6199.2 0 0
6208.1 2 3
6208.2 2 3
6211.1 0 1
6211.2 0 1
6213.1 3 3
6213.2 2 4
6213.3 2 4
6213.4 3 3
6217.1 0 2
6217.2 0 2
6219.1 0 0
6219.2 0 0
6223.1 0 1
6223.2 0 5
6223.3 2 4
6223.4 2 4
6223.5 0 5
6223.6 0 1
6229.1 0 0
6229.2 0 0
6231.1 0 0
6231.2 0 2
6231.3 0 2
6231.4 0 0
6241.1 0 0
6241.2 8 8
6241.3 0 0
6244.1 0 0
6244.2 0 2
6244.3 0 2
6244.4 0 0
6247.1 0 0
6247.2 0 0
6249.1 0 0
6249.2 0 0
6253.1 2 2
6253.2 3 3
6253.3 4 5
6253.4 4 5
6253.5 3 3
6253.6 2 2
6267.1 0 0
6267.2 0 0
6268.1 2 2
6268.2 2 2
6271.1 0 0
6271.2 0 0
6276.1 12 14
6276.2 12 14
6277.1 0 1
6277.2 0 1
6283.1 0 0
6283.2 0 0
6283.3 0 0
6283.4 0 0
6289.1 0 0
6289.2 0 0
6289.3 0 0
6289.4 0 0
6292.1 4 4
6292.2 4 4
6300.1 17 18
6300.2 17 18
6301.1 0 1
6301.2 0 1
6316.1 0 0
6316.2 0 0
6321.1 4 9
6321.2 4 8
6321.3 8 9
6321.4 8 9
6321.5 4 8
6321.6 4 9
6327.1 4 5
6327.2 7 7
6327.3 7 7
6327.4 4 5
6331.1 0 0
6331.2 0 0
6331.3 0 0
6331.4 0 0
6337.1 0 1
6337.2 0 1
6339.1 2 2
6339.2 2 2
6343.1 0 1
6343.2 0 1
6348.1 21 21
6349.1 0 0
6349.2 0 0
6349.3 0 0
6349.4 0 0
6352.1 0 0
6352.2 0 0
6357.1 0 0
6357.2 1 1
6357.3 1 1
6357.4 0 0
6361.1 2 2
6361.2 2 2
6364.1 0 3
6364.2 4 6
6364.3 4 6
6364.4 0 3
6367.1 0 0
6367.2 0 0
6373.1 0 0
6373.2 0 0
6379.1 0 0
6379.2 0 0
6381.1 0 1
6381.2 0 1
6384.1 6 6
6384.2 16 16
6384.3 16 16
6384.4 6 6
6388.1 0 2
6388.2 0 2
6393.1 0 1
6393.2 0 1
6397.1 0 0
6397.2 0 0
6399.1 0 2
6399.2 0 2
6400.1 15 15
6403.1 0 1
6403.2 0 1
6403.3 0 1
6403.4 0 1
6411.1 0 1
6411.2 0 1
6412.1 0 0
6412.2 1 1
6412.3 1 1
6412.4 0 0
6421.1 0 1
6421.2 0 1
6427.1 0 1
6427.2 0 1
6429.1 0 3
6429.2 0 3
6433.1 5 5
6433.2 4 4
6433.3 4 4
6433.4 5 5
6436.1 2 2
6436.2 2 2
6447.1 7 11
6447.2 0 2
6447.3 0 2
6447.4 7 11
6448.1 6 8
6448.2 6 7
6448.3 6 7
6448.4 6 8
6451.1 3 3
6451.2 3 3
6469.1 0 1
6469.2 0 1
6475.1 0 1
6475.2 0 1
6475.3 0 1
6475.4 0 1
6481.1 1 1
6481.2 1 1
6483.1 0 1
6483.2 0 1
6484.1 0 0
6484.2 0 0
6487.1 0 0
6487.2 0 0
6487.3 0 0
6487.4 0 0
6489.1 1 2
6489.2 10 10
6489.3 10 10
6489.4 1 2
6492.1 0 2
6492.2 0 2
6493.1 0 2
6493.2 0 3
6493.3 0 3
6493.4 0 2
6499.1 0 3
6499.2 0 1
6499.3 0 1
6499.4 0 3
6507.1 10 10
6507.2 10 10
6508.1 0 0
6508.2 0 0
6516.1 0 1
6516.2 0 1
6517.1 0 1
6517.2 5 9
6517.3 4 7
6517.4 5 8
6517.5 5 8
6517.6 4 7
6517.7 5 9
6517.8 0 1
6529.1 0 1
6529.2 0 1
6537.1 1 4
6537.2 1 4
6541.1 0 1
6541.2 0 1
6541.3 0 1
6541.4 0 1
6543.1 0 3
6543.2 0 3
6544.1 2 2
6544.2 2 2
6547.1 1 1
6547.2 1 1
6553.1 2 3
6553.2 2 3
6559.1 0 1
6559.2 0 0
6559.3 0 0
6559.4 0 1
6561.1 12 12
6564.1 3 5
6564.2 3 5
6571.1 0 2
6571.2 0 2
6573.1 3 8
6573.2 3 4
6573.3 3 4
6573.4 3 8
6577.1 0 0
6577.2 0 0
6588.1 1 1
6588.2 1 1
6591.1 0 0
6591.2 9 15
6591.3 9 15
6591.4 0 0
6592.1 7 7
6592.2 7 7
6597.1 4 4
6597.2 4 4
6604.1 0 2
6604.2 0 4
6604.3 0 4
6604.4 0 2
6607.1 0 0
6607.2 0 0
6609.1 0 0
6609.2 0 0
6619.1 0 1
6619.2 0 1
6627.1 19 21
6628.1 0 0
6628.2 0 0
6631.1 0 2
6631.2 0 2
6631.3 0 2
6631.4 0 2
6636.1 4 4
6636.2 8 11
6636.3 8 11
6636.4 4 4
6637.1 0 1
6637.2 0 1
6643.1 5 5
6643.2 12 12
6643.3 10 10
6643.4 4 5
6643.5 4 5
6643.6 10 10
6643.7 12 12
6643.8 5 5
6649.1 0 0
6649.2 1 2
6649.3 1 2
6649.4 0 0
6651.1 5 7
6651.2 5 7
6652.1 0 0
6652.2 0 0
6661.1 0 0
6661.2 0 0
6663.1 2 2
6663.2 2 2
6669.1 15 15
6669.2 10 10
6669.3 10 10
6669.4 15 15
6672.1 5 7
6672.2 5 7
6673.1 0 0
6673.2 0 0
6676.1 0 0
6676.2 0 0
6679.1 0 1
6679.2 0 1
6691.1 0 0
6691.2 0 0
6697.1 0 0
6697.2 0 2
6697.3 0 2
6697.4 0 0
6700.1 0 0
6700.2 0 0
6703.1 0 0
6703.2 0 0
6708.1 3 9
6708.2 1 5
6708.3 1 5
6708.4 3 9
6709.1 0 1
6709.2 0 1
6717.1 0 2
6717.2 0 2
6724.1 9 11
6727.1 0 0
6727.2 7 7
6727.3 2 2
6727.4 2 2
6727.5 7 7
6727.6 0 0
6733.1 0 0
6733.2 0 0
6736.1 0 4
6736.2 0 4
6748.1 6 6
6748.2 5 5
6748.3 5 5
6748.4 6 6
6751.1 0 1
6751.2 0 2
6751.3 0 2
6751.4 0 1
6753.1 1 2
6753.2 1 2
6759.1 0 1
6759.2 0 1
6763.1 0 1
6763.2 0 1
6769.1 0 1
6769.2 0 2
6769.3 0 2
6769.4 0 1
6771.1 3 4
6771.2 2 3
6771.3 2 3
6771.4 3 4
6772.1 0 0
6772.2 0 0
6775.1 0 1
6775.2 0 1
6781.1 0 0
6781.2 0 0
6789.1 4 6
6789.2 4 4
6789.3 4 4
6789.4 4 6
6793.1 0 1
6793.2 0 1
6796.1 0 0
6796.2 0 0
6799.1 3 3
6799.2 8 10
6799.3 8 10
6799.4 3 3
6804.1 9 9
6804.2 9 9
6807.1 3 5
6807.2 3 5
6811.1 2 6
6811.2 0 3
6811.3 0 3
6811.4 0 3
6811.5 0 3
6811.6 2 6
6813.1 4 5
6813.2 4 5
6823.1 0 0
6823.2 0 0
6825.1 8 10
6825.2 9 12
6825.3 9 12
6825.4 8 10
6829.1 0 0
6829.2 0 0
6832.1 4 4
6832.2 0 0
6832.3 0 0
6832.4 4 4
6841.1 0 2
6841.2 0 2
6843.1 2 4
6843.2 2 4
6852.1 2 5
6852.2 2 5
6859.1 0 0
6859.2 4 4
6859.3 4 4
6859.4 0 0
6861.1 0 0
6861.2 0 0
6867.1 4 5
6867.2 1 8
6867.3 1 8
6867.4 4 5
6871.1 0 0
6871.2 0 0
6877.1 6 6
6877.2 6 6
6879.1 2 2
6879.2 2 2
6883.1 0 0
6883.2 0 0
6889.1 7 9
6892.1 0 2
6892.2 0 2
6897.1 8 8
6897.2 8 8
6901.1 2 3
6901.2 0 0
6901.3 0 0
6901.4 2 3
6907.1 0 0
6907.2 0 0
6912.1 13 13
6913.1 0 0
6913.2 0 2
6913.3 0 2
6913.4 0 0
6916.1 3 5
6916.2 9 9
6916.3 1 3
6916.4 5 9
6916.5 5 9
6916.6 1 3
6916.7 9 9
6916.8 3 5
6921.1 2 5
6921.2 2 5
6924.1 6 6
6924.2 6 6
6925.1 0 0
6925.2 0 0
6928.1 1 5
6928.2 1 5
6933.1 0 1
6933.2 0 1
6937.1 0 0
6937.2 0 1
6937.3 0 1
6937.4 0 0
6948.1 13 13
6948.2 13 13
6949.1 0 0
6949.2 0 0
6951.1 0 3
6951.2 0 2
6951.3 0 2
6951.4 0 3
6961.1 0 0
6961.2 0 0
6964.1 0 0
6964.2 0 0
6967.1 0 0
6967.2 0 0
6973.1 0 0
6973.2 0 2
6973.3 0 2
6973.4 0 0
6975.1 6 9
6975.2 6 9
6976.1 0 1
6976.2 0 1
6979.1 0 2
6979.2 0 2
6979.3 0 2
6979.4 0 2
6988.1 0 0
6988.2 0 0
6991.1 0 0
6991.2 0 0
6993.1 11 11
6993.2 6 9
6993.3 6 9
6993.4 11 11
6997.1 0 0
6997.2 0 0
7009.1 0 2
7009.2 0 1
7009.3 0 1
7009.4 0 2
7012.1 0 0
7012.2 0 0
7023.1 0 0
7023.2 0 0
7024.1 4 4
7024.2 4 4
7027.1 0 0
7027.2 0 0
7033.1 1 1
7033.2 0 0
7033.3 0 0
7033.4 1 1
7036.1 3 3
7036.2 3 3
7039.1 0 0
7039.2 0 0
7041.1 0 0
7041.2 0 0
7056.1 6 6
7056.2 27 27
7056.3 6 6
7057.1 0 1
7057.2 0 1
7059.1 0 2
7059.2 3 4
7059.3 3 4
7059.4 0 2
7063.1 2 3
7063.2 2 3
7063.3 2 3
7063.4 2 3
7068.1 8 8
7068.2 8 12
7068.3 8 12
7068.4 8 8
7069.1 0 0
7069.2 0 0
7075.1 2 2
7075.2 2 2
7077.1 0 1
7077.2 3 4
7077.3 3 4
7077.4 0 1
7081.1 2 3
7081.2 3 5
7081.3 3 5
7081.4 2 3
7083.1 2 4
7083.2 2 4
7087.1 4 4
7087.2 0 0
7087.3 0 0
7087.4 4 4
7099.1 0 1
7099.2 0 1
7099.3 0 1
7099.4 0 1
7104.1 10 10
7104.2 10 10
7108.1 7 7
7108.2 7 7
7111.1 0 1
7111.2 1 2
7111.3 1 2
7111.4 0 1
7113.1 2 2
7113.2 2 2
7129.1 1 1
7129.2 1 1
7131.1 1 1
7131.2 1 1
7132.1 0 0
7132.2 0 0
7137.1 9 9
7137.2 5 5
7137.3 5 5
7137.4 9 9
7141.1 0 0
7141.2 1 1
7141.3 1 1
7141.4 0 0
7147.1 0 1
7147.2 0 2
7147.3 0 2
7147.4 0 1
7149.1 0 1
7149.2 0 1
7156.1 0 0
7156.2 0 0
7159.1 0 1
7159.2 0 1
7164.1 9 16
7164.2 9 16
7167.1 0 0
7167.2 0 0
7168.1 4 4
7168.2 4 4
7177.1 0 1
7177.2 0 1
7189.1 0 1
7189.2 3 6
7189.3 0 2
7189.4 2 2
7189.5 2 2
7189.6 0 2
7189.7 3 6
7189.8 0 1
7201.1 4 5
7201.2 2 3
7201.3 2 3
7201.4 4 5
7203.1 0 1
7203.2 7 8
7203.3 21 23
7203.4 7 8
7203.5 0 1
7204.1 0 0
7204.2 0 0
7207.1 0 0
7207.2 0 0
7212.1 3 3
7212.2 3 3
7213.1 0 0
7213.2 0 0
7219.1 1 2
7219.2 1 2
7225.1 7 7
7228.1 0 5
7228.2 4 6
7228.3 4 6
7228.4 0 5
7231.1 0 0
7231.2 0 0
7231.3 0 0
7231.4 0 0
7236.1 11 11
7236.2 11 11
7237.1 0 0
7237.2 0 0
7239.1 3 5
7239.2 0 1
7239.3 0 1
7239.4 3 5
7243.1 0 0
7243.2 0 0
7248.1 4 4
7248.2 4 4
7252.1 5 9
7252.2 8 10
7252.3 7 7
7252.4 7 7
7252.5 8 10
7252.6 5 9
7267.1 0 6
7267.2 2 8
7267.3 0 5
7267.4 0 5
7267.5 2 8
7267.6 0 6
7273.1 0 0
7273.2 0 0
7273.3 0 0
7273.4 0 0
7275.1 4 4
7275.2 4 4
7284.1 0 0
7284.2 0 0
7297.1 0 1
7297.2 0 1
7299.1 4 4
7299.2 4 4
7300.1 5 6
7300.2 5 6
7303.1 0 0
7303.2 0 0
7303.3 0 0
7303.4 0 0
7309.1 0 1
7309.2 0 1
7311.1 0 1
7311.2 0 1
7312.1 0 1
7312.2 0 1
7317.1 7 7
7317.2 7 7
7321.1 0 0
7321.2 0 0
7324.1 0 1
7324.2 0 1
7329.1 0 4
7329.2 0 4
7329.3 0 4
7329.4 0 4
7333.1 0 0
7333.2 0 0
7347.1 5 6
7347.2 0 0
7347.3 0 0
7347.4 5 6
7351.1 0 1
7351.2 0 1
7353.1 5 12
7353.2 8 9
7353.3 8 9
7353.4 5 12
7356.1 6 6
7356.2 6 6
7357.1 0 1
7357.2 0 2
7357.3 0 2
7357.4 0 1
7363.1 0 0
7363.2 0 0
7363.3 0 0
7363.4 0 0
7369.1 0 0
7369.2 0 0
7371.1 6 8
7371.2 8 10
7371.3 8 10
7371.4 6 8
7372.1 0 2
7372.2 5 6
7372.3 5 6
7372.4 0 2
7381.1 2 2
7381.2 2 2
7393.1 1 3
7393.2 1 3
7396.1 0 1
7396.2 10 12
7396.3 0 1
7399.1 0 4
7399.2 0 0
7399.3 1 4
7399.4 1 4
7399.5 0 0
7399.6 0 4
7401.1 0 2
7401.2 0 2
7407.1 0 1
7407.2 0 1
7408.1 0 5
7408.2 0 5
7411.1 0 1
7411.2 0 1
7417.1 0 0
7417.2 0 0
7419.1 2 4
7419.2 2 4
7423.1 0 0
7423.2 1 3
7423.3 1 3
7423.4 0 0
7428.1 0 2
7428.2 0 2
7437.1 0 2
7437.2 0 0
7437.3 0 0
7437.4 0 2
7441.1 0 0
7441.2 0 0
7441.3 0 0
7441.4 0 0
7444.1 0 0
7444.2 0 0
7459.1 0 1
7459.2 0 1
7461.1 0 2
7461.2 0 2
7468.1 2 2
7468.2 2 2
7471.1 2 3
7471.2 2 2
7471.3 2 2
7471.4 2 3
7477.1 0 2
7477.2 0 2
7479.1 0 2
7479.2 0 2
7483.1 0 2
7483.2 0 2
7483.3 0 2
7483.4 0 2
7488.1 15 15
7488.2 15 15
7489.1 0 2
7489.2 0 2
7492.1 0 0
7492.2 0 0
7500.1 19 19
7501.1 4 4
7501.2 5 5
7501.3 5 5
7501.4 4 4
7504.1 0 2
7504.2 2 2
7504.3 2 2
7504.4 0 2
7507.1 0 0
7507.2 0 0
7509.1 0 0
7509.2 0 0
7516.1 0 0
7516.2 0 0
7519.1 4 4
7519.2 2 2
7519.3 2 2
7519.4 4 4
7525.1 0 2
7525.2 0 3
7525.3 0 3
7525.4 0 2
7527.1 6 7
7527.2 5 5
7527.3 5 5
7527.4 6 7
7533.1 5 5
7533.2 5 5
7536.1 0 0
7536.2 0 0
7537.1 0 0
7537.2 0 0
7543.1 2 2
7543.2 0 0
7543.3 0 0
7543.4 2 2
7549.1 0 0
7549.2 0 0
7561.1 1 2
7561.2 1 2
7563.1 1 2
7563.2 1 2
7564.1 10 10
7564.2 2 2
7564.3 2 2
7564.4 10 10
7569.1 18 18
7572.1 0 1
7572.2 0 1
7573.1 0 1
7573.2 0 1
7581.1 6 6
7581.2 18 18
7581.3 4 4
7581.4 4 4
7581.5 18 18
7581.6 6 6
7588.1 4 4
7588.2 2 6
7588.3 2 6
7588.4 4 4
7591.1 0 0
7591.2 0 0
7596.1 2 3
7596.2 2 3
7600.1 9 9
7600.2 9 9
7603.1 0 1
7603.2 0 1
7609.1 0 0
7609.2 0 0
7609.3 0 0
7609.4 0 0
7617.1 0 0
7617.2 0 0
7621.1 0 0
7621.2 0 0
7623.1 15 16
7623.2 15 16
7639.1 0 0
7639.2 0 0
7641.1 7 7
7641.2 7 7
7644.1 15 16
7644.2 14 22
7644.3 25 25
7644.4 25 25
7644.5 14 22
7644.6 15 16
7651.1 2 4
7651.2 2 3
7651.3 2 3
7651.4 2 4
7653.1 0 0
7653.2 0 0
7657.1 0 1
7657.2 0 3
7657.3 0 3
7657.4 2 3
7657.5 2 3
7657.6 0 3
7657.7 0 3
7657.8 0 1
7663.1 0 0
7663.2 0 0
7663.3 0 0
7663.4 0 0
7669.1 0 0
7669.2 0 0
7671.1 0 0
7671.2 0 0
7675.1 0 0
7675.2 0 0
7677.1 3 3
7677.2 3 3
7681.1 0 1
7681.2 0 1
7687.1 0 1
7687.2 0 1
7693.1 0 0
7693.2 4 4
7693.3 6 7
7693.4 6 7
7693.5 4 4
7693.6 0 0
7696.1 2 2
7696.2 3 5
7696.3 3 5
7696.4 2 2
7699.1 0 0
7699.2 0 0
7707.1 0 1
7707.2 0 4
7707.3 0 4
7707.4 0 1
7716.1 2 2
7716.2 2 2
7717.1 0 0
7717.2 0 0
7723.1 0 0
7723.2 0 0
7725.1 2 5
7725.2 2 5
7731.1 0 1
7731.2 0 1
7732.1 5 6
7732.2 5 6
7741.1 0 0
7741.2 0 0
7744.1 11 11
7747.1 0 1
7747.2 0 1
7747.3 0 1
7747.4 0 1
7753.1 0 0
7753.2 0 0
7756.1 1 1
7756.2 2 3
7756.3 2 3
7756.4 1 1
7759.1 0 0
7759.2 0 0
7761.1 0 3
7761.2 0 2
7761.3 0 2
7761.4 0 3
7771.1 0 0
7771.2 9 9
7771.3 9 9
7771.4 0 0
7779.1 0 0
7779.2 0 0
7783.1 0 2
7783.2 0 2
7783.3 0 2
7783.4 0 2
7789.1 0 0
7789.2 0 0
7792.1 0 0
7792.2 0 0
7803.1 19 19
7804.1 0 1
7804.2 0 1
7807.1 0 1
7807.2 0 1
7807.3 0 1
7807.4 0 1
7812.1 22 22
7812.2 24 24
7812.3 24 24
7812.4 22 22
7813.1 0 0
7813.2 0 0
7813.3 0 0
7813.4 0 0
7819.1 6 7
7819.2 0 0
7819.3 0 0
7819.4 6 7
7824.1 2 2
7824.2 2 2
7825.1 0 0
7825.2 0 0
7828.1 2 2
7828.2 4 6
7828.3 4 6
7828.4 2 2
7833.1 9 12
7833.2 1 2
7833.3 1 2
7833.4 9 12
7839.1 8 8
7839.2 6 7
7839.3 6 7
7839.4 8 8
7851.1 0 1
7851.2 0 1
7852.1 6 6
7852.2 0 2
7852.3 0 2
7852.4 6 6
7857.1 6 6
7857.2 6 6
7861.1 0 0
7861.2 0 0
7861.3 0 0
7861.4 0 0
7867.1 0 1
7867.2 0 1
7869.1 0 2
7869.2 0 3
7869.3 0 3
7869.4 0 2
7873.1 0 0
7873.2 0 0
7879.1 0 0
7879.2 0 0
7884.1 21 24
7884.2 21 24
7891.1 0 1
7891.2 2 2
7891.3 2 2
7891.4 0 1
7893.1 0 1
7893.2 0 1
7900.1 0 0
7900.2 0 0
7903.1 0 0
7903.2 1 1
7903.3 1 1
7903.4 0 0
7921.1 9 9
7923.1 2 5
7923.2 2 3
7923.3 2 3
7923.4 2 5
7924.1 5 6
7924.2 8 8
7924.3 8 8
7924.4 5 6
7927.1 0 0
7927.2 0 0
7932.1 1 3
7932.2 1 3
7933.1 0 0
7933.2 0 0
7936.1 9 11
7936.2 9 11
7941.1 0 1
7941.2 0 1
7947.1 0 3
7947.2 0 3
7948.1 0 4
7948.2 0 4
7951.1 0 1
7951.2 0 1
7957.1 2 2
7957.2 3 3
7957.3 3 3
7957.4 2 2
7959.1 8 12
7959.2 15 16
7959.3 15 16
7959.4 8 12
7963.1 0 0
7963.2 0 0
7969.1 2 3
7969.2 9 9
7969.3 9 9
7969.4 2 3
7972.1 0 0
7972.2 0 0
7977.1 0 0
7977.2 0 0
7984.1 0 2
7984.2 0 2
7987.1 0 0
7987.2 2 3
7987.3 0 0
7987.4 0 0
7987.5 2 3
7987.6 0 0
7993.1 0 0
7993.2 0 0
7996.1 4 4
7996.2 4 4
7999.1 0 4
7999.2 0 3
7999.3 0 3
7999.4 0 4
8001.1 1 2
8001.2 1 3
8001.3 1 3
8001.4 1 2
8011.1 0 0
8011.2 0 0
8013.1 0 0
8013.2 0 0
8017.1 1 1
8017.2 1 1
8028.1 4 12
8028.2 4 12
8029.1 1 1
8029.2 4 5
8029.3 4 6
8029.4 0 1
8029.5 0 1
8029.6 4 6
8029.7 4 5
8029.8 1 1
8031.1 0 0
8031.2 0 0
8044.1 0 0
8044.2 0 0
8047.1 0 0
8047.2 0 0
8047.3 0 0
8047.4 0 0
8049.1 0 1
8049.2 0 1
8053.1 0 0
8053.2 0 0
8059.1 0 0
8059.2 0 0
8067.1 2 4
8067.2 2 4
8068.1 0 2
8068.2 0 2
8071.1 0 0
8071.2 2 2
8071.3 2 2
8071.4 0 0
8076.1 9 10
8076.2 9 10
8089.1 0 0
8089.2 0 0
8092.1 9 10
8092.2 9 10
8100.1 29 29
8101.1 0 0
8101.2 0 0
8103.1 4 4
8103.2 6 8
8103.3 6 8
8103.4 4 4
8107.1 4 4
8107.2 4 4
8112.1 0 0
8112.2 27 27
8112.3 0 0
8113.1 1 2
8113.2 0 2
8113.3 2 3
8113.4 0 1
8113.5 0 1
8113.6 2 3
8113.7 0 2
8113.8 1 2
8116.1 0 3
8116.2 0 3
8121.1 0 2
8121.2 0 2
8125.1 0 0
8125.2 0 0
8127.1 5 8
8127.2 7 9
8127.3 7 9
8127.4 5 8
8128.1 6 7
8128.2 6 7
8137.1 0 2
8137.2 1 2
8137.3 1 2
8137.4 0 2
8139.1 0 0
8139.2 0 0
8148.1 14 15
8148.2 9 9
8148.3 9 9
8148.4 14 15
8157.1 0 0
8157.2 0 0
8161.1 1 1
8161.2 1 1
8163.1 0 0
8163.2 0 0
8164.1 0 2
8164.2 2 3
8164.3 2 3
8164.4 0 2
8167.1 0 0
8167.2 0 0
8175.1 3 4
8175.2 3 4
8176.1 8 8
8176.2 6 6
8176.3 6 6
8176.4 8 8
8179.1 2 2
8179.2 2 2
8191.1 0 1
8191.2 0 1
8193.1 2 3
8193.2 2 3
8197.1 2 2
8197.2 0 0
8197.3 0 0
8197.4 2 2
8203.1 0 1
8203.2 0 1
8203.3 0 1
8203.4 0 1
8208.1 16 16
8208.2 16 16
8209.1 1 1
8209.2 1 1
8212.1 0 0
8212.2 0 0
8221.1 0 0
8221.2 0 0
8227.1 0 0
8227.2 0 0
8227.3 0 0
8227.4 0 0
8229.1 0 2
8229.2 5 9
8229.3 5 9
8229.4 0 2
8233.1 0 2
8233.2 0 2
8244.1 4 8
8244.2 4 8
8247.1 0 0
8247.2 0 0
8251.1 0 0
8251.2 0 1
8251.3 0 1
8251.4 0 0
8256.1 3 5
8256.2 3 5
8263.1 0 0
8263.2 0 0
8269.1 0 0
8269.2 0 0
8271.1 9 9
8271.2 9 9
8275.1 0 0
8275.2 0 0
8281.1 2 4
8281.2 1 6
8281.3 6 8
8281.4 4 4
8281.5 7 9
8281.6 4 4
8281.7 6 8
8281.8 1 6
8281.9 2 4
8284.1 2 2
8284.2 0 0
8284.3 0 0
8284.4 2 2
8287.1 0 0
8287.2 0 0
8289.1 3 5
8289.2 3 5
8292.1 0 0
8292.2 0 0
8293.1 0 0
8293.2 0 0
8299.1 0 2
8299.2 0 2
8299.3 0 2
8299.4 0 2
8301.1 0 0
8301.2 0 0
8308.1 2 4
8308.2 4 6
8308.3 4 6
8308.4 2 4
8311.1 0 0
8311.2 0 0
8317.1 0 2
8317.2 0 2
8325.1 4 5
8325.2 4 5
8329.1 0 0
8329.2 0 0
8332.1 0 1
8332.2 0 1
8337.1 2 2
8337.2 2 4
8337.3 2 4
8337.4 2 2
8341.1 0 0
8341.2 0 1
8341.3 0 1
8341.4 0 0
8343.1 0 3
8343.2 0 3
8353.1 0 1
8353.2 0 1
8356.1 0 0
8356.2 0 0
8359.1 0 1
8359.2 0 2
8359.3 0 2
8359.4 0 1
8368.1 7 7
8368.2 7 7
8373.1 0 1
8373.2 0 1
8377.1 0 0
8377.2 0 0
8379.1 12 13
8379.2 15 18
8379.3 22 23
8379.4 22 23
8379.5 15 18
8379.6 12 13
8389.1 0 1
8389.2 0 1
8391.1 0 3
8391.2 0 3
8400.1 18 18
8400.2 18 18
8401.1 0 1
8401.2 1 1
8401.3 1 1
8401.4 0 1
8407.1 0 5
8407.2 0 4
8407.3 0 4
8407.4 0 5
8409.1 0 0
8409.2 0 0
8419.1 0 0
8419.2 0 0
8425.1 0 1
8425.2 0 1
8427.1 17 17
8428.1 7 14
8428.2 4 9
8428.3 7 11
8428.4 7 11
8428.5 4 9
8428.6 7 14
8431.1 0 0
8431.2 0 0
8433.1 1 1
8433.2 1 1
8436.1 5 5
8436.2 9 10
8436.3 9 10
8436.4 5 5
8443.1 0 1
8443.2 0 1
8451.1 5 6
8451.2 5 6
8452.1 5 9
8452.2 5 9
8461.1 0 1
8461.2 0 1
8463.1 9 11
8463.2 14 14
8463.3 11 11
8463.4 4 4
8463.5 4 4
8463.6 11 11
8463.7 14 14
8463.8 9 11
8464.1 12 16
8467.1 0 0
8467.2 0 0
8473.1 0 0
8473.2 1 1
8473.3 1 1
8473.4 0 0
8476.1 0 1
8476.2 1 1
8476.3 1 1
8476.4 0 1
8479.1 0 1
8479.2 0 2
8479.3 0 2
8479.4 0 1
8491.1 0 0
8491.2 0 0
8491.3 0 0
8491.4 0 0
8499.1 1 1
8499.2 1 1
8508.1 0 1
8508.2 0 1
8509.1 0 1
8509.2 0 1
8509.3 0 1
8509.4 0 1
8512.1 0 0
8512.2 7 8
8512.3 7 8
8512.4 0 0
8521.1 4 4
8521.2 4 4
8524.1 0 1
8524.2 0 1
8527.1 0 2
8527.2 0 2
8532.1 1 7
8532.2 1 7
8539.1 0 0
8539.2 0 0
8541.1 8 10
8541.2 13 14
8541.3 13 14
8541.4 8 10
8548.1 0 0
8548.2 0 0
8553.1 0 0
8553.2 0 0
8557.1 0 4
8557.2 0 1
8557.3 0 1
8557.4 0 4
8563.1 0 1
8563.2 0 1
8571.1 2 3
8571.2 2 3
8572.1 0 1
8572.2 0 1
8575.1 0 1
8575.2 12 13
8575.3 12 13
8575.4 0 1
8581.1 0 2
8581.2 0 2
8587.1 0 1
8587.2 0 0
8587.3 0 0
8587.4 0 1
8589.1 1 2
8589.2 0 0
8589.3 0 0
8589.4 1 2
8593.1 0 0
8593.2 0 1
8593.3 0 1
8593.4 0 0
8596.1 8 12
8596.2 2 5
8596.3 2 5
8596.4 8 12
8599.1 0 0
8599.2 0 0
8607.1 0 0
8607.2 0 2
8607.3 0 2
8607.4 0 0
8611.1 0 1
8611.2 1 1
8611.3 1 1
8611.4 0 1
8617.1 0 0
8617.2 0 0
8617.3 0 0
8617.4 0 0
8623.1 0 0
8623.2 0 0
8629.1 0 1
8629.2 0 1
8641.1 0 0
8641.2 0 0
8643.1 0 1
8643.2 0 3
8643.3 0 3
8643.4 0 1
8644.1 0 0
8644.2 0 0
8647.1 0 0
8647.2 0 0
8649.1 3 4
8649.2 19 19
8649.3 3 4
8652.1 9 9
8652.2 14 15
8652.3 14 15
8652.4 9 9
8656.1 0 0
8656.2 0 0
8659.1 0 3
8659.2 0 3
8659.3 0 3
8659.4 0 3
8661.1 0 0
8661.2 0 0
8676.1 17 18
8676.2 17 18
8677.1 0 0
8677.2 0 0
8683.1 0 2
8683.2 0 2
8683.3 0 2
8683.4 0 2
8688.1 0 2
8688.2 0 2
8689.1 0 0
8689.2 0 0
8697.1 5 11
8697.2 0 8
8697.3 0 8
8697.4 5 11
8703.1 0 2
8703.2 0 2
8707.1 0 0
8707.2 0 0
8713.1 0 0
8713.2 0 0
8716.1 1 5
8716.2 1 5
8719.1 0 1
8719.2 0 1
8724.1 2 5
8724.2 2 5
8725.1 0 2
8725.2 0 2
8731.1 0 0
8731.2 0 0
8737.1 0 2
8737.2 0 2
8743.1 4 5
8743.2 4 4
8743.3 4 4
8743.4 4 5
8748.1 18 18
8749.1 3 4
8749.2 2 3
8749.3 2 3
8749.4 3 4
8751.1 0 0
8751.2 0 0
8752.1 3 4
8752.2 3 4
8757.1 10 12
8757.2 10 11
8757.3 10 11
8757.4 10 12
8761.1 0 0
8761.2 0 0
8764.1 0 4
8764.2 6 6
8764.3 6 6
8764.4 0 4
8769.1 0 2
8769.2 0 0
8769.3 0 0
8769.4 0 2
8773.1 5 5
8773.2 2 2
8773.3 2 2
8773.4 5 5
8775.1 9 13
8775.2 9 13
8779.1 0 1
8779.2 0 1
8784.1 3 3
8784.2 3 3
8788.1 0 0
8788.2 6 12
8788.3 6 12
8788.4 0 0
8796.1 4 7
8796.2 4 7
8797.1 0 2
8797.2 0 1
8797.3 0 1
8797.4 0 2
8803.1 0 0
8803.2 0 0
8812.1 0 0
8812.2 0 0
8821.1 0 1
8821.2 0 1
8827.1 2 3
8827.2 6 7
8827.3 2 3
8827.4 2 3
8827.5 2 3
8827.6 2 3
8827.7 6 7
8827.8 2 3
8829.1 3 8
8829.2 3 8
8833.1 5 5
8833.2 5 5
8836.1 15 19
8839.1 0 0
8839.2 0 0
8841.1 5 8
8841.2 7 14
8841.3 7 14
8841.4 5 8
8848.1 0 0
8848.2 6 8
8848.3 6 8
8848.4 0 0
8859.1 3 7
8859.2 3 7
8863.1 0 1
8863.2 0 1
8868.1 6 13
8868.2 6 13
8869.1 0 0
8869.2 0 4
8869.3 0 1
8869.4 0 1
8869.5 0 4
8869.6 0 0
8884.1 2 2
8884.2 2 2
8887.1 0 0
8887.2 0 0
8892.1 22 25
8892.2 11 13
8892.3 11 13
8892.4 22 25
8893.1 1 1
8893.2 1 1
8896.1 0 4
8896.2 0 4
8911.1 0 2
8911.2 0 0
8911.3 0 0
8911.4 1 3
8911.5 1 3
8911.6 0 0
8911.7 0 0
8911.8 0 2
8913.1 0 0
8913.2 0 0
8917.1 3 3
8917.2 2 2
8917.3 2 2
8917.4 3 3
8919.1 2 2
8919.2 2 2
8923.1 0 1
8923.2 0 1
8929.1 0 0
8929.2 0 0
8931.1 2 4
8931.2 0 2
8931.3 0 2
8931.4 2 4
8937.1 0 8
8937.2 0 8
8941.1 0 0
8941.2 0 0
8944.1 0 4
8944.2 0 4
8944.3 0 4
8944.4 0 4
8949.1 0 6
8949.2 0 2
8949.3 0 2
8949.4 0 6
8953.1 0 1
8953.2 1 1
8953.3 1 1
8953.4 0 1
8956.1 1 3
8956.2 1 3
8959.1 2 3
8959.2 2 3
8967.1 12 12
8967.2 3 5
8967.3 4 4
8967.4 4 4
8967.5 3 5
8967.6 12 12
8971.1 0 0
8971.2 0 0
8973.1 0 5
8973.2 0 5
8983.1 0 1
8983.2 0 0
8983.3 0 0
8983.4 0 1
8991.1 7 7
8991.2 7 7
9001.1 0 2
9001.2 0 2
9003.1 1 1
9003.2 1 1
9004.1 0 1
9004.2 0 1
9007.1 0 0
9007.2 0 0
9012.1 0 1
9012.2 0 1
9013.1 0 0
9013.2 0 0
9021.1 1 1
9021.2 2 2
9021.3 2 2
9021.4 1 1
9025.1 4 5
9025.2 15 15
9025.3 4 5
9028.1 0 0
9028.2 0 0
9028.3 0 0
9028.4 0 0
9037.1 0 1
9037.2 0 0
9037.3 0 0
9037.4 0 1
9043.1 0 0
9043.2 0 0
9049.1 0 0
9049.2 0 0
9052.1 7 10
9052.2 6 6
9052.3 6 6
9052.4 7 10
9057.1 2 4
9057.2 2 4
9067.1 0 0
9067.2 0 0
9072.1 13 13
9072.2 13 13
9073.1 1 6
9073.2 0 3
9073.3 0 3
9073.4 1 6
9075.1 21 21
9076.1 0 3
9076.2 0 3
9079.1 1 1
9079.2 2 2
9079.3 2 2
9079.4 1 1
9081.1 3 4
9081.2 3 4
9084.1 7 9
9084.2 7 9
9091.1 0 0
9091.2 0 0
9093.1 3 3
9093.2 0 0
9093.3 0 0
9093.4 3 3
9099.1 0 1
9099.2 0 1
9100.1 2 4
9100.2 6 8
9100.3 6 8
9100.4 2 4
9103.1 0 0
9103.2 0 0
9109.1 2 2
9109.2 2 2
9111.1 0 0
9111.2 0 0
9121.1 0 1
9121.2 1 5
9121.3 1 5
9121.4 0 1
9124.1 2 6
9124.2 2 6
9127.1 0 0
9127.2 0 0
9133.1 0 0
9133.2 0 0
9136.1 2 2
9136.2 2 2
9139.1 0 2
9139.2 4 5
9139.3 2 2
9139.4 3 3
9139.5 3 3
9139.6 2 2
9139.7 4 5
9139.8 0 2
9147.1 0 0
9147.2 0 0
9148.1 3 3
9148.2 3 3
9151.1 1 2
9151.2 1 2
9156.1 2 3
9156.2 4 11
9156.3 4 11
9156.4 2 3
9157.1 0 1
9157.2 0 1
9172.1 0 0
9172.2 0 0
9175.1 1 1
9175.2 1 1
9181.1 0 0
9181.2 0 0
9183.1 0 2
9183.2 0 2
9187.1 0 0
9187.2 0 0
9189.1 5 6
9189.2 5 6
9196.1 4 6
9196.2 4 6
9199.1 0 1
9199.2 0 1
9201.1 0 1
9201.2 0 1
9211.1 0 0
9211.2 0 0
9211.3 0 0
9211.4 0 0
9216.1 36 36
9217.1 0 0
9217.2 3 3
9217.3 3 3
9217.4 0 0
9219.1 2 2
9219.2 1 2
9219.3 1 2
9219.4 2 2
9228.1 2 4
9228.2 2 4
9232.1 5 5
9232.2 5 5
9237.1 2 2
9237.2 2 2
9241.1 0 2
9241.2 0 2
9243.1 4 8
9243.2 2 6
9243.3 2 6
9243.4 4 8
9244.1 0 1
9244.2 0 1
9247.1 0 2
9247.2 0 0
9247.3 0 0
9247.4 0 2
9253.1 0 0
9253.2 0 0
9253.3 0 0
9253.4 0 0
9261.1 0 1
9261.2 22 25
9261.3 22 25
9261.4 0 1
9264.1 8 8
9264.2 8 8
9268.1 0 5
9268.2 0 2
9268.3 0 2
9268.4 0 5
9271.1 2 3
9271.2 2 4
9271.3 2 4
9271.4 2 3
9277.1 0 0
9277.2 0 0
9283.1 0 2
9283.2 0 2
9289.1 0 0
9289.2 2 2
9289.3 2 2
9289.4 0 0
9291.1 3 5
9291.2 9 9
9291.3 9 9
9291.4 3 5
9297.1 0 1
9297.2 0 1
9300.1 14 15
9300.2 14 15
9313.1 1 2
9313.2 0 5
9313.3 0 5
9313.4 1 2
9319.1 0 0
9319.2 0 0
9324.1 4 8
9324.2 14 18
9324.3 14 18
9324.4 4 8
9325.1 0 1
9325.2 0 1
9327.1 0 1
9327.2 0 1
9331.1 3 5
9331.2 4 5
9331.3 2 4
9331.4 1 2
9331.5 1 2
9331.6 2 4
9331.7 4 5
9331.8 3 5
9337.1 0 0
9337.2 0 0
9343.1 0 1
9343.2 0 1
9349.1 0 0
9349.2 0 0
9351.1 0 0
9351.2 0 0
9363.1 3 3
9363.2 3 3
9364.1 1 1
9364.2 1 1
9373.1 0 2
9373.2 2 2
9373.3 0 1
9373.4 2 2
9373.5 2 2
9373.6 0 1
9373.7 2 2
9373.8 0 2
9388.1 0 1
9388.2 0 1
9391.1 0 0
9391.2 0 0
9397.1 0 1
9397.2 0 1
9399.1 10 10
9399.2 21 21
9399.3 21 21
9399.4 10 10
9403.1 0 0
9403.2 0 0
9408.1 15 18
9408.2 39 39
9408.3 15 18
9409.1 0 0
9409.2 7 7
9409.3 0 0
9412.1 0 2
9412.2 2 4
9412.3 2 4
9412.4 0 2
9417.1 8 10
9417.2 4 5
9417.3 4 5
9417.4 8 10
9421.1 0 1
9421.2 0 1
9423.1 1 6
9423.2 1 6
9424.1 4 4
9424.2 6 10
9424.3 6 10
9424.4 4 4
9433.1 0 1
9433.2 0 1
9436.1 4 5
9436.2 2 3
9436.3 2 3
9436.4 4 5
9439.1 0 0
9439.2 0 0
9444.1 4 10
9444.2 4 10
9451.1 0 2
9451.2 0 3
9451.3 0 3
9451.4 0 2
9457.1 0 6
9457.2 0 5
9457.3 1 7
9457.4 1 7
9457.5 0 5
9457.6 0 6
9459.1 4 7
9459.2 4 7
9463.1 0 0
9463.2 0 0
9472.1 2 6
9472.2 2 6
9475.1 2 3
9475.2 2 3
9477.1 3 3
9477.2 3 3
9481.1 0 1
9481.2 0 0
9481.3 0 0
9481.4 0 1
9484.1 2 2
9484.2 2 2
9489.1 0 1
9489.2 0 1
9507.1 0 3
9507.2 0 3
9508.1 4 4
9508.2 4 4
9511.1 2 3
9511.2 2 3
9513.1 1 6
9513.2 0 0
9513.3 0 0
9513.4 1 6
9516.1 19 19
9516.2 2 7
9516.3 2 7
9516.4 19 19
9517.1 0 1
9517.2 0 0
9517.3 0 0
9517.4 0 1
9525.1 4 7
9525.2 4 7
9529.1 0 0
9529.2 0 0
9529.3 0 0
9529.4 0 0
9532.1 0 1
9532.2 0 1
9543.1 2 2
9543.2 2 2
9547.1 0 0
9547.2 0 0
9552.1 4 9
9552.2 4 9
9556.1 0 1
9556.2 0 1
9559.1 2 3
9559.2 2 3
9561.1 2 2
9561.2 2 2
9567.1 0 0
9567.2 0 0
9577.1 0 3
9577.2 0 0
9577.3 0 0
9577.4 0 3
9579.1 0 0
9579.2 0 2
9579.3 0 2
9579.4 0 0
9583.1 0 0
9583.2 4 5
9583.3 0 0
9583.4 0 0
9583.5 4 5
9583.6 0 0
9589.1 0 2
9589.2 0 4
9589.3 0 4
9589.4 0 2
9597.1 0 4
9597.2 2 7
9597.3 2 7
9597.4 0 4
9601.1 0 0
9601.2 0 0
9604.1 0 1
9604.2 7 8
9604.3 21 21
9604.4 7 8
9604.5 0 1
9607.1 0 1
9607.2 0 0
9607.3 0 0
9607.4 0 1
9613.1 0 1
9613.2 0 1
9616.1 0 0
9616.2 0 0
9619.1 0 1
9619.2 0 1
9621.1 0 4
9621.2 0 4
9631.1 0 0
9631.2 0 0
9633.1 5 9
9633.2 10 10
9633.3 10 11
9633.4 10 11
9633.5 10 10
9633.6 5 9
9643.1 0 0
9643.2 0 0
9648.1 7 8
9648.2 7 8
9649.1 0 0
9649.2 0 0
9651.1 2 2
9651.2 2 2
9652.1 2 5
9652.2 0 1
9652.3 0 1
9652.4 2 5
9661.1 0 2
9661.2 0 2
9664.1 6 7
9664.2 6 7
9667.1 0 0
9667.2 0 1
9667.3 0 1
9667.4 0 0
9675.1 14 15
9675.2 14 15
9679.1 0 0
9679.2 0 0
9687.1 0 0
9687.2 0 0
9697.1 0 1
9697.2 0 1
9700.1 2 2
9700.2 2 2
9703.1 0 0
9703.2 0 0
9703.3 0 0
9703.4 0 0
9709.1 4 6
9709.2 4 5
9709.3 4 4
9709.4 4 4
9709.5 4 4
9709.6 4 4
9709.7 4 5
9709.8 4 6
9712.1 0 0
9712.2 0 0
9721.1 0 0
9721.2 0 0
9723.1 9 11
9723.2 9 10
9723.3 9 10
9723.4 9 11
9732.1 2 2
9732.2 2 2
9733.1 0 1
9733.2 0 1
9739.1 0 0
9739.2 0 0
9747.1 11 11
9747.2 35 35
9747.3 11 11
9748.1 0 3
9748.2 0 3
9751.1 0 2
9751.2 6 10
9751.3 3 5
9751.4 3 5
9751.5 6 10
9751.6 0 2
9756.1 4 5
9756.2 4 5
9759.1 0 0
9759.2 0 0
9763.1 0 1
9763.2 0 1
9763.3 0 1
9763.4 0 1
9769.1 0 1
9769.2 0 1
9772.1 11 13
9772.2 4 6
9772.3 4 6
9772.4 11 13
9777.1 0 0
9777.2 0 0
9781.1 0 0
9781.2 0 0
9783.1 0 0
9783.2 0 0
9787.1 0 3
9787.2 0 3
9793.1 0 2
9793.2 0 0
9793.3 0 0
9793.4 0 2
9796.1 2 5
9796.2 3 3
9796.3 3 3
9796.4 2 5
9801.1 23 23
9804.1 6 17
9804.2 7 8
9804.3 7 8
9804.4 6 17
9808.1 6 6
9808.2 6 6
9811.1 0 0
9811.2 0 0
9813.1 0 0
9813.2 0 0
9817.1 0 0
9817.2 0 0
9828.1 20 20
9828.2 19 20
9828.3 19 20
9828.4 20 20
9829.1 0 1
9829.2 0 1
9837.1 3 4
9837.2 3 4
9841.1 2 4
9841.2 3 4
9841.3 3 4
9841.4 2 4
9847.1 0 2
9847.2 2 3
9847.3 2 3
9847.4 0 2
9849.1 7 9
9849.2 7 12
9849.3 5 5
9849.4 5 5
9849.5 7 12
9849.6 7 9
9859.1 0 0
9859.2 0 0
9868.1 0 2
9868.2 0 2
9871.1 0 3
9871.2 0 3
9876.1 1 6
9876.2 1 6
9883.1 0 0
9883.2 0 0
9891.1 4 7
9891.2 13 14
9891.3 13 14
9891.4 4 7
9892.1 4 5
9892.2 4 5
9901.1 0 0
9901.2 0 0
9903.1 0 0
9903.2 0 0
9904.1 0 4
9904.2 0 4
9907.1 0 0
9907.2 0 0
9909.1 1 3
9909.2 1 3
9916.1 0 0
9916.2 0 5
9916.3 0 5
9916.4 0 0
9919.1 2 4
9919.2 4 5
9919.3 2 2
9919.4 3 7
9919.5 3 7
9919.6 2 2
9919.7 4 5
9919.8 2 4
9921.1 0 0
9921.2 0 0
9925.1 0 0
9925.2 0 0
9931.1 1 1
9931.2 1 1
9937.1 2 2
9937.2 2 2
9937.3 2 2
9937.4 2 2
9939.1 1 2
9939.2 1 2
9943.1 0 2
9943.2 0 1
9943.3 0 1
9943.4 0 2
9948.1 0 0
9948.2 0 0
9949.1 0 1
9949.2 0 1
9957.1 0 3
9957.2 0 3
9961.1 0 2
9961.2 0 2
9961.3 0 2
9961.4 0 2
9967.1 0 0
9967.2 0 0
9972.1 0 2
9972.2 0 2
9973.1 0 0
9973.2 0 0
9975.1 16 21
9975.2 14 17
9975.3 14 17
9975.4 16 21
9984.1 27 27
9984.2 27 27
9991.1 0 1
9991.2 0 0
9991.3 0 0
9991.4 0 1
9993.1 0 0
9993.2 0 0
9997.1 0 0
9997.2 1 2
9997.3 1 2
9997.4 0 0
10000.1 7 7
